Component: ARM Compiler 5.05 update 1 (build 106) Tool: armlink [4d0efa]

==============================================================================

Section Cross References

    main.o(.text) refers to _printf_pad.o(.text) for _printf_pre_padding
    main.o(.text) refers to _printf_percent.o(.ARM.Collect$$_printf_percent$$00000000) for _printf_percent
    main.o(.text) refers to _printf_d.o(.ARM.Collect$$_printf_percent$$00000009) for _printf_d
    main.o(.text) refers to _printf_dec.o(.text) for _printf_int_dec
    main.o(.text) refers to misc.o(.text) for NVIC_PriorityGroupConfig
    main.o(.text) refers to delay.o(.text) for delay_init
    main.o(.text) refers to usart.o(.text) for uart_init
    main.o(.text) refers to led.o(.text) for LED_Init
    main.o(.text) refers to lcd.o(.text) for LCD_Init
    main.o(.text) refers to rtc.o(.text) for My_RTC_Init
    main.o(.text) refers to stm32f4xx_rtc.o(.text) for RTC_GetTime
    main.o(.text) refers to noretval__2sprintf.o(.text) for __2sprintf
    main.o(.text) refers to usmart_config.o(.data) for usmart_dev
    main.o(.text) refers to lcd.o(.data) for POINT_COLOR
    main.o(.text) refers to usart.o(.data) for RE
    system_stm32f4xx.o(.text) refers to system_stm32f4xx.o(.data) for SystemCoreClock
    led.o(.text) refers to stm32f4xx_rcc.o(.text) for RCC_AHB1PeriphClockCmd
    led.o(.text) refers to stm32f4xx_gpio.o(.text) for GPIO_Init
    lcd.o(.text) refers to _printf_percent.o(.ARM.Collect$$_printf_percent$$00000000) for _printf_percent
    lcd.o(.text) refers to _printf_x.o(.ARM.Collect$$_printf_percent$$0000000C) for _printf_x
    lcd.o(.text) refers to _printf_hex_int.o(.text) for _printf_longlong_hex
    lcd.o(.text) refers to delay.o(.text) for delay_us
    lcd.o(.text) refers to lcd.o(.bss) for lcddev
    lcd.o(.text) refers to lcd.o(.data) for POINT_COLOR
    lcd.o(.text) refers to dflt_clz.o(x$fpl$dfltu) for __aeabi_ui2d
    lcd.o(.text) refers to dmul.o(x$fpl$dmul) for __aeabi_dmul
    lcd.o(.text) refers to dfixu.o(x$fpl$dfixu) for __aeabi_d2uiz
    lcd.o(.text) refers to stm32f4xx_rcc.o(.text) for RCC_AHB1PeriphClockCmd
    lcd.o(.text) refers to stm32f4xx_gpio.o(.text) for GPIO_Init
    lcd.o(.text) refers to stm32f4xx_fsmc.o(.text) for FSMC_NORSRAMInit
    lcd.o(.text) refers to noretval__2printf.o(.text) for __2printf
    lcd.o(.text) refers to lcd.o(.constdata) for asc2_1206
    rtc.o(.text) refers to stm32f4xx_rtc.o(.text) for RTC_SetTime
    rtc.o(.text) refers to stm32f4xx_rcc.o(.text) for RCC_APB1PeriphClockCmd
    rtc.o(.text) refers to stm32f4xx_pwr.o(.text) for PWR_BackupAccessCmd
    rtc.o(.text) refers to delay.o(.text) for delay_ms
    rtc.o(.text) refers to stm32f4xx_exti.o(.text) for EXTI_ClearITPendingBit
    rtc.o(.text) refers to misc.o(.text) for NVIC_Init
    rtc.o(.text) refers to noretval__2printf.o(.text) for __2printf
    rtc.o(.text) refers to rtc.o(.data) for NVIC_InitStructure
    delay.o(.text) refers to misc.o(.text) for SysTick_CLKSourceConfig
    delay.o(.text) refers to delay.o(.data) for fac_us
    usart.o(.rev16_text) refers (Special) to use_no_semi_2.o(.text) for __use_no_semihosting
    usart.o(.revsh_text) refers (Special) to use_no_semi_2.o(.text) for __use_no_semihosting
    usart.o(.text) refers (Special) to use_no_semi_2.o(.text) for __use_no_semihosting
    usart.o(.text) refers to stm32f4xx_rcc.o(.text) for RCC_AHB1PeriphClockCmd
    usart.o(.text) refers to stm32f4xx_gpio.o(.text) for GPIO_PinAFConfig
    usart.o(.text) refers to stm32f4xx_usart.o(.text) for USART_Init
    usart.o(.text) refers to misc.o(.text) for NVIC_Init
    usart.o(.text) refers to usart.o(.data) for re
    usart.o(.bss) refers (Special) to use_no_semi_2.o(.text) for __use_no_semihosting
    usart.o(.data) refers (Special) to use_no_semi_2.o(.text) for __use_no_semihosting
    startup_stm32f40_41xxx.o(STACK) refers (Special) to heapauxi.o(.text) for __use_two_region_memory
    startup_stm32f40_41xxx.o(HEAP) refers (Special) to heapauxi.o(.text) for __use_two_region_memory
    startup_stm32f40_41xxx.o(RESET) refers (Special) to heapauxi.o(.text) for __use_two_region_memory
    startup_stm32f40_41xxx.o(RESET) refers to startup_stm32f40_41xxx.o(STACK) for __initial_sp
    startup_stm32f40_41xxx.o(RESET) refers to startup_stm32f40_41xxx.o(.text) for Reset_Handler
    startup_stm32f40_41xxx.o(RESET) refers to stm32f4xx_it.o(.text) for NMI_Handler
    startup_stm32f40_41xxx.o(RESET) refers to rtc.o(.text) for RTC_WKUP_IRQHandler
    startup_stm32f40_41xxx.o(RESET) refers to usmart.o(.text) for TIM4_IRQHandler
    startup_stm32f40_41xxx.o(RESET) refers to usart.o(.text) for USART1_IRQHandler
    startup_stm32f40_41xxx.o(.text) refers (Special) to heapauxi.o(.text) for __use_two_region_memory
    startup_stm32f40_41xxx.o(.text) refers to system_stm32f4xx.o(.text) for SystemInit
    startup_stm32f40_41xxx.o(.text) refers to __main.o(!!!main) for __main
[...]
    .ARM.Collect$$libinit$$0000000C          0x08080264   Section        0  libinit2.o(.ARM.Collect$$libinit$$0000000C)
    .ARM.Collect$$libinit$$0000000E          0x08080264   Section        0  libinit2.o(.ARM.Collect$$libinit$$0000000E)
    .ARM.Collect$$libinit$$00000011          0x08080264   Section        0  libinit2.o(.ARM.Collect$$libinit$$00000011)
    .ARM.Collect$$libinit$$00000013          0x08080264   Section        0  libinit2.o(.ARM.Collect$$libinit$$00000013)
    .ARM.Collect$$libinit$$00000015          0x08080264   Section        0  libinit2.o(.ARM.Collect$$libinit$$00000015)
    .ARM.Collect$$libinit$$00000017          0x08080264   Section        0  libinit2.o(.ARM.Collect$$libinit$$00000017)
    .ARM.Collect$$libinit$$00000019          0x08080264   Section        0  libinit2.o(.ARM.Collect$$libinit$$00000019)
    .ARM.Collect$$libinit$$0000001B          0x08080264   Section        0  libinit2.o(.ARM.Collect$$libinit$$0000001B)
    .ARM.Collect$$libinit$$0000001D          0x08080264   Section        0  libinit2.o(.ARM.Collect$$libinit$$0000001D)
    .ARM.Collect$$libinit$$0000001F          0x08080264   Section        0  libinit2.o(.ARM.Collect$$libinit$$0000001F)
    .ARM.Collect$$libinit$$00000021          0x08080264   Section        0  libinit2.o(.ARM.Collect$$libinit$$00000021)
    .ARM.Collect$$libinit$$00000023          0x08080264   Section        0  libinit2.o(.ARM.Collect$$libinit$$00000023)
    .ARM.Collect$$libinit$$00000025          0x08080264   Section        0  libinit2.o(.ARM.Collect$$libinit$$00000025)
    .ARM.Collect$$libinit$$0000002C          0x08080264   Section        0  libinit2.o(.ARM.Collect$$libinit$$0000002C)
    .ARM.Collect$$libinit$$0000002E          0x08080264   Section        0  libinit2.o(.ARM.Collect$$libinit$$0000002E)
    .ARM.Collect$$libinit$$00000030          0x08080264   Section        0  libinit2.o(.ARM.Collect$$libinit$$00000030)
    .ARM.Collect$$libinit$$00000032          0x08080264   Section        0  libinit2.o(.ARM.Collect$$libinit$$00000032)
    .ARM.Collect$$libinit$$00000033          0x08080264   Section        2  libinit2.o(.ARM.Collect$$libinit$$00000033)
    .ARM.Collect$$libshutdown$$00000000      0x08080266   Section        2  libshutdown.o(.ARM.Collect$$libshutdown$$00000000)
    .ARM.Collect$$libshutdown$$00000003      0x08080268   Section        0  libshutdown2.o(.ARM.Collect$$libshutdown$$00000003)
    .ARM.Collect$$libshutdown$$00000006      0x08080268   Section        0  libshutdown2.o(.ARM.Collect$$libshutdown$$00000006)
    .ARM.Collect$$libshutdown$$00000009      0x08080268   Section        0  libshutdown2.o(.ARM.Collect$$libshutdown$$00000009)
    .ARM.Collect$$libshutdown$$0000000B      0x08080268   Section        0  libshutdown2.o(.ARM.Collect$$libshutdown$$0000000B)
    .ARM.Collect$$libshutdown$$0000000E      0x08080268   Section        0  libshutdown2.o(.ARM.Collect$$libshutdown$$0000000E)
    .ARM.Collect$$libshutdown$$0000000F      0x08080268   Section        2  libshutdown2.o(.ARM.Collect$$libshutdown$$0000000F)
    .ARM.Collect$$rtentry$$00000000          0x0808026a   Section        0  __rtentry.o(.ARM.Collect$$rtentry$$00000000)
    .ARM.Collect$$rtentry$$00000002          0x0808026a   Section        0  __rtentry2.o(.ARM.Collect$$rtentry$$00000002)
    .ARM.Collect$$rtentry$$00000004          0x0808026a   Section        6  __rtentry4.o(.ARM.Collect$$rtentry$$00000004)
    .ARM.Collect$$rtentry$$00000009          0x08080270   Section        0  __rtentry2.o(.ARM.Collect$$rtentry$$00000009)
    .ARM.Collect$$rtentry$$0000000A          0x08080270   Section        4  __rtentry2.o(.ARM.Collect$$rtentry$$0000000A)
    .ARM.Collect$$rtentry$$0000000C          0x08080274   Section        0  __rtentry2.o(.ARM.Collect$$rtentry$$0000000C)
    .ARM.Collect$$rtentry$$0000000D          0x08080274   Section        8  __rtentry2.o(.ARM.Collect$$rtentry$$0000000D)
    .ARM.Collect$$rtexit$$00000000           0x0808027c   Section        2  rtexit.o(.ARM.Collect$$rtexit$$00000000)
    .ARM.Collect$$rtexit$$00000002           0x0808027e   Section        0  rtexit2.o(.ARM.Collect$$rtexit$$00000002)
    .ARM.Collect$$rtexit$$00000003           0x0808027e   Section        4  rtexit2.o(.ARM.Collect$$rtexit$$00000003)
    .ARM.Collect$$rtexit$$00000004           0x08080282   Section        6  rtexit2.o(.ARM.Collect$$rtexit$$00000004)
    .text                                    0x08080288   Section        0  main.o(.text)
    .text                                    0x08080490   Section        0  stm32f4xx_it.o(.text)
    .text                                    0x080804ac   Section        0  system_stm32f4xx.o(.text)
    SetSysClock                              0x080804ad   Thumb Code   220  system_stm32f4xx.o(.text)
    .text                                    0x080806bc   Section        0  led.o(.text)
    .text                                    0x080806fc   Section        0  lcd.o(.text)
    .text                                    0x0808537c   Section        0  rtc.o(.text)
    .text                                    0x080855c0   Section        0  delay.o(.text)
    .text                                    0x080856c4   Section        0  usart.o(.text)
    .text                                    0x080857d8   Section       64  startup_stm32f40_41xxx.o(.text)
    $v0                                      0x080857d8   Number         0  startup_stm32f40_41xxx.o(.text)
    .text                                    0x08085818   Section        0  misc.o(.text)
    .text                                    0x080858f8   Section        0  stm32f4xx_gpio.o(.text)
    .text                                    0x08085b8c   Section        0  stm32f4xx_fsmc.o(.text)
    .text                                    0x08086154   Section        0  stm32f4xx_rcc.o(.text)
    .text                                    0x080867b0   Section        0  stm32f4xx_usart.o(.text)
    .text                                    0x08086c04   Section        0  stm32f4xx_rtc.o(.text)
    RTC_ByteToBcd2                           0x08086e97   Thumb Code    28  stm32f4xx_rtc.o(.text)
    RTC_Bcd2ToByte                           0x08086eb3   Thumb Code    22  stm32f4xx_rtc.o(.text)
    .text                                    0x0808796c   Section        0  stm32f4xx_tim.o(.text)
    TI4_Config                               0x0808810b   Thumb Code    80  stm32f4xx_tim.o(.text)
    TI3_Config                               0x0808816d   Thumb Code    72  stm32f4xx_tim.o(.text)
    TI2_Config                               0x080881cf   Thumb Code    90  stm32f4xx_tim.o(.text)
    TI1_Config                               0x0808823b   Thumb Code    58  stm32f4xx_tim.o(.text)
    .text                                    0x08088610   Section        0  stm32f4xx_exti.o(.text)
    .text                                    0x08088720   Section        0  stm32f4xx_pwr.o(.text)
    .text                                    0x0808888c   Section        0  usmart.o(.text)
    .text                                    0x080894c0   Section        0  usmart_str.o(.text)
    .text                                    0x080899e8   Section        2  use_no_semi_2.o(.text)
    .text                                    0x080899ec   Section        0  noretval__2printf.o(.text)
    .text                                    0x08089a04   Section        0  noretval__2sprintf.o(.text)
    .text                                    0x08089a2c   Section        0  _printf_pad.o(.text)
    .text                                    0x08089a7a   Section        0  _printf_str.o(.text)
    .text                                    0x08089acc   Section        0  _printf_dec.o(.text)
    .text                                    0x08089b44   Section        0  _printf_hex_int.o(.text)
    .text                                    0x08089b9c   Section        0  __printf_flags_ss_wp.o(.text)
    .text                                    0x08089d24   Section        0  heapauxi.o(.text)
    .text                                    0x08089d2a   Section        2  use_no_semi.o(.text)
    .text                                    0x08089d2c   Section        0  _printf_intcommon.o(.text)
    .text                                    0x08089de0   Section        0  _printf_char_common.o(.text)
    _printf_input_char                       0x08089de1   Thumb Code    10  _printf_char_common.o(.text)
    .text                                    0x08089e10   Section        0  _sputc.o(.text)
    .text                                    0x08089e1a   Section        0  _printf_char.o(.text)
    .text                                    0x08089e48   Section        0  _printf_char_file.o(.text)
    .text                                    0x08089e6c   Section        0  ferror.o(.text)
    .text                                    0x08089e74   Section       74  sys_stackheap_outer.o(.text)
    .text                                    0x08089ebe   Section        0  exit.o(.text)
    .text                                    0x08089ecc   Section        8  libspace.o(.text)
    i._is_digit                              0x08089ed4   Section        0  __printf_wp.o(i._is_digit)
    x$fpl$dfixu                              0x08089ee4   Section       90  dfixu.o(x$fpl$dfixu)
    $v0                                      0x08089ee4   Number         0  dfixu.o(x$fpl$dfixu)
    x$fpl$dfltu                              0x08089f3e   Section       38  dflt_clz.o(x$fpl$dfltu)
    $v0                                      0x08089f3e   Number         0  dflt_clz.o(x$fpl$dfltu)
    x$fpl$dmul                               0x08089f64   Section      340  dmul.o(x$fpl$dmul)
    $v0                                      0x08089f64   Number         0  dmul.o(x$fpl$dmul)
    x$fpl$dnaninf                            0x0808a0b8   Section      156  dnaninf.o(x$fpl$dnaninf)
    $v0                                      0x0808a0b8   Number         0  dnaninf.o(x$fpl$dnaninf)
    x$fpl$dretinf                            0x0808a154   Section       12  dretinf.o(x$fpl$dretinf)
    $v0                                      0x0808a154   Number         0  dretinf.o(x$fpl$dretinf)
    x$fpl$fpinit                             0x0808a160   Section       10  fpinit.o(x$fpl$fpinit)
    $v0                                      0x0808a160   Number         0  fpinit.o(x$fpl$fpinit)
    .constdata                               0x0808a16a   Section     6080  lcd.o(.constdata)
    x$fpl$usenofp                            0x0808a16a   Section        0  usenofp.o(x$fpl$usenofp)
    .constdata                               0x0808b92c   Section       28  stm32f4xx_fsmc.o(.constdata)
    .constdata                               0x0808b948   Section       40  _printf_hex_int.o(.constdata)
    uc_hextab                                0x0808b948   Data          20  _printf_hex_int.o(.constdata)
    lc_hextab                                0x0808b95c   Data          20  _printf_hex_int.o(.constdata)
    .constdata                               0x0808b970   Section       17  __printf_flags_ss_wp.o(.constdata)
    maptable                                 0x0808b970   Data          17  __printf_flags_ss_wp.o(.constdata)
    .conststring                             0x0808b984   Section       40  usmart.o(.conststring)
    .conststring                             0x0808b9ac   Section      298  usmart_config.o(.conststring)
    .data                                    0x20000000   Section       20  system_stm32f4xx.o(.data)
    .data                                    0x20000014   Section        4  lcd.o(.data)
    .data                                    0x20000018   Section        4  rtc.o(.data)
    .data                                    0x2000001c   Section        4  delay.o(.data)
    fac_us                                   0x2000001c   Data           1  delay.o(.data)
    fac_ms                                   0x2000001e   Data           2  delay.o(.data)
    .data                                    0x20000020   Section        8  usart.o(.data)
    re                                       0x20000027   Data           1  usart.o(.data)
    .data                                    0x20000028   Section       16  stm32f4xx_rcc.o(.data)
    APBAHBPrescTable                         0x20000028   Data          16  stm32f4xx_rcc.o(.data)
    .data                                    0x20000038   Section       28  usmart.o(.data)
    .data                                    0x20000054   Section      308  usmart_config.o(.data)
    .bss                                     0x20000188   Section       14  lcd.o(.bss)
    .bss                                     0x20000196   Section      200  usart.o(.bss)
    .bss                                     0x20000260   Section       96  libspace.o(.bss)
    HEAP                                     0x200002c0   Section      512  startup_stm32f40_41xxx.o(HEAP)
    Heap_Mem                                 0x200002c0   Data         512  startup_stm32f40_41xxx.o(HEAP)
    STACK                                    0x200004c0   Section     1024  startup_stm32f40_41xxx.o(STACK)
    Stack_Mem                                0x200004c0   Data        1024  startup_stm32f40_41xxx.o(STACK)
    __initial_sp                             0x200008c0   Data           0  startup_stm32f40_41xxx.o(STACK)

    Global Symbols

    Symbol Name                              Value     Ov Type        Size  Object(Section)

    BuildAttributes$$THM_ISAv4$E$P$D$K$B$S$7EM$VFPi3$EXTD16$VFPS$VFMA$PE$A:L22UL41UL21$X:L11$S22US41US21$IEEE1$IW$USESV6$~STKCKD$USESV7$~SHL$OSPACE$ROPI$EBA8$UX$STANDARDLIB$REQ8$PRES8$EABIv2 0x00000000   Number         0  anon$$obj.o ABSOLUTE
    __ARM_use_no_argv                        0x00000000   Number         0  main.o ABSOLUTE
    _printf_flags                            0x00000000   Number         0  printf_stubs.o ABSOLUTE
    _printf_return_value                     0x00000000   Number         0  printf_stubs.o ABSOLUTE
    _printf_sizespec                         0x00000000   Number         0  printf_stubs.o ABSOLUTE
    _printf_widthprec                        0x00000000   Number         0  printf_stubs.o ABSOLUTE
    __ARM_exceptions_init                     - Undefined Weak Reference
    __alloca_initialize                       - Undefined Weak Reference
    __arm_preinit_                            - Undefined Weak Reference
    __cpp_initialize__aeabi_                  - Undefined Weak Reference
    __cxa_finalize                            - Undefined Weak Reference
    __rt_locale                               - Undefined Weak Reference
    __sigvec_lookup                           - Undefined Weak Reference
    _atexit_init                              - Undefined Weak Reference
    _call_atexit_fns                          - Undefined Weak Reference
    _clock_init                               - Undefined Weak Reference
    _fp_trap_init                             - Undefined Weak Reference
    _fp_trap_shutdown                         - Undefined Weak Reference
    _get_lc_collate                           - Undefined Weak Reference
    _get_lc_ctype                             - Undefined Weak Reference
    _get_lc_monetary                          - Undefined Weak Reference
    _get_lc_numeric                           - Undefined Weak Reference
    _get_lc_time                              - Undefined Weak Reference
    _getenv_init                              - Undefined Weak Reference
    _handle_redirection                       - Undefined Weak Reference
    _init_alloc                               - Undefined Weak Reference
    _init_user_alloc                          - Undefined Weak Reference
    _initio                                   - Undefined Weak Reference
    _mutex_acquire                            - Undefined Weak Reference
    _mutex_release                            - Undefined Weak Reference
    _printf_mbtowc                            - Undefined Weak Reference
    _printf_truncate_signed                   - Undefined Weak Reference
    _printf_truncate_unsigned                 - Undefined Weak Reference
    _rand_init                                - Undefined Weak Reference
    _signal_finish                            - Undefined Weak Reference
    _signal_init                              - Undefined Weak Reference
    _terminate_alloc                          - Undefined Weak Reference
    _terminate_user_alloc                     - Undefined Weak Reference
    _terminateio                              - Undefined Weak Reference
    __Vectors_Size                           0x00000188   Number         0  startup_stm32f40_41xxx.o ABSOLUTE
    __Vectors                                0x08080000   Data           4  startup_stm32f40_41xxx.o(RESET)
    __Vectors_End                            0x08080188   Data           0  startup_stm32f40_41xxx.o(RESET)
    __main                                   0x08080189   Thumb Code     8  __main.o(!!!main)
    __scatterload                            0x08080191   Thumb Code     0  __scatter.o(!!!scatter)
    __scatterload_rt2                        0x08080191   Thumb Code    44  __scatter.o(!!!scatter)
    __scatterload_rt2_thumb_only             0x08080191   Thumb Code     0  __scatter.o(!!!scatter)
    __scatterload_null                       0x0808019f   Thumb Code     0  __scatter.o(!!!scatter)
    __decompress                             0x080801c5   Thumb Code    90  __dczerorl2.o(!!dczerorl2)
    __decompress1                            0x080801c5   Thumb Code     0  __dczerorl2.o(!!dczerorl2)
    __scatterload_zeroinit                   0x08080221   Thumb Code    28  __scatter_zi.o(!!handler_zi)
    _printf_d                                0x0808023d   Thumb Code     0  _printf_d.o(.ARM.Collect$$_printf_percent$$00000009)
    _printf_percent                          0x0808023d   Thumb Code     0  _printf_percent.o(.ARM.Collect$$_printf_percent$$00000000)
    _printf_u                                0x08080243   Thumb Code     0  _printf_u.o(.ARM.Collect$$_printf_percent$$0000000A)
    _printf_x                                0x08080249   Thumb Code     0  _printf_x.o(.ARM.Collect$$_printf_percent$$0000000C)
    _printf_c                                0x0808024f   Thumb Code     0  _printf_c.o(.ARM.Collect$$_printf_percent$$00000013)
    _printf_s                                0x08080255   Thumb Code     0  _printf_s.o(.ARM.Collect$$_printf_percent$$00000014)
    _printf_percent_end                      0x0808025b   Thumb Code     0  _printf_percent_end.o(.ARM.Collect$$_printf_percent$$00000017)
    __rt_lib_init                            0x0808025f   Thumb Code     0  libinit.o(.ARM.Collect$$libinit$$00000000)
    __rt_lib_init_fp_1                       0x08080261   Thumb Code     0  libinit2.o(.ARM.Collect$$libinit$$00000001)
    __rt_lib_init_alloca_1                   0x08080265   Thumb Code     0  libinit2.o(.ARM.Collect$$libinit$$0000002E)
    __rt_lib_init_argv_1                     0x08080265   Thumb Code     0  libinit2.o(.ARM.Collect$$libinit$$0000002C)
    __rt_lib_init_atexit_1                   0x08080265   Thumb Code     0  libinit2.o(.ARM.Collect$$libinit$$0000001B)
    __rt_lib_init_clock_1                    0x08080265   Thumb Code     0  libinit2.o(.ARM.Collect$$libinit$$00000021)
    __rt_lib_init_cpp_1                      0x08080265   Thumb Code     0  libinit2.o(.ARM.Collect$$libinit$$00000032)
    __rt_lib_init_exceptions_1               0x08080265   Thumb Code     0  libinit2.o(.ARM.Collect$$libinit$$00000030)
    __rt_lib_init_fp_trap_1                  0x08080265   Thumb Code     0  libinit2.o(.ARM.Collect$$libinit$$0000001F)
    __rt_lib_init_getenv_1                   0x08080265   Thumb Code     0  libinit2.o(.ARM.Collect$$libinit$$00000023)
    __rt_lib_init_heap_1                     0x08080265   Thumb Code     0  libinit2.o(.ARM.Collect$$libinit$$0000000A)
    __rt_lib_init_lc_collate_1               0x08080265   Thumb Code     0  libinit2.o(.ARM.Collect$$libinit$$00000011)
    __rt_lib_init_lc_ctype_1                 0x08080265   Thumb Code     0  libinit2.o(.ARM.Collect$$libinit$$00000013)
    __rt_lib_init_lc_monetary_1              0x08080265   Thumb Code     0  libinit2.o(.ARM.Collect$$libinit$$00000015)
    __rt_lib_init_lc_numeric_1               0x08080265   Thumb Code     0  libinit2.o(.ARM.Collect$$libinit$$00000017)
    __rt_lib_init_lc_time_1                  0x08080265   Thumb Code     0  libinit2.o(.ARM.Collect$$libinit$$00000019)
    __rt_lib_init_preinit_1                  0x08080265   Thumb Code     0  libinit2.o(.ARM.Collect$$libinit$$00000004)
    __rt_lib_init_rand_1                     0x08080265   Thumb Code     0  libinit2.o(.ARM.Collect$$libinit$$0000000E)
    __rt_lib_init_return                     0x08080265   Thumb Code     0  libinit2.o(.ARM.Collect$$libinit$$00000033)
    __rt_lib_init_signal_1                   0x08080265   Thumb Code     0  libinit2.o(.ARM.Collect$$libinit$$0000001D)
    __rt_lib_init_stdio_1                    0x08080265   Thumb Code     0  libinit2.o(.ARM.Collect$$libinit$$00000025)
    __rt_lib_init_user_alloc_1               0x08080265   Thumb Code     0  libinit2.o(.ARM.Collect$$libinit$$0000000C)
    __rt_lib_shutdown                        0x08080267   Thumb Code     0  libshutdown.o(.ARM.Collect$$libshutdown$$00000000)
    __rt_lib_shutdown_fp_trap_1              0x08080269   Thumb Code     0  libshutdown2.o(.ARM.Collect$$libshutdown$$00000006)
    __rt_lib_shutdown_heap_1                 0x08080269   Thumb Code     0  libshutdown2.o(.ARM.Collect$$libshutdown$$0000000E)
    __rt_lib_shutdown_return                 0x08080269   Thumb Code     0  libshutdown2.o(.ARM.Collect$$libshutdown$$0000000F)
    __rt_lib_shutdown_signal_1               0x08080269   Thumb Code     0  libshutdown2.o(.ARM.Collect$$libshutdown$$00000009)
    __rt_lib_shutdown_stdio_1                0x08080269   Thumb Code     0  libshutdown2.o(.ARM.Collect$$libshutdown$$00000003)
    __rt_lib_shutdown_user_alloc_1           0x08080269   Thumb Code     0  libshutdown2.o(.ARM.Collect$$libshutdown$$0000000B)
    __rt_entry                               0x0808026b   Thumb Code     0  __rtentry.o(.ARM.Collect$$rtentry$$00000000)
    __rt_entry_presh_1                       0x0808026b   Thumb Code     0  __rtentry2.o(.ARM.Collect$$rtentry$$00000002)
    __rt_entry_sh                            0x0808026b   Thumb Code     0  __rtentry4.o(.ARM.Collect$$rtentry$$00000004)
    __rt_entry_li                            0x08080271   Thumb Code     0  __rtentry2.o(.ARM.Collect$$rtentry$$0000000A)
    __rt_entry_postsh_1                      0x08080271   Thumb Code     0  __rtentry2.o(.ARM.Collect$$rtentry$$00000009)
    __rt_entry_main                          0x08080275   Thumb Code     0  __rtentry2.o(.ARM.Collect$$rtentry$$0000000D)
    __rt_entry_postli_1                      0x08080275   Thumb Code     0  __rtentry2.o(.ARM.Collect$$rtentry$$0000000C)
    __rt_exit                                0x0808027d   Thumb Code     0  rtexit.o(.ARM.Collect$$rtexit$$00000000)
    __rt_exit_ls                             0x0808027f   Thumb Code     0  rtexit2.o(.ARM.Collect$$rtexit$$00000003)
    __rt_exit_prels_1                        0x0808027f   Thumb Code     0  rtexit2.o(.ARM.Collect$$rtexit$$00000002)
    __rt_exit_exit                           0x08080283   Thumb Code     0  rtexit2.o(.ARM.Collect$$rtexit$$00000004)
    main                                     0x08080289   Thumb Code   380  main.o(.text)
    NMI_Handler                              0x08080491   Thumb Code     2  stm32f4xx_it.o(.text)
    HardFault_Handler                        0x08080493   Thumb Code     4  stm32f4xx_it.o(.text)
    MemManage_Handler                        0x08080497   Thumb Code     4  stm32f4xx_it.o(.text)
    BusFault_Handler                         0x0808049b   Thumb Code     4  stm32f4xx_it.o(.text)
    UsageFault_Handler                       0x0808049f   Thumb Code     4  stm32f4xx_it.o(.text)
    SVC_Handler                              0x080804a3   Thumb Code     2  stm32f4xx_it.o(.text)
    DebugMon_Handler                         0x080804a5   Thumb Code     2  stm32f4xx_it.o(.text)
    PendSV_Handler                           0x080804a7   Thumb Code     2  stm32f4xx_it.o(.text)
    SysTick_Handler                          0x080804a9   Thumb Code     2  stm32f4xx_it.o(.text)
    SystemInit                               0x08080589   Thumb Code    88  system_stm32f4xx.o(.text)
    SystemCoreClockUpdate                    0x080805e1   Thumb Code   174  system_stm32f4xx.o(.text)
    LED_Init                                 0x080806bd   Thumb Code    60  led.o(.text)
    LCD_WR_REG                               0x080806fd   Thumb Code    18  lcd.o(.text)
    LCD_WR_DATA                              0x0808070f   Thumb Code    20  lcd.o(.text)
    LCD_RD_DATA                              0x08080723   Thumb Code    16  lcd.o(.text)
    LCD_WriteReg                             0x08080733   Thumb Code    14  lcd.o(.text)
    LCD_ReadReg                              0x08080741   Thumb Code    22  lcd.o(.text)
    LCD_WriteRAM_Prepare                     0x08080757   Thumb Code    10  lcd.o(.text)
    LCD_WriteRAM                             0x08080761   Thumb Code     8  lcd.o(.text)
    LCD_BGR2RGB                              0x08080769   Thumb Code    26  lcd.o(.text)
    opt_delay                                0x08080783   Thumb Code    14  lcd.o(.text)
    LCD_SetCursor                            0x08080791   Thumb Code   418  lcd.o(.text)
    LCD_ReadPoint                            0x08080933   Thumb Code   360  lcd.o(.text)
    LCD_DisplayOn                            0x08080a9b   Thumb Code   102  lcd.o(.text)
    LCD_DisplayOff                           0x08080b01   Thumb Code    90  lcd.o(.text)
    LCD_Scan_Dir                             0x08080b5b   Thumb Code   744  lcd.o(.text)
    LCD_DrawPoint                            0x08080e43   Thumb Code    28  lcd.o(.text)
    LCD_Fast_DrawPoint                       0x08080e5f   Thumb Code   388  lcd.o(.text)
    LCD_SSD_BackLightSet                     0x08080fe3   Thumb Code    88  lcd.o(.text)
    LCD_Display_Dir                          0x0808103b   Thumb Code   444  lcd.o(.text)
    LCD_Set_Window                           0x080811f7   Thumb Code   546  lcd.o(.text)
    LCD_Clear                                0x08081419   Thumb Code   100  lcd.o(.text)
    LCD_Init                                 0x0808147d   Thumb Code 14696  lcd.o(.text)
    LCD_Fill                                 0x08084de5   Thumb Code   180  lcd.o(.text)
    LCD_Color_Fill                           0x08084e99   Thumb Code   100  lcd.o(.text)
    LCD_DrawLine                             0x08084efd   Thumb Code   176  lcd.o(.text)
    LCD_DrawRectangle                        0x08084fad   Thumb Code    60  lcd.o(.text)
    LCD_Draw_Circle                          0x08084fe9   Thumb Code   152  lcd.o(.text)
    LCD_ShowChar                             0x08085081   Thumb Code   272  lcd.o(.text)
    LCD_Pow                                  0x08085191   Thumb Code    22  lcd.o(.text)
    LCD_ShowNum                              0x080851a7   Thumb Code   148  lcd.o(.text)
    LCD_ShowxNum                             0x0808523b   Thumb Code   220  lcd.o(.text)
    LCD_ShowString                           0x08085317   Thumb Code   102  lcd.o(.text)
    RTC_Set_Time                             0x0808537d   Thumb Code    36  rtc.o(.text)
    RTC_Set_Date                             0x080853a1   Thumb Code    36  rtc.o(.text)
    My_RTC_Init                              0x080853c5   Thumb Code   138  rtc.o(.text)
    RTC_Set_AlarmA                           0x0808544f   Thumb Code   158  rtc.o(.text)
    RTC_Set_WakeUp                           0x080854ed   Thumb Code   108  rtc.o(.text)
    RTC_Alarm_IRQHandler                     0x08085559   Thumb Code    36  rtc.o(.text)
    RTC_WKUP_IRQHandler                      0x0808557d   Thumb Code    46  rtc.o(.text)
    delay_init                               0x080855c1   Thumb Code    52  delay.o(.text)
    delay_us                                 0x080855f5   Thumb Code    72  delay.o(.text)
    delay_xms                                0x0808563d   Thumb Code    72  delay.o(.text)
    delay_ms                                 0x08085685   Thumb Code    56  delay.o(.text)
    _sys_exit                                0x080856c5   Thumb Code     6  usart.o(.text)
    fputc                                    0x080856cb   Thumb Code    22  usart.o(.text)
    uart_init                                0x080856e1   Thumb Code   164  usart.o(.text)
    USART1_IRQHandler                        0x08085785   Thumb Code    68  usart.o(.text)
    Reset_Handler                            0x080857d9   Thumb Code     8  startup_stm32f40_41xxx.o(.text)
    ADC_IRQHandler                           0x080857f3   Thumb Code     0  startup_stm32f40_41xxx.o(.text)
    CAN1_RX0_IRQHandler                      0x080857f3   Thumb Code     0  startup_stm32f40_41xxx.o(.text)
    CAN1_RX1_IRQHandler                      0x080857f3   Thumb Code     0  startup_stm32f40_41xxx.o(.text)
    CAN1_SCE_IRQHandler                      0x080857f3   Thumb Code     0  startup_stm32f40_41xxx.o(.text)
    CAN1_TX_IRQHandler                       0x080857f3   Thumb Code     0  startup_stm32f40_41xxx.o(.text)
    CAN2_RX0_IRQHandler                      0x080857f3   Thumb Code     0  startup_stm32f40_41xxx.o(.text)
    CAN2_RX1_IRQHandler                      0x080857f3   Thumb Code     0  startup_stm32f40_41xxx.o(.text)
    CAN2_SCE_IRQHandler                      0x080857f3   Thumb Code     0  startup_stm32f40_41xxx.o(.text)
    CAN2_TX_IRQHandler                       0x080857f3   Thumb Code     0  startup_stm32f40_41xxx.o(.text)
    CRYP_IRQHandler                          0x080857f3   Thumb Code     0  startup_stm32f40_41xxx.o(.text)
    DCMI_IRQHandler                          0x080857f3   Thumb Code     0  startup_stm32f40_41xxx.o(.text)
    DMA1_Stream0_IRQHandler                  0x080857f3   Thumb Code     0  startup_stm32f40_41xxx.o(.text)
    DMA1_Stream1_IRQHandler                  0x080857f3   Thumb Code     0  startup_stm32f40_41xxx.o(.text)
    DMA1_Stream2_IRQHandler                  0x080857f3   Thumb Code     0  startup_stm32f40_41xxx.o(.text)
    DMA1_Stream3_IRQHandler                  0x080857f3   Thumb Code     0  startup_stm32f40_41xxx.o(.text)
    DMA1_Stream4_IRQHandler                  0x080857f3   Thumb Code     0  startup_stm32f40_41xxx.o(.text)
    DMA1_Stream5_IRQHandler                  0x080857f3   Thumb Code     0  startup_stm32f40_41xxx.o(.text)
    DMA1_Stream6_IRQHandler                  0x080857f3   Thumb Code     0  startup_stm32f40_41xxx.o(.text)
    DMA1_Stream7_IRQHandler                  0x080857f3   Thumb Code     0  startup_stm32f40_41xxx.o(.text)
    DMA2_Stream0_IRQHandler                  0x080857f3   Thumb Code     0  startup_stm32f40_41xxx.o(.text)
    DMA2_Stream1_IRQHandler                  0x080857f3   Thumb Code     0  startup_stm32f40_41xxx.o(.text)
    DMA2_Stream2_IRQHandler                  0x080857f3   Thumb Code     0  startup_stm32f40_41xxx.o(.text)
    DMA2_Stream3_IRQHandler                  0x080857f3   Thumb Code     0  startup_stm32f40_41xxx.o(.text)
    DMA2_Stream4_IRQHandler                  0x080857f3   Thumb Code     0  startup_stm32f40_41xxx.o(.text)
    DMA2_Stream5_IRQHandler                  0x080857f3   Thumb Code     0  startup_stm32f40_41xxx.o(.text)
    DMA2_Stream6_IRQHandler                  0x080857f3   Thumb Code     0  startup_stm32f40_41xxx.o(.text)
    DMA2_Stream7_IRQHandler                  0x080857f3   Thumb Code     0  startup_stm32f40_41xxx.o(.text)
    ETH_IRQHandler                           0x080857f3   Thumb Code     0  startup_stm32f40_41xxx.o(.text)
    ETH_WKUP_IRQHandler                      0x080857f3   Thumb Code     0  startup_stm32f40_41xxx.o(.text)
    EXTI0_IRQHandler                         0x080857f3   Thumb Code     0  startup_stm32f40_41xxx.o(.text)
    EXTI15_10_IRQHandler                     0x080857f3   Thumb Code     0  startup_stm32f40_41xxx.o(.text)
    EXTI1_IRQHandler                         0x080857f3   Thumb Code     0  startup_stm32f40_41xxx.o(.text)
    EXTI2_IRQHandler                         0x080857f3   Thumb Code     0  startup_stm32f40_41xxx.o(.text)
    EXTI3_IRQHandler                         0x080857f3   Thumb Code     0  startup_stm32f40_41xxx.o(.text)
    EXTI4_IRQHandler                         0x080857f3   Thumb Code     0  startup_stm32f40_41xxx.o(.text)
    EXTI9_5_IRQHandler                       0x080857f3   Thumb Code     0  startup_stm32f40_41xxx.o(.text)
    FLASH_IRQHandler                         0x080857f3   Thumb Code     0  startup_stm32f40_41xxx.o(.text)
    FPU_IRQHandler                           0x080857f3   Thumb Code     0  startup_stm32f40_41xxx.o(.text)
    FSMC_IRQHandler                          0x080857f3   Thumb Code     0  startup_stm32f40_41xxx.o(.text)
    HASH_RNG_IRQHandler                      0x080857f3   Thumb Code     0  startup_stm32f40_41xxx.o(.text)
    I2C1_ER_IRQHandler                       0x080857f3   Thumb Code     0  startup_stm32f40_41xxx.o(.text)
    I2C1_EV_IRQHandler                       0x080857f3   Thumb Code     0  startup_stm32f40_41xxx.o(.text)
    I2C2_ER_IRQHandler                       0x080857f3   Thumb Code     0  startup_stm32f40_41xxx.o(.text)
    I2C2_EV_IRQHandler                       0x080857f3   Thumb Code     0  startup_stm32f40_41xxx.o(.text)
    I2C3_ER_IRQHandler                       0x080857f3   Thumb Code     0  startup_stm32f40_41xxx.o(.text)
    I2C3_EV_IRQHandler                       0x080857f3   Thumb Code     0  startup_stm32f40_41xxx.o(.text)
    OTG_FS_IRQHandler                        0x080857f3   Thumb Code     0  startup_stm32f40_41xxx.o(.text)
    OTG_FS_WKUP_IRQHandler                   0x080857f3   Thumb Code     0  startup_stm32f40_41xxx.o(.text)
    OTG_HS_EP1_IN_IRQHandler                 0x080857f3   Thumb Code     0  startup_stm32f40_41xxx.o(.text)
    OTG_HS_EP1_OUT_IRQHandler                0x080857f3   Thumb Code     0  startup_stm32f40_41xxx.o(.text)
    OTG_HS_IRQHandler                        0x080857f3   Thumb Code     0  startup_stm32f40_41xxx.o(.text)
    OTG_HS_WKUP_IRQHandler                   0x080857f3   Thumb Code     0  startup_stm32f40_41xxx.o(.text)
    PVD_IRQHandler                           0x080857f3   Thumb Code     0  startup_stm32f40_41xxx.o(.text)
    RCC_IRQHandler                           0x080857f3   Thumb Code     0  startup_stm32f40_41xxx.o(.text)
    SDIO_IRQHandler                          0x080857f3   Thumb Code     0  startup_stm32f40_41xxx.o(.text)
    SPI1_IRQHandler                          0x080857f3   Thumb Code     0  startup_stm32f40_41xxx.o(.text)
    SPI2_IRQHandler                          0x080857f3   Thumb Code     0  startup_stm32f40_41xxx.o(.text)
    SPI3_IRQHandler                          0x080857f3   Thumb Code     0  startup_stm32f40_41xxx.o(.text)
    TAMP_STAMP_IRQHandler                    0x080857f3   Thumb Code     0  startup_stm32f40_41xxx.o(.text)
    TIM1_BRK_TIM9_IRQHandler                 0x080857f3   Thumb Code     0  startup_stm32f40_41xxx.o(.text)
    TIM1_CC_IRQHandler                       0x080857f3   Thumb Code     0  startup_stm32f40_41xxx.o(.text)
    TIM1_TRG_COM_TIM11_IRQHandler            0x080857f3   Thumb Code     0  startup_stm32f40_41xxx.o(.text)
    TIM1_UP_TIM10_IRQHandler                 0x080857f3   Thumb Code     0  startup_stm32f40_41xxx.o(.text)
    TIM2_IRQHandler                          0x080857f3   Thumb Code     0  startup_stm32f40_41xxx.o(.text)
    TIM3_IRQHandler                          0x080857f3   Thumb Code     0  startup_stm32f40_41xxx.o(.text)
    TIM5_IRQHandler                          0x080857f3   Thumb Code     0  startup_stm32f40_41xxx.o(.text)
    TIM6_DAC_IRQHandler                      0x080857f3   Thumb Code     0  startup_stm32f40_41xxx.o(.text)
    TIM7_IRQHandler                          0x080857f3   Thumb Code     0  startup_stm32f40_41xxx.o(.text)
    TIM8_BRK_TIM12_IRQHandler                0x080857f3   Thumb Code     0  startup_stm32f40_41xxx.o(.text)
    TIM8_CC_IRQHandler                       0x080857f3   Thumb Code     0  startup_stm32f40_41xxx.o(.text)
    TIM8_TRG_COM_TIM14_IRQHandler            0x080857f3   Thumb Code     0  startup_stm32f40_41xxx.o(.text)
    TIM8_UP_TIM13_IRQHandler                 0x080857f3   Thumb Code     0  startup_stm32f40_41xxx.o(.text)
    UART4_IRQHandler                         0x080857f3   Thumb Code     0  startup_stm32f40_41xxx.o(.text)
    UART5_IRQHandler                         0x080857f3   Thumb Code     0  startup_stm32f40_41xxx.o(.text)
    USART2_IRQHandler                        0x080857f3   Thumb Code     0  startup_stm32f40_41xxx.o(.text)
    USART3_IRQHandler                        0x080857f3   Thumb Code     0  startup_stm32f40_41xxx.o(.text)
    USART6_IRQHandler                        0x080857f3   Thumb Code     0  startup_stm32f40_41xxx.o(.text)
    WWDG_IRQHandler                          0x080857f3   Thumb Code     0  startup_stm32f40_41xxx.o(.text)
    __user_initial_stackheap                 0x080857f5   Thumb Code     0  startup_stm32f40_41xxx.o(.text)
    NVIC_PriorityGroupConfig                 0x08085819   Thumb Code    10  misc.o(.text)
    NVIC_Init                                0x08085823   Thumb Code   106  misc.o(.text)
    NVIC_SetVectorTable                      0x0808588d   Thumb Code    14  misc.o(.text)
    NVIC_SystemLPConfig                      0x0808589b   Thumb Code    34  misc.o(.text)
    SysTick_CLKSourceConfig                  0x080858bd   Thumb Code    40  misc.o(.text)
    GPIO_DeInit                              0x080858f9   Thumb Code   268  stm32f4xx_gpio.o(.text)
    GPIO_Init                                0x08085a05   Thumb Code   144  stm32f4xx_gpio.o(.text)
    GPIO_StructInit                          0x08085a95   Thumb Code    18  stm32f4xx_gpio.o(.text)
    GPIO_PinLockConfig                       0x08085aa7   Thumb Code    34  stm32f4xx_gpio.o(.text)
    GPIO_ReadInputDataBit                    0x08085ac9   Thumb Code    18  stm32f4xx_gpio.o(.text)
    GPIO_ReadInputData                       0x08085adb   Thumb Code     8  stm32f4xx_gpio.o(.text)
    GPIO_ReadOutputDataBit                   0x08085ae3   Thumb Code    18  stm32f4xx_gpio.o(.text)
    GPIO_ReadOutputData                      0x08085af5   Thumb Code     8  stm32f4xx_gpio.o(.text)
    GPIO_SetBits                             0x08085afd   Thumb Code     4  stm32f4xx_gpio.o(.text)
    GPIO_ResetBits                           0x08085b01   Thumb Code     4  stm32f4xx_gpio.o(.text)
    GPIO_WriteBit                            0x08085b05   Thumb Code    10  stm32f4xx_gpio.o(.text)
    GPIO_Write                               0x08085b0f   Thumb Code     4  stm32f4xx_gpio.o(.text)
    GPIO_ToggleBits                          0x08085b13   Thumb Code     8  stm32f4xx_gpio.o(.text)
    GPIO_PinAFConfig                         0x08085b1b   Thumb Code    70  stm32f4xx_gpio.o(.text)
    FSMC_NORSRAMDeInit                       0x08085b8d   Thumb Code    54  stm32f4xx_fsmc.o(.text)
    FSMC_NORSRAMInit                         0x08085bc3   Thumb Code   230  stm32f4xx_fsmc.o(.text)
    FSMC_NORSRAMStructInit                   0x08085ca9   Thumb Code    48  stm32f4xx_fsmc.o(.text)
    FSMC_NORSRAMCmd                          0x08085cd9   Thumb Code    46  stm32f4xx_fsmc.o(.text)
    FSMC_NANDDeInit                          0x08085d07   Thumb Code    62  stm32f4xx_fsmc.o(.text)
    FSMC_NANDInit                            0x08085d45   Thumb Code   132  stm32f4xx_fsmc.o(.text)
    FSMC_NANDStructInit                      0x08085dc9   Thumb Code    54  stm32f4xx_fsmc.o(.text)
    FSMC_NANDCmd                             0x08085dff   Thumb Code    86  stm32f4xx_fsmc.o(.text)
    FSMC_NANDECCCmd                          0x08085e55   Thumb Code    86  stm32f4xx_fsmc.o(.text)
    FSMC_GetECC                              0x08085eab   Thumb Code    24  stm32f4xx_fsmc.o(.text)
    FSMC_PCCARDDeInit                        0x08085ec3   Thumb Code    36  stm32f4xx_fsmc.o(.text)
    FSMC_PCCARDInit                          0x08085ee7   Thumb Code   130  stm32f4xx_fsmc.o(.text)
    FSMC_PCCARDStructInit                    0x08085f69   Thumb Code    60  stm32f4xx_fsmc.o(.text)
    FSMC_PCCARDCmd                           0x08085fa5   Thumb Code    44  stm32f4xx_fsmc.o(.text)
    FSMC_ITConfig                            0x08085fd1   Thumb Code   128  stm32f4xx_fsmc.o(.text)
    FSMC_GetFlagStatus                       0x08086051   Thumb Code    54  stm32f4xx_fsmc.o(.text)
    FSMC_ClearFlag                           0x08086087   Thumb Code    74  stm32f4xx_fsmc.o(.text)
    FSMC_GetITStatus                         0x080860d1   Thumb Code    62  stm32f4xx_fsmc.o(.text)
    FSMC_ClearITPendingBit                   0x0808610f   Thumb Code    66  stm32f4xx_fsmc.o(.text)
    RCC_DeInit                               0x08086155   Thumb Code    82  stm32f4xx_rcc.o(.text)
    RCC_HSEConfig                            0x080861a7   Thumb Code    14  stm32f4xx_rcc.o(.text)
    RCC_GetFlagStatus                        0x080861b5   Thumb Code    60  stm32f4xx_rcc.o(.text)
    RCC_WaitForHSEStartUp                    0x080861f1   Thumb Code    56  stm32f4xx_rcc.o(.text)
    RCC_AdjustHSICalibrationValue            0x08086229   Thumb Code    20  stm32f4xx_rcc.o(.text)
    RCC_HSICmd                               0x0808623d   Thumb Code     6  stm32f4xx_rcc.o(.text)
    RCC_LSEConfig                            0x08086243   Thumb Code    46  stm32f4xx_rcc.o(.text)
    RCC_LSICmd                               0x08086271   Thumb Code     6  stm32f4xx_rcc.o(.text)
    RCC_PLLConfig                            0x08086277   Thumb Code    32  stm32f4xx_rcc.o(.text)
    RCC_PLLCmd                               0x08086297   Thumb Code     6  stm32f4xx_rcc.o(.text)
    RCC_PLLI2SConfig                         0x0808629d   Thumb Code    14  stm32f4xx_rcc.o(.text)
    RCC_PLLI2SCmd                            0x080862ab   Thumb Code     6  stm32f4xx_rcc.o(.text)
    RCC_PLLSAIConfig                         0x080862b1   Thumb Code    20  stm32f4xx_rcc.o(.text)
    RCC_PLLSAICmd                            0x080862c5   Thumb Code     6  stm32f4xx_rcc.o(.text)
    RCC_ClockSecuritySystemCmd               0x080862cb   Thumb Code     6  stm32f4xx_rcc.o(.text)
    RCC_MCO1Config                           0x080862d1   Thumb Code    28  stm32f4xx_rcc.o(.text)
    RCC_MCO2Config                           0x080862ed   Thumb Code    28  stm32f4xx_rcc.o(.text)
    RCC_SYSCLKConfig                         0x08086309   Thumb Code    20  stm32f4xx_rcc.o(.text)
    RCC_GetSYSCLKSource                      0x0808631d   Thumb Code    12  stm32f4xx_rcc.o(.text)
    RCC_HCLKConfig                           0x08086329   Thumb Code    20  stm32f4xx_rcc.o(.text)
    RCC_PCLK1Config                          0x0808633d   Thumb Code    20  stm32f4xx_rcc.o(.text)
    RCC_PCLK2Config                          0x08086351   Thumb Code    22  stm32f4xx_rcc.o(.text)
    RCC_GetClocksFreq                        0x08086367   Thumb Code   222  stm32f4xx_rcc.o(.text)
    RCC_RTCCLKConfig                         0x08086445   Thumb Code    54  stm32f4xx_rcc.o(.text)
    RCC_RTCCLKCmd                            0x0808647b   Thumb Code     8  stm32f4xx_rcc.o(.text)
    RCC_BackupResetCmd                       0x08086483   Thumb Code     8  stm32f4xx_rcc.o(.text)
    RCC_I2SCLKConfig                         0x0808648b   Thumb Code     6  stm32f4xx_rcc.o(.text)
    RCC_SAIPLLI2SClkDivConfig                0x08086491   Thumb Code    26  stm32f4xx_rcc.o(.text)
    RCC_SAIPLLSAIClkDivConfig                0x080864ab   Thumb Code    28  stm32f4xx_rcc.o(.text)
    RCC_SAIBlockACLKConfig                   0x080864c7   Thumb Code    20  stm32f4xx_rcc.o(.text)
    RCC_SAIBlockBCLKConfig                   0x080864db   Thumb Code    20  stm32f4xx_rcc.o(.text)
    RCC_LTDCCLKDivConfig                     0x080864ef   Thumb Code    20  stm32f4xx_rcc.o(.text)
    RCC_TIMCLKPresConfig                     0x08086503   Thumb Code     6  stm32f4xx_rcc.o(.text)
    RCC_AHB1PeriphClockCmd                   0x08086509   Thumb Code    34  stm32f4xx_rcc.o(.text)
    RCC_AHB2PeriphClockCmd                   0x0808652b   Thumb Code    78  stm32f4xx_rcc.o(.text)
    RCC_AHB3PeriphClockCmd                   0x08086579   Thumb Code    34  stm32f4xx_rcc.o(.text)
    RCC_APB1PeriphClockCmd                   0x0808659b   Thumb Code    34  stm32f4xx_rcc.o(.text)
    RCC_APB2PeriphClockCmd                   0x080865bd   Thumb Code    34  stm32f4xx_rcc.o(.text)
    RCC_AHB1PeriphResetCmd                   0x080865df   Thumb Code    34  stm32f4xx_rcc.o(.text)
    RCC_AHB2PeriphResetCmd                   0x08086601   Thumb Code    34  stm32f4xx_rcc.o(.text)
    RCC_AHB3PeriphResetCmd                   0x08086623   Thumb Code    34  stm32f4xx_rcc.o(.text)
    RCC_APB1PeriphResetCmd                   0x08086645   Thumb Code    34  stm32f4xx_rcc.o(.text)
    RCC_APB2PeriphResetCmd                   0x08086667   Thumb Code    34  stm32f4xx_rcc.o(.text)
    RCC_AHB1PeriphClockLPModeCmd             0x08086689   Thumb Code    34  stm32f4xx_rcc.o(.text)
    RCC_AHB2PeriphClockLPModeCmd             0x080866ab   Thumb Code    34  stm32f4xx_rcc.o(.text)
    RCC_AHB3PeriphClockLPModeCmd             0x080866cd   Thumb Code    34  stm32f4xx_rcc.o(.text)
    RCC_APB1PeriphClockLPModeCmd             0x080866ef   Thumb Code    34  stm32f4xx_rcc.o(.text)
    RCC_APB2PeriphClockLPModeCmd             0x08086711   Thumb Code    34  stm32f4xx_rcc.o(.text)
    RCC_LSEModeConfig                        0x08086733   Thumb Code    40  stm32f4xx_rcc.o(.text)
    RCC_ITConfig                             0x0808675b   Thumb Code    34  stm32f4xx_rcc.o(.text)
    RCC_ClearFlag                            0x0808677d   Thumb Code    18  stm32f4xx_rcc.o(.text)
    RCC_GetITStatus                          0x0808678f   Thumb Code    22  stm32f4xx_rcc.o(.text)
    RCC_ClearITPendingBit                    0x080867a5   Thumb Code     8  stm32f4xx_rcc.o(.text)
    USART_DeInit                             0x080867b1   Thumb Code   206  stm32f4xx_usart.o(.text)
    USART_Init                               0x0808687f   Thumb Code   204  stm32f4xx_usart.o(.text)
    USART_StructInit                         0x0808694b   Thumb Code    24  stm32f4xx_usart.o(.text)
    USART_ClockInit                          0x08086963   Thumb Code    32  stm32f4xx_usart.o(.text)
    USART_ClockStructInit                    0x08086983   Thumb Code    12  stm32f4xx_usart.o(.text)
    USART_Cmd                                0x0808698f   Thumb Code    24  stm32f4xx_usart.o(.text)
    USART_SetPrescaler                       0x080869a7   Thumb Code    16  stm32f4xx_usart.o(.text)
    USART_OverSampling8Cmd                   0x080869b7   Thumb Code    22  stm32f4xx_usart.o(.text)
    USART_OneBitMethodCmd                    0x080869cd   Thumb Code    24  stm32f4xx_usart.o(.text)
    USART_SendData                           0x080869e5   Thumb Code     8  stm32f4xx_usart.o(.text)
    USART_ReceiveData                        0x080869ed   Thumb Code    10  stm32f4xx_usart.o(.text)
    USART_SetAddress                         0x080869f7   Thumb Code    18  stm32f4xx_usart.o(.text)
    USART_ReceiverWakeUpCmd                  0x08086a09   Thumb Code    24  stm32f4xx_usart.o(.text)
    USART_WakeUpConfig                       0x08086a21   Thumb Code    18  stm32f4xx_usart.o(.text)
    USART_LINBreakDetectLengthConfig         0x08086a33   Thumb Code    18  stm32f4xx_usart.o(.text)
    USART_LINCmd                             0x08086a45   Thumb Code    24  stm32f4xx_usart.o(.text)
    USART_SendBreak                          0x08086a5d   Thumb Code    10  stm32f4xx_usart.o(.text)
    USART_HalfDuplexCmd                      0x08086a67   Thumb Code    24  stm32f4xx_usart.o(.text)
    USART_SetGuardTime                       0x08086a7f   Thumb Code    16  stm32f4xx_usart.o(.text)
    USART_SmartCardCmd                       0x08086a8f   Thumb Code    24  stm32f4xx_usart.o(.text)
    USART_SmartCardNACKCmd                   0x08086aa7   Thumb Code    24  stm32f4xx_usart.o(.text)
    USART_IrDAConfig                         0x08086abf   Thumb Code    18  stm32f4xx_usart.o(.text)
    USART_IrDACmd                            0x08086ad1   Thumb Code    24  stm32f4xx_usart.o(.text)
    USART_DMACmd                             0x08086ae9   Thumb Code    18  stm32f4xx_usart.o(.text)
    USART_ITConfig                           0x08086afb   Thumb Code    74  stm32f4xx_usart.o(.text)
    USART_GetFlagStatus                      0x08086b45   Thumb Code    26  stm32f4xx_usart.o(.text)
    USART_ClearFlag                          0x08086b5f   Thumb Code    18  stm32f4xx_usart.o(.text)
    USART_GetITStatus                        0x08086b71   Thumb Code   118  stm32f4xx_usart.o(.text)
    USART_ClearITPendingBit                  0x08086be7   Thumb Code    30  stm32f4xx_usart.o(.text)
    RTC_WaitForSynchro                       0x08086c05   Thumb Code    92  stm32f4xx_rtc.o(.text)
    RTC_EnterInitMode                        0x08086c61   Thumb Code    84  stm32f4xx_rtc.o(.text)
    RTC_DeInit                               0x08086cb5   Thumb Code   204  stm32f4xx_rtc.o(.text)
    RTC_ExitInitMode                         0x08086d81   Thumb Code    18  stm32f4xx_rtc.o(.text)
    RTC_Init                                 0x08086d93   Thumb Code    94  stm32f4xx_rtc.o(.text)
    RTC_StructInit                           0x08086df1   Thumb Code    14  stm32f4xx_rtc.o(.text)
    RTC_WriteProtectionCmd                   0x08086dff   Thumb Code    22  stm32f4xx_rtc.o(.text)
    RTC_RefClockCmd                          0x08086e15   Thumb Code    76  stm32f4xx_rtc.o(.text)
    RTC_BypassShadowCmd                      0x08086e61   Thumb Code    54  stm32f4xx_rtc.o(.text)
    RTC_SetTime                              0x08086ec9   Thumb Code   200  stm32f4xx_rtc.o(.text)
    RTC_TimeStructInit                       0x08086f91   Thumb Code    12  stm32f4xx_rtc.o(.text)
    RTC_GetTime                              0x08086f9d   Thumb Code    74  stm32f4xx_rtc.o(.text)
    RTC_GetSubSecond                         0x08086fe7   Thumb Code    30  stm32f4xx_rtc.o(.text)
    RTC_SetDate                              0x08087005   Thumb Code   190  stm32f4xx_rtc.o(.text)
    RTC_DateStructInit                       0x080870c3   Thumb Code    14  stm32f4xx_rtc.o(.text)
    RTC_GetDate                              0x080870d1   Thumb Code    70  stm32f4xx_rtc.o(.text)
    RTC_SetAlarm                             0x08087117   Thumb Code   230  stm32f4xx_rtc.o(.text)
    RTC_AlarmStructInit                      0x080871fd   Thumb Code    22  stm32f4xx_rtc.o(.text)
    RTC_GetAlarm                             0x08087213   Thumb Code   114  stm32f4xx_rtc.o(.text)
    RTC_AlarmCmd                             0x08087285   Thumb Code   112  stm32f4xx_rtc.o(.text)
    RTC_AlarmSubSecondConfig                 0x080872f5   Thumb Code    46  stm32f4xx_rtc.o(.text)
    RTC_GetAlarmSubSecond                    0x08087323   Thumb Code    34  stm32f4xx_rtc.o(.text)
    RTC_WakeUpClockConfig                    0x08087345   Thumb Code    42  stm32f4xx_rtc.o(.text)
    RTC_SetWakeUpCounter                     0x0808736f   Thumb Code    22  stm32f4xx_rtc.o(.text)
    RTC_GetWakeUpCounter                     0x08087385   Thumb Code    10  stm32f4xx_rtc.o(.text)
    RTC_WakeUpCmd                            0x0808738f   Thumb Code   116  stm32f4xx_rtc.o(.text)
    RTC_DayLightSavingConfig                 0x08087403   Thumb Code    50  stm32f4xx_rtc.o(.text)
    RTC_GetStoreOperation                    0x08087435   Thumb Code    12  stm32f4xx_rtc.o(.text)
    RTC_OutputConfig                         0x08087441   Thumb Code    60  stm32f4xx_rtc.o(.text)
    RTC_CoarseCalibConfig                    0x0808747d   Thumb Code    52  stm32f4xx_rtc.o(.text)
    RTC_CoarseCalibCmd                       0x080874b1   Thumb Code    76  stm32f4xx_rtc.o(.text)
    RTC_CalibOutputCmd                       0x080874fd   Thumb Code    54  stm32f4xx_rtc.o(.text)
    RTC_CalibOutputConfig                    0x08087533   Thumb Code    42  stm32f4xx_rtc.o(.text)
    RTC_SmoothCalibConfig                    0x0808755d   Thumb Code    90  stm32f4xx_rtc.o(.text)
    RTC_TimeStampCmd                         0x080875b7   Thumb Code    54  stm32f4xx_rtc.o(.text)
    RTC_GetTimeStamp                         0x080875ed   Thumb Code   144  stm32f4xx_rtc.o(.text)
    RTC_GetTimeStampSubSecond                0x0808767d   Thumb Code     8  stm32f4xx_rtc.o(.text)
    RTC_TamperTriggerConfig                  0x08087685   Thumb Code    38  stm32f4xx_rtc.o(.text)
    RTC_TamperCmd                            0x080876ab   Thumb Code    34  stm32f4xx_rtc.o(.text)
    RTC_TamperFilterConfig                   0x080876cd   Thumb Code    26  stm32f4xx_rtc.o(.text)
    RTC_TamperSamplingFreqConfig             0x080876e7   Thumb Code    26  stm32f4xx_rtc.o(.text)
    RTC_TamperPinsPrechargeDuration          0x08087701   Thumb Code    26  stm32f4xx_rtc.o(.text)
    RTC_TimeStampOnTamperDetectionCmd        0x0808771b   Thumb Code    38  stm32f4xx_rtc.o(.text)
    RTC_TamperPullUpCmd                      0x08087741   Thumb Code    38  stm32f4xx_rtc.o(.text)
    RTC_WriteBackupRegister                  0x08087767   Thumb Code    26  stm32f4xx_rtc.o(.text)
    RTC_ReadBackupRegister                   0x08087781   Thumb Code    28  stm32f4xx_rtc.o(.text)
    RTC_TamperPinSelection                   0x0808779d   Thumb Code    26  stm32f4xx_rtc.o(.text)
    RTC_TimeStampPinSelection                0x080877b7   Thumb Code    26  stm32f4xx_rtc.o(.text)
    RTC_OutputTypeConfig                     0x080877d1   Thumb Code    26  stm32f4xx_rtc.o(.text)
    RTC_SynchroShiftConfig                   0x080877eb   Thumb Code   130  stm32f4xx_rtc.o(.text)
    RTC_ITConfig                             0x0808786d   Thumb Code    94  stm32f4xx_rtc.o(.text)
    RTC_GetFlagStatus                        0x080878cb   Thumb Code    34  stm32f4xx_rtc.o(.text)
    RTC_ClearFlag                            0x080878ed   Thumb Code    28  stm32f4xx_rtc.o(.text)
    RTC_GetITStatus                          0x08087909   Thumb Code    60  stm32f4xx_rtc.o(.text)
    RTC_ClearITPendingBit                    0x08087945   Thumb Code    32  stm32f4xx_rtc.o(.text)
    TIM_DeInit                               0x0808796d   Thumb Code   346  stm32f4xx_tim.o(.text)
    TIM_TimeBaseInit                         0x08087ac7   Thumb Code   104  stm32f4xx_tim.o(.text)
    TIM_TimeBaseStructInit                   0x08087b2f   Thumb Code    18  stm32f4xx_tim.o(.text)
    TIM_PrescalerConfig                      0x08087b41   Thumb Code     6  stm32f4xx_tim.o(.text)
    TIM_CounterModeConfig                    0x08087b47   Thumb Code    18  stm32f4xx_tim.o(.text)
    TIM_SetCounter                           0x08087b59   Thumb Code     4  stm32f4xx_tim.o(.text)
    TIM_SetAutoreload                        0x08087b5d   Thumb Code     4  stm32f4xx_tim.o(.text)
    TIM_GetCounter                           0x08087b61   Thumb Code     6  stm32f4xx_tim.o(.text)
    TIM_GetPrescaler                         0x08087b67   Thumb Code     6  stm32f4xx_tim.o(.text)
    TIM_UpdateDisableConfig                  0x08087b6d   Thumb Code    24  stm32f4xx_tim.o(.text)
    TIM_UpdateRequestConfig                  0x08087b85   Thumb Code    24  stm32f4xx_tim.o(.text)
    TIM_ARRPreloadConfig                     0x08087b9d   Thumb Code    24  stm32f4xx_tim.o(.text)
    TIM_SelectOnePulseMode                   0x08087bb5   Thumb Code    18  stm32f4xx_tim.o(.text)
    TIM_SetClockDivision                     0x08087bc7   Thumb Code    18  stm32f4xx_tim.o(.text)
    TIM_Cmd                                  0x08087bd9   Thumb Code    24  stm32f4xx_tim.o(.text)
    TIM_OC1Init                              0x08087bf1   Thumb Code   114  stm32f4xx_tim.o(.text)
    TIM_OC2Init                              0x08087c63   Thumb Code   154  stm32f4xx_tim.o(.text)
    TIM_OC3Init                              0x08087cfd   Thumb Code   204  stm32f4xx_tim.o(.text)
    TIM_OC4Init                              0x08087dc9   Thumb Code   112  stm32f4xx_tim.o(.text)
    TIM_OCStructInit                         0x08087e39   Thumb Code    20  stm32f4xx_tim.o(.text)
    TIM_SelectOCxM                           0x08087e4d   Thumb Code    86  stm32f4xx_tim.o(.text)
    TIM_SetCompare1                          0x08087ea3   Thumb Code     4  stm32f4xx_tim.o(.text)
    TIM_SetCompare2                          0x08087ea7   Thumb Code     4  stm32f4xx_tim.o(.text)
    TIM_SetCompare3                          0x08087eab   Thumb Code     4  stm32f4xx_tim.o(.text)
    TIM_SetCompare4                          0x08087eaf   Thumb Code     4  stm32f4xx_tim.o(.text)
    TIM_ForcedOC1Config                      0x08087eb3   Thumb Code    18  stm32f4xx_tim.o(.text)
    TIM_ForcedOC2Config                      0x08087ec5   Thumb Code    26  stm32f4xx_tim.o(.text)
    TIM_ForcedOC3Config                      0x08087edf   Thumb Code    18  stm32f4xx_tim.o(.text)
    TIM_ForcedOC4Config                      0x08087ef1   Thumb Code    26  stm32f4xx_tim.o(.text)
    TIM_OC1PreloadConfig                     0x08087f0b   Thumb Code    18  stm32f4xx_tim.o(.text)
    TIM_OC2PreloadConfig                     0x08087f1d   Thumb Code    26  stm32f4xx_tim.o(.text)
    TIM_OC3PreloadConfig                     0x08087f37   Thumb Code    18  stm32f4xx_tim.o(.text)
    TIM_OC4PreloadConfig                     0x08087f49   Thumb Code    26  stm32f4xx_tim.o(.text)
    TIM_OC1FastConfig                        0x08087f63   Thumb Code    18  stm32f4xx_tim.o(.text)
    TIM_OC2FastConfig                        0x08087f75   Thumb Code    26  stm32f4xx_tim.o(.text)
    TIM_OC3FastConfig                        0x08087f8f   Thumb Code    18  stm32f4xx_tim.o(.text)
    TIM_OC4FastConfig                        0x08087fa1   Thumb Code    26  stm32f4xx_tim.o(.text)
    TIM_ClearOC1Ref                          0x08087fbb   Thumb Code    18  stm32f4xx_tim.o(.text)
    TIM_ClearOC2Ref                          0x08087fcd   Thumb Code    24  stm32f4xx_tim.o(.text)
    TIM_ClearOC3Ref                          0x08087fe5   Thumb Code    18  stm32f4xx_tim.o(.text)
    TIM_ClearOC4Ref                          0x08087ff7   Thumb Code    24  stm32f4xx_tim.o(.text)
    TIM_OC1PolarityConfig                    0x0808800f   Thumb Code    18  stm32f4xx_tim.o(.text)
    TIM_OC1NPolarityConfig                   0x08088021   Thumb Code    18  stm32f4xx_tim.o(.text)
    TIM_OC2PolarityConfig                    0x08088033   Thumb Code    26  stm32f4xx_tim.o(.text)
    TIM_OC2NPolarityConfig                   0x0808804d   Thumb Code    26  stm32f4xx_tim.o(.text)
    TIM_OC3PolarityConfig                    0x08088067   Thumb Code    26  stm32f4xx_tim.o(.text)
    TIM_OC3NPolarityConfig                   0x08088081   Thumb Code    26  stm32f4xx_tim.o(.text)
    TIM_OC4PolarityConfig                    0x0808809b   Thumb Code    26  stm32f4xx_tim.o(.text)
    TIM_CCxCmd                               0x080880b5   Thumb Code    30  stm32f4xx_tim.o(.text)
    TIM_CCxNCmd                              0x080880d3   Thumb Code    30  stm32f4xx_tim.o(.text)
    TIM_SetIC4Prescaler                      0x080880f1   Thumb Code    26  stm32f4xx_tim.o(.text)
    TIM_SetIC3Prescaler                      0x0808815b   Thumb Code    18  stm32f4xx_tim.o(.text)
    TIM_SetIC2Prescaler                      0x080881b5   Thumb Code    26  stm32f4xx_tim.o(.text)
    TIM_SetIC1Prescaler                      0x08088229   Thumb Code    18  stm32f4xx_tim.o(.text)
    TIM_ICInit                               0x08088275   Thumb Code   110  stm32f4xx_tim.o(.text)
    TIM_ICStructInit                         0x080882e3   Thumb Code    18  stm32f4xx_tim.o(.text)
    TIM_PWMIConfig                           0x080882f5   Thumb Code   124  stm32f4xx_tim.o(.text)
    TIM_GetCapture1                          0x08088371   Thumb Code     6  stm32f4xx_tim.o(.text)
    TIM_GetCapture2                          0x08088377   Thumb Code     6  stm32f4xx_tim.o(.text)
    TIM_GetCapture3                          0x0808837d   Thumb Code     6  stm32f4xx_tim.o(.text)
    TIM_GetCapture4                          0x08088383   Thumb Code     6  stm32f4xx_tim.o(.text)
    TIM_BDTRConfig                           0x08088389   Thumb Code    32  stm32f4xx_tim.o(.text)
    TIM_BDTRStructInit                       0x080883a9   Thumb Code    18  stm32f4xx_tim.o(.text)
    TIM_CtrlPWMOutputs                       0x080883bb   Thumb Code    30  stm32f4xx_tim.o(.text)
    TIM_SelectCOM                            0x080883d9   Thumb Code    24  stm32f4xx_tim.o(.text)
    TIM_CCPreloadControl                     0x080883f1   Thumb Code    24  stm32f4xx_tim.o(.text)
    TIM_ITConfig                             0x08088409   Thumb Code    18  stm32f4xx_tim.o(.text)
    TIM_GenerateEvent                        0x0808841b   Thumb Code     4  stm32f4xx_tim.o(.text)
    TIM_GetFlagStatus                        0x0808841f   Thumb Code    18  stm32f4xx_tim.o(.text)
    TIM_ClearFlag                            0x08088431   Thumb Code     6  stm32f4xx_tim.o(.text)
    TIM_GetITStatus                          0x08088437   Thumb Code    34  stm32f4xx_tim.o(.text)
    TIM_ClearITPendingBit                    0x08088459   Thumb Code     6  stm32f4xx_tim.o(.text)
    TIM_DMAConfig                            0x0808845f   Thumb Code    10  stm32f4xx_tim.o(.text)
    TIM_DMACmd                               0x08088469   Thumb Code    18  stm32f4xx_tim.o(.text)
    TIM_SelectCCDMA                          0x0808847b   Thumb Code    24  stm32f4xx_tim.o(.text)
    TIM_InternalClockConfig                  0x08088493   Thumb Code    12  stm32f4xx_tim.o(.text)
    TIM_SelectInputTrigger                   0x0808849f   Thumb Code    18  stm32f4xx_tim.o(.text)
    TIM_ITRxExternalClockConfig              0x080884b1   Thumb Code    24  stm32f4xx_tim.o(.text)
    TIM_TIxExternalClockConfig               0x080884c9   Thumb Code    62  stm32f4xx_tim.o(.text)
    TIM_ETRConfig                            0x08088507   Thumb Code    28  stm32f4xx_tim.o(.text)
    TIM_ETRClockMode1Config                  0x08088523   Thumb Code    54  stm32f4xx_tim.o(.text)
    TIM_ETRClockMode2Config                  0x08088559   Thumb Code    32  stm32f4xx_tim.o(.text)
    TIM_SelectOutputTrigger                  0x08088579   Thumb Code    18  stm32f4xx_tim.o(.text)
    TIM_SelectSlaveMode                      0x0808858b   Thumb Code    18  stm32f4xx_tim.o(.text)
    TIM_SelectMasterSlaveMode                0x0808859d   Thumb Code    18  stm32f4xx_tim.o(.text)
    TIM_EncoderInterfaceConfig               0x080885af   Thumb Code    66  stm32f4xx_tim.o(.text)
    TIM_SelectHallSensor                     0x080885f1   Thumb Code    24  stm32f4xx_tim.o(.text)
    TIM_RemapConfig                          0x08088609   Thumb Code     6  stm32f4xx_tim.o(.text)
    EXTI_DeInit                              0x08088611   Thumb Code    28  stm32f4xx_exti.o(.text)
    EXTI_Init                                0x0808862d   Thumb Code   142  stm32f4xx_exti.o(.text)
    EXTI_StructInit                          0x080886bb   Thumb Code    16  stm32f4xx_exti.o(.text)
    EXTI_GenerateSWInterrupt                 0x080886cb   Thumb Code    16  stm32f4xx_exti.o(.text)
    EXTI_GetFlagStatus                       0x080886db   Thumb Code    22  stm32f4xx_exti.o(.text)
    EXTI_ClearFlag                           0x080886f1   Thumb Code     8  stm32f4xx_exti.o(.text)
    EXTI_GetITStatus                         0x080886f9   Thumb Code    22  stm32f4xx_exti.o(.text)
    EXTI_ClearITPendingBit                   0x0808870f   Thumb Code     8  stm32f4xx_exti.o(.text)
    PWR_DeInit                               0x08088721   Thumb Code    22  stm32f4xx_pwr.o(.text)
    PWR_BackupAccessCmd                      0x08088737   Thumb Code     6  stm32f4xx_pwr.o(.text)
    PWR_PVDLevelConfig                       0x0808873d   Thumb Code    18  stm32f4xx_pwr.o(.text)
    PWR_PVDCmd                               0x0808874f   Thumb Code     6  stm32f4xx_pwr.o(.text)
    PWR_WakeUpPinCmd                         0x08088755   Thumb Code     8  stm32f4xx_pwr.o(.text)
    PWR_BackupRegulatorCmd                   0x0808875d   Thumb Code     8  stm32f4xx_pwr.o(.text)
    PWR_MainRegulatorModeConfig              0x08088765   Thumb Code    18  stm32f4xx_pwr.o(.text)
    PWR_OverDriveCmd                         0x08088777   Thumb Code     6  stm32f4xx_pwr.o(.text)
    PWR_OverDriveSWCmd                       0x0808877d   Thumb Code     6  stm32f4xx_pwr.o(.text)
    PWR_UnderDriveCmd                        0x08088783   Thumb Code    30  stm32f4xx_pwr.o(.text)
    PWR_MainRegulatorLowVoltageCmd           0x080887a1   Thumb Code    18  stm32f4xx_pwr.o(.text)
    PWR_LowRegulatorLowVoltageCmd            0x080887b3   Thumb Code    18  stm32f4xx_pwr.o(.text)
    PWR_FlashPowerDownCmd                    0x080887c5   Thumb Code     6  stm32f4xx_pwr.o(.text)
    PWR_EnterSTOPMode                        0x080887cb   Thumb Code    58  stm32f4xx_pwr.o(.text)
    PWR_EnterUnderDriveSTOPMode              0x08088805   Thumb Code    58  stm32f4xx_pwr.o(.text)
    PWR_EnterSTANDBYMode                     0x0808883f   Thumb Code    32  stm32f4xx_pwr.o(.text)
    PWR_GetFlagStatus                        0x0808885f   Thumb Code    20  stm32f4xx_pwr.o(.text)
    PWR_ClearFlag                            0x08088873   Thumb Code    14  stm32f4xx_pwr.o(.text)
    usmart_sys_cmd_exe                       0x0808888d   Thumb Code  1554  usmart.o(.text)
    usmart_reset_runtime                     0x08088e9f   Thumb Code    38  usmart.o(.text)
    usmart_get_runtime                       0x08088ec5   Thumb Code    60  usmart.o(.text)
    TIM4_IRQHandler                          0x08088f01   Thumb Code    46  usmart.o(.text)
    Timer4_Init                              0x08088f2f   Thumb Code    86  usmart.o(.text)
    usmart_init                              0x08088f85   Thumb Code    36  usmart.o(.text)
    usmart_cmd_rec                           0x08088fa9   Thumb Code   170  usmart.o(.text)
    usmart_exe                               0x08089053   Thumb Code   868  usmart.o(.text)
    usmart_scan                              0x080893b7   Thumb Code   120  usmart.o(.text)
    read_addr                                0x0808942f   Thumb Code     6  usmart.o(.text)
    write_addr                               0x08089435   Thumb Code     4  usmart.o(.text)
    usmart_strcmp                            0x080894c1   Thumb Code    34  usmart_str.o(.text)
    usmart_strcopy                           0x080894e3   Thumb Code    22  usmart_str.o(.text)
    usmart_strlen                            0x080894f9   Thumb Code    24  usmart_str.o(.text)
    usmart_pow                               0x08089511   Thumb Code    22  usmart_str.o(.text)
    usmart_str2num                           0x08089527   Thumb Code   202  usmart_str.o(.text)
    usmart_get_cmdname                       0x080895f1   Thumb Code    54  usmart_str.o(.text)
    usmart_search_nextc                      0x08089627   Thumb Code    22  usmart_str.o(.text)
    usmart_get_fname                         0x0808963d   Thumb Code   440  usmart_str.o(.text)
    usmart_get_aparm                         0x080897f5   Thumb Code   200  usmart_str.o(.text)
    usmart_get_parmpos                       0x080898bd   Thumb Code    26  usmart_str.o(.text)
    usmart_get_fparam                        0x080898d7   Thumb Code   262  usmart_str.o(.text)
    __use_no_semihosting                     0x080899e9   Thumb Code     2  use_no_semi_2.o(.text)
    __2printf                                0x080899ed   Thumb Code    20  noretval__2printf.o(.text)
    __2sprintf                               0x08089a05   Thumb Code    34  noretval__2sprintf.o(.text)
    _printf_pre_padding                      0x08089a2d   Thumb Code    44  _printf_pad.o(.text)
    _printf_post_padding                     0x08089a59   Thumb Code    34  _printf_pad.o(.text)
    _printf_str                              0x08089a7b   Thumb Code    82  _printf_str.o(.text)
    _printf_int_dec                          0x08089acd   Thumb Code   104  _printf_dec.o(.text)
    _printf_int_hex                          0x08089b45   Thumb Code    84  _printf_hex_int.o(.text)
    _printf_longlong_hex                     0x08089b45   Thumb Code     0  _printf_hex_int.o(.text)
    __printf                                 0x08089b9d   Thumb Code   388  __printf_flags_ss_wp.o(.text)
    __use_two_region_memory                  0x08089d25   Thumb Code     2  heapauxi.o(.text)
    __rt_heap_escrow$2region                 0x08089d27   Thumb Code     2  heapauxi.o(.text)
    __rt_heap_expand$2region                 0x08089d29   Thumb Code     2  heapauxi.o(.text)
    __I$use$semihosting                      0x08089d2b   Thumb Code     0  use_no_semi.o(.text)
    __use_no_semihosting_swi                 0x08089d2b   Thumb Code     2  use_no_semi.o(.text)
    _printf_int_common                       0x08089d2d   Thumb Code   178  _printf_intcommon.o(.text)
    _printf_char_common                      0x08089deb   Thumb Code    32  _printf_char_common.o(.text)
    _sputc                                   0x08089e11   Thumb Code    10  _sputc.o(.text)
    _printf_cs_common                        0x08089e1b   Thumb Code    20  _printf_char.o(.text)
    _printf_char                             0x08089e2f   Thumb Code    16  _printf_char.o(.text)
    _printf_string                           0x08089e3f   Thumb Code     8  _printf_char.o(.text)
    _printf_char_file                        0x08089e49   Thumb Code    32  _printf_char_file.o(.text)
    ferror                                   0x08089e6d   Thumb Code     8  ferror.o(.text)
    __user_setup_stackheap                   0x08089e75   Thumb Code    74  sys_stackheap_outer.o(.text)
    exit                                     0x08089ebf   Thumb Code    12  exit.o(.text)
    __user_libspace                          0x08089ecd   Thumb Code     8  libspace.o(.text)
    __user_perproc_libspace                  0x08089ecd   Thumb Code     0  libspace.o(.text)
    __user_perthread_libspace                0x08089ecd   Thumb Code     0  libspace.o(.text)
    _is_digit                                0x08089ed5   Thumb Code    14  __printf_wp.o(i._is_digit)
    __aeabi_d2uiz                            0x08089ee5   Thumb Code     0  dfixu.o(x$fpl$dfixu)
    _dfixu                                   0x08089ee5   Thumb Code    90  dfixu.o(x$fpl$dfixu)
    __aeabi_ui2d                             0x08089f3f   Thumb Code     0  dflt_clz.o(x$fpl$dfltu)
    _dfltu                                   0x08089f3f   Thumb Code    38  dflt_clz.o(x$fpl$dfltu)
    __aeabi_dmul                             0x08089f65   Thumb Code     0  dmul.o(x$fpl$dmul)
    _dmul                                    0x08089f65   Thumb Code   332  dmul.o(x$fpl$dmul)
    __fpl_dnaninf                            0x0808a0b9   Thumb Code   156  dnaninf.o(x$fpl$dnaninf)
    __fpl_dretinf                            0x0808a155   Thumb Code    12  dretinf.o(x$fpl$dretinf)
    _fp_init                                 0x0808a161   Thumb Code    10  fpinit.o(x$fpl$fpinit)
    __fplib_config_fpu_vfp                   0x0808a169   Thumb Code     0  fpinit.o(x$fpl$fpinit)
    __fplib_config_pureend_doubles           0x0808a169   Thumb Code     0  fpinit.o(x$fpl$fpinit)
    __I$use$fp                               0x0808a16a   Number         0  usenofp.o(x$fpl$usenofp)
    asc2_1206                                0x0808a16a   Data        1140  lcd.o(.constdata)
    asc2_1608                                0x0808a5de   Data        1520  lcd.o(.constdata)
    asc2_2412                                0x0808abce   Data        3420  lcd.o(.constdata)
    FSMC_DefaultTimingStruct                 0x0808b92c   Data          28  stm32f4xx_fsmc.o(.constdata)
    Region$$Table$$Base                      0x0808bad8   Number         0  anon$$obj.o(Region$$Table)
    Region$$Table$$Limit                     0x0808baf8   Number         0  anon$$obj.o(Region$$Table)
    SystemCoreClock                          0x20000000   Data           4  system_stm32f4xx.o(.data)
    AHBPrescTable                            0x20000004   Data          16  system_stm32f4xx.o(.data)
    POINT_COLOR                              0x20000014   Data           2  lcd.o(.data)
    BACK_COLOR                               0x20000016   Data           2  lcd.o(.data)
    NVIC_InitStructure                       0x20000018   Data           4  rtc.o(.data)
    __stdout                                 0x20000020   Data           4  usart.o(.data)
    USART_RX_STA                             0x20000024   Data           2  usart.o(.data)
    RE                                       0x20000026   Data           1  usart.o(.data)
    sys_cmd_tab                              0x20000038   Data          28  usmart.o(.data)
    usmart_nametab                           0x20000054   Data          64  usmart_config.o(.data)
    usmart_dev                               0x20000094   Data         244  usmart_config.o(.data)
    lcddev                                   0x20000188   Data          14  lcd.o(.bss)
    USART_RX_BUF                             0x20000196   Data         200  usart.o(.bss)
    __libspace_start                         0x20000260   Data          96  libspace.o(.bss)
    __temporary_stack_top$libspace           0x200002c0   Data           0  libspace.o(.bss)



==============================================================================

Memory Map of the image

  Image Entry point : 0x08080189

  Load Region LR_IROM1 (Base: 0x08080000, Size: 0x0000bc80, Max: 0x00080000, ABSOLUTE, COMPRESSED[0x0000bb74])

    Execution Region ER_IROM1 (Base: 0x08080000, Size: 0x0000baf8, Max: 0x00080000, ABSOLUTE)

    Base Addr    Size         Type   Attr      Idx    E Section Name        Object

    0x08080000   0x00000188   Data   RO          396    RESET               startup_stm32f40_41xxx.o
    0x08080188   0x00000008   Code   RO          740  * !!!main             c_w.l(__main.o)
    0x08080190   0x00000034   Code   RO          930    !!!scatter          c_w.l(__scatter.o)
    0x080801c4   0x0000005a   Code   RO          928    !!dczerorl2         c_w.l(__dczerorl2.o)
    0x0808021e   0x00000002   PAD
    0x08080220   0x0000001c   Code   RO          932    !!handler_zi        c_w.l(__scatter_zi.o)
    0x0808023c   0x00000000   Code   RO          737    .ARM.Collect$$_printf_percent$$00000000  c_w.l(_printf_percent.o)
    0x0808023c   0x00000006   Code   RO          735    .ARM.Collect$$_printf_percent$$00000009  c_w.l(_printf_d.o)
    0x08080242   0x00000006   Code   RO          736    .ARM.Collect$$_printf_percent$$0000000A  c_w.l(_printf_u.o)
    0x08080248   0x00000006   Code   RO          734    .ARM.Collect$$_printf_percent$$0000000C  c_w.l(_printf_x.o)
    0x0808024e   0x00000006   Code   RO          732    .ARM.Collect$$_printf_percent$$00000013  c_w.l(_printf_c.o)
    0x08080254   0x00000006   Code   RO          733    .ARM.Collect$$_printf_percent$$00000014  c_w.l(_printf_s.o)
    0x0808025a   0x00000004   Code   RO          767    .ARM.Collect$$_printf_percent$$00000017  c_w.l(_printf_percent_end.o)
    0x0808025e   0x00000002   Code   RO          803    .ARM.Collect$$libinit$$00000000  c_w.l(libinit.o)
    0x08080260   0x00000004   Code   RO          809    .ARM.Collect$$libinit$$00000001  c_w.l(libinit2.o)
    0x08080264   0x00000000   Code   RO          812    .ARM.Collect$$libinit$$00000004  c_w.l(libinit2.o)
    0x08080264   0x00000000   Code   RO          815    .ARM.Collect$$libinit$$0000000A  c_w.l(libinit2.o)
    0x08080264   0x00000000   Code   RO          817    .ARM.Collect$$libinit$$0000000C  c_w.l(libinit2.o)
    0x08080264   0x00000000   Code   RO          819    .ARM.Collect$$libinit$$0000000E  c_w.l(libinit2.o)
    0x08080264   0x00000000   Code   RO          822    .ARM.Collect$$libinit$$00000011  c_w.l(libinit2.o)
    0x08080264   0x00000000   Code   RO          824    .ARM.Collect$$libinit$$00000013  c_w.l(libinit2.o)
    0x08080264   0x00000000   Code   RO          826    .ARM.Collect$$libinit$$00000015  c_w.l(libinit2.o)
    0x08080264   0x00000000   Code   RO          828    .ARM.Collect$$libinit$$00000017  c_w.l(libinit2.o)
    0x08080264   0x00000000   Code   RO          830    .ARM.Collect$$libinit$$00000019  c_w.l(libinit2.o)
    0x08080264   0x00000000   Code   RO          832    .ARM.Collect$$libinit$$0000001B  c_w.l(libinit2.o)
    0x08080264   0x00000000   Code   RO          834    .ARM.Collect$$libinit$$0000001D  c_w.l(libinit2.o)
    0x08080264   0x00000000   Code   RO          836    .ARM.Collect$$libinit$$0000001F  c_w.l(libinit2.o)
    0x08080264   0x00000000   Code   RO          838    .ARM.Collect$$libinit$$00000021  c_w.l(libinit2.o)
    0x08080264   0x00000000   Code   RO          840    .ARM.Collect$$libinit$$00000023  c_w.l(libinit2.o)
    0x08080264   0x00000000   Code   RO          842    .ARM.Collect$$libinit$$00000025  c_w.l(libinit2.o)
    0x08080264   0x00000000   Code   RO          846    .ARM.Collect$$libinit$$0000002C  c_w.l(libinit2.o)
    0x08080264   0x00000000   Code   RO          848    .ARM.Collect$$libinit$$0000002E  c_w.l(libinit2.o)
    0x08080264   0x00000000   Code   RO          850    .ARM.Collect$$libinit$$00000030  c_w.l(libinit2.o)
    0x08080264   0x00000000   Code   RO          852    .ARM.Collect$$libinit$$00000032  c_w.l(libinit2.o)
    0x08080264   0x00000002   Code   RO          853    .ARM.Collect$$libinit$$00000033  c_w.l(libinit2.o)
    0x08080266   0x00000002   Code   RO          871    .ARM.Collect$$libshutdown$$00000000  c_w.l(libshutdown.o)
    0x08080268   0x00000000   Code   RO          882    .ARM.Collect$$libshutdown$$00000003  c_w.l(libshutdown2.o)
    0x08080268   0x00000000   Code   RO          885    .ARM.Collect$$libshutdown$$00000006  c_w.l(libshutdown2.o)
    0x08080268   0x00000000   Code   RO          888    .ARM.Collect$$libshutdown$$00000009  c_w.l(libshutdown2.o)
    0x08080268   0x00000000   Code   RO          890    .ARM.Collect$$libshutdown$$0000000B  c_w.l(libshutdown2.o)
    0x08080268   0x00000000   Code   RO          893    .ARM.Collect$$libshutdown$$0000000E  c_w.l(libshutdown2.o)
    0x08080268   0x00000002   Code   RO          894    .ARM.Collect$$libshutdown$$0000000F  c_w.l(libshutdown2.o)
    0x0808026a   0x00000000   Code   RO          756    .ARM.Collect$$rtentry$$00000000  c_w.l(__rtentry.o)
    0x0808026a   0x00000000   Code   RO          774    .ARM.Collect$$rtentry$$00000002  c_w.l(__rtentry2.o)
    0x0808026a   0x00000006   Code   RO          786    .ARM.Collect$$rtentry$$00000004  c_w.l(__rtentry4.o)
    0x08080270   0x00000000   Code   RO          776    .ARM.Collect$$rtentry$$00000009  c_w.l(__rtentry2.o)
    0x08080270   0x00000004   Code   RO          777    .ARM.Collect$$rtentry$$0000000A  c_w.l(__rtentry2.o)
    0x08080274   0x00000000   Code   RO          779    .ARM.Collect$$rtentry$$0000000C  c_w.l(__rtentry2.o)
    0x08080274   0x00000008   Code   RO          780    .ARM.Collect$$rtentry$$0000000D  c_w.l(__rtentry2.o)
    0x0808027c   0x00000002   Code   RO          807    .ARM.Collect$$rtexit$$00000000  c_w.l(rtexit.o)
    0x0808027e   0x00000000   Code   RO          855    .ARM.Collect$$rtexit$$00000002  c_w.l(rtexit2.o)
    0x0808027e   0x00000004   Code   RO          856    .ARM.Collect$$rtexit$$00000003  c_w.l(rtexit2.o)
    0x08080282   0x00000006   Code   RO          857    .ARM.Collect$$rtexit$$00000004  c_w.l(rtexit2.o)
    0x08080288   0x00000208   Code   RO            3    .text               main.o
    0x08080490   0x0000001a   Code   RO          165    .text               stm32f4xx_it.o
    0x080804aa   0x00000002   PAD
    0x080804ac   0x00000210   Code   RO          214    .text               system_stm32f4xx.o
    0x080806bc   0x00000040   Code   RO          240    .text               led.o
    0x080806fc   0x00004c80   Code   RO          264    .text               lcd.o
    0x0808537c   0x00000244   Code   RO          302    .text               rtc.o
    0x080855c0   0x00000104   Code   RO          325    .text               delay.o
    0x080856c4   0x00000114   Code   RO          365    .text               usart.o
    0x080857d8   0x00000040   Code   RO          397    .text               startup_stm32f40_41xxx.o
    0x08085818   0x000000e0   Code   RO          403    .text               misc.o
    0x080858f8   0x00000294   Code   RO          423    .text               stm32f4xx_gpio.o
    0x08085b8c   0x000005c8   Code   RO          443    .text               stm32f4xx_fsmc.o
    0x08086154   0x0000065c   Code   RO          466    .text               stm32f4xx_rcc.o
    0x080867b0   0x00000454   Code   RO          508    .text               stm32f4xx_usart.o
    0x08086c04   0x00000d68   Code   RO          528    .text               stm32f4xx_rtc.o
    0x0808796c   0x00000ca2   Code   RO          548    .text               stm32f4xx_tim.o
    0x0808860e   0x00000002   PAD
    0x08088610   0x00000110   Code   RO          568    .text               stm32f4xx_exti.o
    0x08088720   0x0000016c   Code   RO          588    .text               stm32f4xx_pwr.o
    0x0808888c   0x00000c34   Code   RO          608    .text               usmart.o
    0x080894c0   0x00000528   Code   RO          653    .text               usmart_str.o
    0x080899e8   0x00000002   Code   RO          673    .text               c_w.l(use_no_semi_2.o)
    0x080899ea   0x00000002   PAD
    0x080899ec   0x00000018   Code   RO          679    .text               c_w.l(noretval__2printf.o)
    0x08089a04   0x00000028   Code   RO          681    .text               c_w.l(noretval__2sprintf.o)
    0x08089a2c   0x0000004e   Code   RO          685    .text               c_w.l(_printf_pad.o)
    0x08089a7a   0x00000052   Code   RO          687    .text               c_w.l(_printf_str.o)
    0x08089acc   0x00000078   Code   RO          689    .text               c_w.l(_printf_dec.o)
    0x08089b44   0x00000058   Code   RO          694    .text               c_w.l(_printf_hex_int.o)
    0x08089b9c   0x00000188   Code   RO          729    .text               c_w.l(__printf_flags_ss_wp.o)
    0x08089d24   0x00000006   Code   RO          738    .text               c_w.l(heapauxi.o)
    0x08089d2a   0x00000002   Code   RO          754    .text               c_w.l(use_no_semi.o)
    0x08089d2c   0x000000b2   Code   RO          757    .text               c_w.l(_printf_intcommon.o)
    0x08089dde   0x00000002   PAD
    0x08089de0   0x00000030   Code   RO          759    .text               c_w.l(_printf_char_common.o)
    0x08089e10   0x0000000a   Code   RO          761    .text               c_w.l(_sputc.o)
    0x08089e1a   0x0000002c   Code   RO          763    .text               c_w.l(_printf_char.o)
    0x08089e46   0x00000002   PAD
    0x08089e48   0x00000024   Code   RO          765    .text               c_w.l(_printf_char_file.o)
    0x08089e6c   0x00000008   Code   RO          790    .text               c_w.l(ferror.o)
    0x08089e74   0x0000004a   Code   RO          794    .text               c_w.l(sys_stackheap_outer.o)
    0x08089ebe   0x0000000c   Code   RO          796    .text               c_w.l(exit.o)
    0x08089eca   0x00000002   PAD
    0x08089ecc   0x00000008   Code   RO          804    .text               c_w.l(libspace.o)
    0x08089ed4   0x0000000e   Code   RO          722    i._is_digit         c_w.l(__printf_wp.o)
    0x08089ee2   0x00000002   PAD
    0x08089ee4   0x0000005a   Code   RO          742    x$fpl$dfixu         fz_wm.l(dfixu.o)
    0x08089f3e   0x00000026   Code   RO          746    x$fpl$dfltu         fz_wm.l(dflt_clz.o)
    0x08089f64   0x00000154   Code   RO          752    x$fpl$dmul          fz_wm.l(dmul.o)
    0x0808a0b8   0x0000009c   Code   RO          768    x$fpl$dnaninf       fz_wm.l(dnaninf.o)
    0x0808a154   0x0000000c   Code   RO          770    x$fpl$dretinf       fz_wm.l(dretinf.o)
    0x0808a160   0x0000000a   Code   RO          863    x$fpl$fpinit        fz_wm.l(fpinit.o)
    0x0808a16a   0x00000000   Code   RO          772    x$fpl$usenofp       fz_wm.l(usenofp.o)
    0x0808a16a   0x000017c0   Data   RO          266    .constdata          lcd.o
    0x0808b92a   0x00000002   PAD
    0x0808b92c   0x0000001c   Data   RO          444    .constdata          stm32f4xx_fsmc.o
    0x0808b948   0x00000028   Data   RO          695    .constdata          c_w.l(_printf_hex_int.o)
    0x0808b970   0x00000011   Data   RO          730    .constdata          c_w.l(__printf_flags_ss_wp.o)
    0x0808b981   0x00000003   PAD
    0x0808b984   0x00000028   Data   RO          609    .conststring        usmart.o
    0x0808b9ac   0x0000012a   Data   RO          632    .conststring        usmart_config.o
    0x0808bad6   0x00000002   PAD
    0x0808bad8   0x00000020   Data   RO          926    Region$$Table       anon$$obj.o


    Execution Region RW_IRAM1 (Base: 0x20000000, Size: 0x000008c0, Max: 0x00020000, ABSOLUTE, COMPRESSED[0x0000007c])

    Base Addr    Size         Type   Attr      Idx    E Section Name        Object

    0x20000000   0x00000014   Data   RW          215    .data               system_stm32f4xx.o
    0x20000014   0x00000004   Data   RW          267    .data               lcd.o
    0x20000018   0x00000004   Data   RW          303    .data               rtc.o
    0x2000001c   0x00000004   Data   RW          326    .data               delay.o
    0x20000020   0x00000008   Data   RW          367    .data               usart.o
    0x20000028   0x00000010   Data   RW          467    .data               stm32f4xx_rcc.o
    0x20000038   0x0000001c   Data   RW          610    .data               usmart.o
    0x20000054   0x00000134   Data   RW          633    .data               usmart_config.o
    0x20000188   0x0000000e   Zero   RW          265    .bss                lcd.o
    0x20000196   0x000000c8   Zero   RW          366    .bss                usart.o
    0x2000025e   0x00000002   PAD
    0x20000260   0x00000060   Zero   RW          805    .bss                c_w.l(libspace.o)
    0x200002c0   0x00000200   Zero   RW          395    HEAP                startup_stm32f40_41xxx.o
    0x200004c0   0x00000400   Zero   RW          394    STACK               startup_stm32f40_41xxx.o


==============================================================================

Image component sizes


      Code (inc. data)   RO Data    RW Data    ZI Data      Debug   Object Name

       260          8          0          4          0       1489   delay.o
     19584        174       6080          4         14      22402   lcd.o
        64          4          0          0          0        551   led.o
       520        140          0          0          0     333994   main.o
       224         20          0          0          0       1873   misc.o
       580         22          0          4          0       2744   rtc.o
        64         26        392          0       1536        852   startup_stm32f40_41xxx.o
       272         10          0          0          0       2319   stm32f4xx_exti.o
      1480         18         28          0          0       5698   stm32f4xx_fsmc.o
       660         44          0          0          0       4149   stm32f4xx_gpio.o
        26          0          0          0          0       1250   stm32f4xx_it.o
       364         12          0          0          0       3763   stm32f4xx_pwr.o
      1628         52          0         16          0      12964   stm32f4xx_rcc.o
      3432         44          0          0          0      15108   stm32f4xx_rtc.o
      3234         60          0          0          0      22352   stm32f4xx_tim.o
      1108         34          0          0          0       7848   stm32f4xx_usart.o
       528         46          0         20          0       1859   system_stm32f4xx.o
       276         16          0          8        200       3405   usart.o
      3124       1286         40         28          0       4450   usmart.o
         0          0        298        308          0       1604   usmart_config.o
      1320         12          0          0          0       5217   usmart_str.o

    ----------------------------------------------------------------------
     38752       2028       6874        392       1752     455891   Object Totals
         0          0         32          0          0          0   (incl. Generated)
         4          0          4          0          2          0   (incl. Padding)

    ----------------------------------------------------------------------

      Code (inc. data)   RO Data    RW Data    ZI Data      Debug   Library Member Name

        90          0          0          0          0          0   __dczerorl2.o
         8          0          0          0          0         68   __main.o
       392          4         17          0          0         92   __printf_flags_ss_wp.o
        14          0          0          0          0         68   __printf_wp.o
         0          0          0          0          0          0   __rtentry.o
        12          0          0          0          0          0   __rtentry2.o
         6          0          0          0          0          0   __rtentry4.o
        52          8          0          0          0          0   __scatter.o
        28          0          0          0          0          0   __scatter_zi.o
         6          0          0          0          0          0   _printf_c.o
        44          0          0          0          0        108   _printf_char.o
        48          6          0          0          0         96   _printf_char_common.o
        36          4          0          0          0         80   _printf_char_file.o
         6          0          0          0          0          0   _printf_d.o
       120         16          0          0          0         92   _printf_dec.o
        88          4         40          0          0         88   _printf_hex_int.o
       178          0          0          0          0         88   _printf_intcommon.o
        78          0          0          0          0        108   _printf_pad.o
         0          0          0          0          0          0   _printf_percent.o
         4          0          0          0          0          0   _printf_percent_end.o
         6          0          0          0          0          0   _printf_s.o
        82          0          0          0          0         80   _printf_str.o
         6          0          0          0          0          0   _printf_u.o
         6          0          0          0          0          0   _printf_x.o
        10          0          0          0          0         68   _sputc.o
        12          0          0          0          0         72   exit.o
         8          0          0          0          0         68   ferror.o
         6          0          0          0          0        152   heapauxi.o
         2          0          0          0          0          0   libinit.o
         6          0          0          0          0          0   libinit2.o
         2          0          0          0          0          0   libshutdown.o
         2          0          0          0          0          0   libshutdown2.o
         8          4          0          0         96         68   libspace.o
        24          4          0          0          0         84   noretval__2printf.o
        40          6          0          0          0         84   noretval__2sprintf.o
         2          0          0          0          0          0   rtexit.o
        10          0          0          0          0          0   rtexit2.o
        74          0          0          0          0         80   sys_stackheap_outer.o
         2          0          0          0          0         68   use_no_semi.o
         2          0          0          0          0         68   use_no_semi_2.o
        90          4          0          0          0        140   dfixu.o
        38          0          0          0          0        116   dflt_clz.o
       340         12          0          0          0        152   dmul.o
       156          4          0          0          0        140   dnaninf.o
        12          0          0          0          0        116   dretinf.o
        10          0          0          0          0        116   fpinit.o
         0          0          0          0          0          0   usenofp.o

    ----------------------------------------------------------------------
      2178         76         60          0         96       2560   Library Totals
        12          0          3          0          0          0   (incl. Padding)

    ----------------------------------------------------------------------

      Code (inc. data)   RO Data    RW Data    ZI Data      Debug   Library Name

      1520         56         57          0         96       1780   c_w.l
       646         20          0          0          0        780   fz_wm.l

    ----------------------------------------------------------------------
      2178         76         60          0         96       2560   Library Totals

    ----------------------------------------------------------------------

==============================================================================


      Code (inc. data)   RO Data    RW Data    ZI Data      Debug   

     40930       2104       6934        392       1848     452267   Grand Totals
     40930       2104       6934        124       1848     452267   ELF Image Totals (compressed)
     40930       2104       6934        124          0          0   ROM Totals

==============================================================================

    Total RO  Size (Code + RO Data)                47864 (  46.74kB)
    Total RW  Size (RW Data + ZI Data)              2240 (   2.19kB)
    Total ROM Size (Code + RO Data + RW Data)      47988 (  46.86kB)

==============================================================================

