<html>
<body>
<pre>
<h1>礦ision Build Log</h1>
<h2>Tool Versions:</h2>
IDE-Version: μVision V5.14.0.0
Copyright (C) 2015 ARM Ltd and ARM Germany GmbH. All rights reserved.
License Information: WUMING FENG, WU, LIC=0VRJ7-EUGTI-PHI89-4X9IX-YJSC5-ZI6T0
 
Tool Versions:
Toolchain:       MDK-ARM Professional  Version: 5.14.0.0
Toolchain Path:  D:\MDK5\ARM\ARMCC\Bin
C Compiler:      Armcc.exe V5.05 update 1 (build 106)
Assembler:       Armasm.exe V5.05 update 1 (build 106)
Linker/Locator:  ArmLink.exe V5.05 update 1 (build 106)
Library Manager: ArmAr.exe V5.05 update 1 (build 106)
Hex Converter:   FromElf.exe V5.05 update 1 (build 106)
CPU DLL:         SARMCM3.DLL V5.14.0.0
Dialog DLL:      DCM.DLL V1.13.1.0
Target DLL:      STLink\ST-LINKIII-KEIL_SWO.dll V2.0.14.0_KEIL
Dialog DLL:      TCM.DLL V1.14.4.0
 
<h2>Project:</h2>
C:\Users\Lenovo\Desktop\IAP 多任务\EXTI\user\template.uvprojx
Project File Date:  10/30/2020

<h2>Output:</h2>
Build target 'EXT1'
compiling system_stm32f4xx.c...
linking...
Program Size: Code=3484 RO-data=424 RW-data=28 ZI-data=1636  
FromELF: creating hex file...
After Build - User command #1: D:\MDK5\ARM\ARMCC\bin\fromelf.exe --bin -o  ..\OBJ\EXIT3.bin ..\OBJ\EXTI.axf
"..\OBJ\EXTI.axf" - 0 Error(s), 0 Warning(s).

<h2>Collection of Component include folders:</h2>
  C:\Users\Lenovo\Desktop\IAP 多任务\EXTI\user\RTE
  D:\MDK5\ARM\PACK\Keil\STM32F4xx_DFP\1.0.8\Device\Include

<h2>Collection of Component Files used:</h2>
</pre>
</body>
</html>
