Component: ARM Compiler 5.05 update 1 (build 106) Tool: armlink [4d0efa]

==============================================================================

Section Cross References

    main.o(i.main) refers to _printf_percent.o(.ARM.Collect$$_printf_percent$$00000000) for _printf_percent
    main.o(i.main) refers to _printf_d.o(.ARM.Collect$$_printf_percent$$00000009) for _printf_d
    main.o(i.main) refers to _printf_dec.o(.text) for _printf_int_dec
    main.o(i.main) refers to misc.o(i.NVIC_PriorityGroupConfig) for NVIC_PriorityGroupConfig
    main.o(i.main) refers to delay.o(i.delay_init) for delay_init
    main.o(i.main) refers to usart.o(i.uart_init) for uart_init
    main.o(i.main) refers to led.o(i.LED_Init) for LED_Init
    main.o(i.main) refers to lcd.o(i.LCD_Init) for LCD_Init
    main.o(i.main) refers to key.o(i.KEY_Init) for KEY_Init
    main.o(i.main) refers to lcd.o(i.LCD_ShowString) for LCD_ShowString
    main.o(i.main) refers to noretval__2printf.o(.text) for __2printf
    main.o(i.main) refers to delay.o(i.delay_ms) for delay_ms
    main.o(i.main) refers to lcd.o(i.LCD_Fill) for LCD_Fill
    main.o(i.main) refers to key.o(i.KEY_Scan) for KEY_Scan
    main.o(i.main) refers to iap.o(i.iap_write_appbin) for iap_write_appbin
    main.o(i.main) refers to iap.o(i.iap_load_app) for iap_load_app
    main.o(i.main) refers to lcd.o(.data) for POINT_COLOR
    main.o(i.main) refers to usart.o(.data) for USART_RX_CNT
    main.o(i.main) refers to main.o(.data) for write_cnt
    main.o(i.main) refers to usart.o(.ARM.__AT_0x20001000) for USART_RX_BUF
    system_stm32f4xx.o(i.SystemCoreClockUpdate) refers to system_stm32f4xx.o(.data) for SystemCoreClock
    system_stm32f4xx.o(i.SystemInit) refers to system_stm32f4xx.o(i.SetSysClock) for SetSysClock
    led.o(i.LED_Init) refers to stm32f4xx_rcc.o(i.RCC_AHB1PeriphClockCmd) for RCC_AHB1PeriphClockCmd
    led.o(i.LED_Init) refers to stm32f4xx_gpio.o(i.GPIO_Init) for GPIO_Init
    led.o(i.LED_Init) refers to stm32f4xx_gpio.o(i.GPIO_SetBits) for GPIO_SetBits
    key.o(i.KEY_Init) refers to stm32f4xx_rcc.o(i.RCC_AHB1PeriphClockCmd) for RCC_AHB1PeriphClockCmd
    key.o(i.KEY_Init) refers to stm32f4xx_gpio.o(i.GPIO_Init) for GPIO_Init
    key.o(i.KEY_Scan) refers to stm32f4xx_gpio.o(i.GPIO_ReadInputDataBit) for GPIO_ReadInputDataBit
    key.o(i.KEY_Scan) refers to delay.o(i.delay_ms) for delay_ms
    key.o(i.KEY_Scan) refers to key.o(.data) for key_up
    lcd.o(i.LCD_Clear) refers to lcd.o(i.LCD_SetCursor) for LCD_SetCursor
    lcd.o(i.LCD_Clear) refers to lcd.o(i.LCD_WriteRAM_Prepare) for LCD_WriteRAM_Prepare
    lcd.o(i.LCD_Clear) refers to lcd.o(.bss) for lcddev
    lcd.o(i.LCD_Color_Fill) refers to lcd.o(i.LCD_SetCursor) for LCD_SetCursor
    lcd.o(i.LCD_Color_Fill) refers to lcd.o(i.LCD_WriteRAM_Prepare) for LCD_WriteRAM_Prepare
    lcd.o(i.LCD_DisplayOff) refers to lcd.o(i.LCD_WR_REG) for LCD_WR_REG
    lcd.o(i.LCD_DisplayOff) refers to lcd.o(i.LCD_WriteReg) for LCD_WriteReg
    lcd.o(i.LCD_DisplayOff) refers to lcd.o(.bss) for lcddev
    lcd.o(i.LCD_DisplayOn) refers to lcd.o(i.LCD_WR_REG) for LCD_WR_REG
    lcd.o(i.LCD_DisplayOn) refers to lcd.o(i.LCD_WriteReg) for LCD_WriteReg
    lcd.o(i.LCD_DisplayOn) refers to lcd.o(.bss) for lcddev
    lcd.o(i.LCD_Display_Dir) refers to lcd.o(i.LCD_Scan_Dir) for LCD_Scan_Dir
    lcd.o(i.LCD_Display_Dir) refers to lcd.o(.bss) for lcddev
    lcd.o(i.LCD_DrawLine) refers to lcd.o(i.LCD_DrawPoint) for LCD_DrawPoint
    lcd.o(i.LCD_DrawPoint) refers to lcd.o(i.LCD_SetCursor) for LCD_SetCursor
    lcd.o(i.LCD_DrawPoint) refers to lcd.o(i.LCD_WriteRAM_Prepare) for LCD_WriteRAM_Prepare
    lcd.o(i.LCD_DrawPoint) refers to lcd.o(.data) for POINT_COLOR
    lcd.o(i.LCD_DrawRectangle) refers to lcd.o(i.LCD_DrawLine) for LCD_DrawLine
    lcd.o(i.LCD_Draw_Circle) refers to lcd.o(i.LCD_DrawPoint) for LCD_DrawPoint
    lcd.o(i.LCD_Fast_DrawPoint) refers to lcd.o(i.LCD_WR_REG) for LCD_WR_REG
    lcd.o(i.LCD_Fast_DrawPoint) refers to lcd.o(i.LCD_WR_DATA) for LCD_WR_DATA
    lcd.o(i.LCD_Fast_DrawPoint) refers to lcd.o(i.LCD_WriteReg) for LCD_WriteReg
    lcd.o(i.LCD_Fast_DrawPoint) refers to lcd.o(.bss) for lcddev
    lcd.o(i.LCD_Fill) refers to lcd.o(i.LCD_SetCursor) for LCD_SetCursor
    lcd.o(i.LCD_Fill) refers to lcd.o(i.LCD_WriteRAM_Prepare) for LCD_WriteRAM_Prepare
    lcd.o(i.LCD_Fill) refers to lcd.o(.bss) for lcddev
    lcd.o(i.LCD_Init) refers to _printf_percent.o(.ARM.Collect$$_printf_percent$$00000000) for _printf_percent
    lcd.o(i.LCD_Init) refers to _printf_x.o(.ARM.Collect$$_printf_percent$$0000000C) for _printf_x
    lcd.o(i.LCD_Init) refers to _printf_hex_int.o(.text) for _printf_longlong_hex
    lcd.o(i.LCD_Init) refers to stm32f4xx_rcc.o(i.RCC_AHB1PeriphClockCmd) for RCC_AHB1PeriphClockCmd
    lcd.o(i.LCD_Init) refers to stm32f4xx_rcc.o(i.RCC_AHB3PeriphClockCmd) for RCC_AHB3PeriphClockCmd
    lcd.o(i.LCD_Init) refers to stm32f4xx_gpio.o(i.GPIO_Init) for GPIO_Init
[...]
    Removing usart.o(.rev16_text), (4 bytes).
    Removing usart.o(.revsh_text), (4 bytes).
    Removing misc.o(.rev16_text), (4 bytes).
    Removing misc.o(.revsh_text), (4 bytes).
    Removing misc.o(i.NVIC_SetVectorTable), (20 bytes).
    Removing misc.o(i.NVIC_SystemLPConfig), (32 bytes).
    Removing stm32f4xx_gpio.o(.rev16_text), (4 bytes).
    Removing stm32f4xx_gpio.o(.revsh_text), (4 bytes).
    Removing stm32f4xx_gpio.o(i.GPIO_DeInit), (312 bytes).
    Removing stm32f4xx_gpio.o(i.GPIO_PinLockConfig), (34 bytes).
    Removing stm32f4xx_gpio.o(i.GPIO_ReadInputData), (8 bytes).
    Removing stm32f4xx_gpio.o(i.GPIO_ReadOutputData), (8 bytes).
    Removing stm32f4xx_gpio.o(i.GPIO_ReadOutputDataBit), (18 bytes).
    Removing stm32f4xx_gpio.o(i.GPIO_ResetBits), (4 bytes).
    Removing stm32f4xx_gpio.o(i.GPIO_StructInit), (18 bytes).
    Removing stm32f4xx_gpio.o(i.GPIO_ToggleBits), (8 bytes).
    Removing stm32f4xx_gpio.o(i.GPIO_Write), (4 bytes).
    Removing stm32f4xx_gpio.o(i.GPIO_WriteBit), (10 bytes).
    Removing stm32f4xx_fsmc.o(.rev16_text), (4 bytes).
    Removing stm32f4xx_fsmc.o(.revsh_text), (4 bytes).
    Removing stm32f4xx_fsmc.o(i.FSMC_ClearFlag), (64 bytes).
    Removing stm32f4xx_fsmc.o(i.FSMC_ClearITPendingBit), (72 bytes).
    Removing stm32f4xx_fsmc.o(i.FSMC_GetECC), (28 bytes).
    Removing stm32f4xx_fsmc.o(i.FSMC_GetFlagStatus), (56 bytes).
    Removing stm32f4xx_fsmc.o(i.FSMC_GetITStatus), (68 bytes).
    Removing stm32f4xx_fsmc.o(i.FSMC_ITConfig), (128 bytes).
    Removing stm32f4xx_fsmc.o(i.FSMC_NANDCmd), (92 bytes).
    Removing stm32f4xx_fsmc.o(i.FSMC_NANDDeInit), (68 bytes).
    Removing stm32f4xx_fsmc.o(i.FSMC_NANDECCCmd), (92 bytes).
    Removing stm32f4xx_fsmc.o(i.FSMC_NANDInit), (136 bytes).
    Removing stm32f4xx_fsmc.o(i.FSMC_NANDStructInit), (54 bytes).
    Removing stm32f4xx_fsmc.o(i.FSMC_NORSRAMDeInit), (54 bytes).
    Removing stm32f4xx_fsmc.o(i.FSMC_NORSRAMStructInit), (52 bytes).
    Removing stm32f4xx_fsmc.o(i.FSMC_PCCARDCmd), (48 bytes).
    Removing stm32f4xx_fsmc.o(i.FSMC_PCCARDDeInit), (40 bytes).
    Removing stm32f4xx_fsmc.o(i.FSMC_PCCARDInit), (132 bytes).
    Removing stm32f4xx_fsmc.o(i.FSMC_PCCARDStructInit), (60 bytes).
    Removing stm32f4xx_fsmc.o(.constdata), (28 bytes).
    Removing stm32f4xx_rcc.o(.rev16_text), (4 bytes).
    Removing stm32f4xx_rcc.o(.revsh_text), (4 bytes).
    Removing stm32f4xx_rcc.o(i.RCC_AHB1PeriphClockLPModeCmd), (32 bytes).
    Removing stm32f4xx_rcc.o(i.RCC_AHB1PeriphResetCmd), (32 bytes).
    Removing stm32f4xx_rcc.o(i.RCC_AHB2PeriphClockCmd), (32 bytes).
    Removing stm32f4xx_rcc.o(i.RCC_AHB2PeriphClockLPModeCmd), (32 bytes).
    Removing stm32f4xx_rcc.o(i.RCC_AHB2PeriphResetCmd), (32 bytes).
    Removing stm32f4xx_rcc.o(i.RCC_AHB3PeriphClockLPModeCmd), (32 bytes).
    Removing stm32f4xx_rcc.o(i.RCC_AHB3PeriphResetCmd), (32 bytes).
    Removing stm32f4xx_rcc.o(i.RCC_APB1PeriphClockCmd), (32 bytes).
    Removing stm32f4xx_rcc.o(i.RCC_APB1PeriphClockLPModeCmd), (32 bytes).
    Removing stm32f4xx_rcc.o(i.RCC_APB1PeriphResetCmd), (32 bytes).
    Removing stm32f4xx_rcc.o(i.RCC_APB2PeriphClockLPModeCmd), (32 bytes).
    Removing stm32f4xx_rcc.o(i.RCC_APB2PeriphResetCmd), (32 bytes).
    Removing stm32f4xx_rcc.o(i.RCC_AdjustHSICalibrationValue), (24 bytes).
    Removing stm32f4xx_rcc.o(i.RCC_BackupResetCmd), (12 bytes).
    Removing stm32f4xx_rcc.o(i.RCC_ClearFlag), (20 bytes).
    Removing stm32f4xx_rcc.o(i.RCC_ClearITPendingBit), (12 bytes).
    Removing stm32f4xx_rcc.o(i.RCC_ClockSecuritySystemCmd), (12 bytes).
    Removing stm32f4xx_rcc.o(i.RCC_DeInit), (100 bytes).
    Removing stm32f4xx_rcc.o(i.RCC_GetFlagStatus), (64 bytes).
    Removing stm32f4xx_rcc.o(i.RCC_GetITStatus), (24 bytes).
    Removing stm32f4xx_rcc.o(i.RCC_GetSYSCLKSource), (16 bytes).
    Removing stm32f4xx_rcc.o(i.RCC_HCLKConfig), (24 bytes).
    Removing stm32f4xx_rcc.o(i.RCC_HSEConfig), (16 bytes).
    Removing stm32f4xx_rcc.o(i.RCC_HSICmd), (12 bytes).
    Removing stm32f4xx_rcc.o(i.RCC_I2SCLKConfig), (12 bytes).
    Removing stm32f4xx_rcc.o(i.RCC_ITConfig), (32 bytes).
    Removing stm32f4xx_rcc.o(i.RCC_LSEConfig), (44 bytes).
    Removing stm32f4xx_rcc.o(i.RCC_LSEModeConfig), (36 bytes).
    Removing stm32f4xx_rcc.o(i.RCC_LSICmd), (12 bytes).
    Removing stm32f4xx_rcc.o(i.RCC_LTDCCLKDivConfig), (24 bytes).
    Removing stm32f4xx_rcc.o(i.RCC_MCO1Config), (28 bytes).
    Removing stm32f4xx_rcc.o(i.RCC_MCO2Config), (28 bytes).
    Removing stm32f4xx_rcc.o(i.RCC_PCLK1Config), (24 bytes).
    Removing stm32f4xx_rcc.o(i.RCC_PCLK2Config), (24 bytes).
    Removing stm32f4xx_rcc.o(i.RCC_PLLCmd), (12 bytes).
    Removing stm32f4xx_rcc.o(i.RCC_PLLConfig), (36 bytes).
    Removing stm32f4xx_rcc.o(i.RCC_PLLI2SCmd), (12 bytes).
    Removing stm32f4xx_rcc.o(i.RCC_PLLI2SConfig), (16 bytes).
    Removing stm32f4xx_rcc.o(i.RCC_PLLSAICmd), (12 bytes).
    Removing stm32f4xx_rcc.o(i.RCC_PLLSAIConfig), (24 bytes).
    Removing stm32f4xx_rcc.o(i.RCC_RTCCLKCmd), (12 bytes).
    Removing stm32f4xx_rcc.o(i.RCC_RTCCLKConfig), (60 bytes).
    Removing stm32f4xx_rcc.o(i.RCC_SAIBlockACLKConfig), (24 bytes).
    Removing stm32f4xx_rcc.o(i.RCC_SAIBlockBCLKConfig), (24 bytes).
    Removing stm32f4xx_rcc.o(i.RCC_SAIPLLI2SClkDivConfig), (28 bytes).
    Removing stm32f4xx_rcc.o(i.RCC_SAIPLLSAIClkDivConfig), (28 bytes).
    Removing stm32f4xx_rcc.o(i.RCC_SYSCLKConfig), (24 bytes).
    Removing stm32f4xx_rcc.o(i.RCC_TIMCLKPresConfig), (12 bytes).
    Removing stm32f4xx_rcc.o(i.RCC_WaitForHSEStartUp), (56 bytes).
    Removing stm32f4xx_syscfg.o(.rev16_text), (4 bytes).
    Removing stm32f4xx_syscfg.o(.revsh_text), (4 bytes).
    Removing stm32f4xx_syscfg.o(i.SYSCFG_CompensationCellCmd), (12 bytes).
    Removing stm32f4xx_syscfg.o(i.SYSCFG_DeInit), (22 bytes).
    Removing stm32f4xx_syscfg.o(i.SYSCFG_ETH_MediaInterfaceConfig), (12 bytes).
    Removing stm32f4xx_syscfg.o(i.SYSCFG_EXTILineConfig), (64 bytes).
    Removing stm32f4xx_syscfg.o(i.SYSCFG_GetCompensationCellStatus), (24 bytes).
    Removing stm32f4xx_syscfg.o(i.SYSCFG_MemoryRemapConfig), (12 bytes).
    Removing stm32f4xx_syscfg.o(i.SYSCFG_MemorySwappingBank), (12 bytes).
    Removing stm32f4xx_usart.o(.rev16_text), (4 bytes).
    Removing stm32f4xx_usart.o(.revsh_text), (4 bytes).
    Removing stm32f4xx_usart.o(i.USART_ClearFlag), (18 bytes).
    Removing stm32f4xx_usart.o(i.USART_ClearITPendingBit), (30 bytes).
    Removing stm32f4xx_usart.o(i.USART_ClockInit), (32 bytes).
    Removing stm32f4xx_usart.o(i.USART_ClockStructInit), (12 bytes).
    Removing stm32f4xx_usart.o(i.USART_DMACmd), (18 bytes).
    Removing stm32f4xx_usart.o(i.USART_DeInit), (240 bytes).
    Removing stm32f4xx_usart.o(i.USART_GetFlagStatus), (26 bytes).
    Removing stm32f4xx_usart.o(i.USART_HalfDuplexCmd), (24 bytes).
    Removing stm32f4xx_usart.o(i.USART_IrDACmd), (24 bytes).
    Removing stm32f4xx_usart.o(i.USART_IrDAConfig), (18 bytes).
    Removing stm32f4xx_usart.o(i.USART_LINBreakDetectLengthConfig), (18 bytes).
    Removing stm32f4xx_usart.o(i.USART_LINCmd), (24 bytes).
    Removing stm32f4xx_usart.o(i.USART_OneBitMethodCmd), (24 bytes).
    Removing stm32f4xx_usart.o(i.USART_OverSampling8Cmd), (22 bytes).
    Removing stm32f4xx_usart.o(i.USART_ReceiverWakeUpCmd), (24 bytes).
    Removing stm32f4xx_usart.o(i.USART_SendBreak), (10 bytes).
    Removing stm32f4xx_usart.o(i.USART_SendData), (8 bytes).
    Removing stm32f4xx_usart.o(i.USART_SetAddress), (18 bytes).
    Removing stm32f4xx_usart.o(i.USART_SetGuardTime), (16 bytes).
    Removing stm32f4xx_usart.o(i.USART_SetPrescaler), (16 bytes).
    Removing stm32f4xx_usart.o(i.USART_SmartCardCmd), (24 bytes).
    Removing stm32f4xx_usart.o(i.USART_SmartCardNACKCmd), (24 bytes).
    Removing stm32f4xx_usart.o(i.USART_StructInit), (24 bytes).
    Removing stm32f4xx_usart.o(i.USART_WakeUpConfig), (18 bytes).
    Removing stm32f4xx_flash.o(.rev16_text), (4 bytes).
    Removing stm32f4xx_flash.o(.revsh_text), (4 bytes).
    Removing stm32f4xx_flash.o(i.FLASH_ClearFlag), (12 bytes).
    Removing stm32f4xx_flash.o(i.FLASH_DataCacheReset), (20 bytes).
    Removing stm32f4xx_flash.o(i.FLASH_EraseAllBank1Sectors), (108 bytes).
    Removing stm32f4xx_flash.o(i.FLASH_EraseAllBank2Sectors), (108 bytes).
    Removing stm32f4xx_flash.o(i.FLASH_EraseAllSectors), (108 bytes).
    Removing stm32f4xx_flash.o(i.FLASH_GetFlagStatus), (24 bytes).
    Removing stm32f4xx_flash.o(i.FLASH_ITConfig), (32 bytes).
    Removing stm32f4xx_flash.o(i.FLASH_InstructionCacheCmd), (36 bytes).
    Removing stm32f4xx_flash.o(i.FLASH_InstructionCacheReset), (20 bytes).
    Removing stm32f4xx_flash.o(i.FLASH_OB_BORConfig), (28 bytes).
    Removing stm32f4xx_flash.o(i.FLASH_OB_BootConfig), (28 bytes).
    Removing stm32f4xx_flash.o(i.FLASH_OB_GetBOR), (16 bytes).
    Removing stm32f4xx_flash.o(i.FLASH_OB_GetPCROP), (12 bytes).
    Removing stm32f4xx_flash.o(i.FLASH_OB_GetPCROP1), (12 bytes).
    Removing stm32f4xx_flash.o(i.FLASH_OB_GetRDP), (24 bytes).
    Removing stm32f4xx_flash.o(i.FLASH_OB_GetUser), (16 bytes).
    Removing stm32f4xx_flash.o(i.FLASH_OB_GetWRP), (12 bytes).
    Removing stm32f4xx_flash.o(i.FLASH_OB_GetWRP1), (12 bytes).
    Removing stm32f4xx_flash.o(i.FLASH_OB_Launch), (32 bytes).
    Removing stm32f4xx_flash.o(i.FLASH_OB_Lock), (20 bytes).
    Removing stm32f4xx_flash.o(i.FLASH_OB_PCROP1Config), (52 bytes).
    Removing stm32f4xx_flash.o(i.FLASH_OB_PCROPConfig), (52 bytes).
    Removing stm32f4xx_flash.o(i.FLASH_OB_PCROPSelectionConfig), (24 bytes).
    Removing stm32f4xx_flash.o(i.FLASH_OB_RDPConfig), (28 bytes).
    Removing stm32f4xx_flash.o(i.FLASH_OB_Unlock), (36 bytes).
    Removing stm32f4xx_flash.o(i.FLASH_OB_UserConfig), (48 bytes).
    Removing stm32f4xx_flash.o(i.FLASH_OB_WRP1Config), (52 bytes).
    Removing stm32f4xx_flash.o(i.FLASH_OB_WRPConfig), (52 bytes).
    Removing stm32f4xx_flash.o(i.FLASH_PrefetchBufferCmd), (36 bytes).
    Removing stm32f4xx_flash.o(i.FLASH_ProgramByte), (76 bytes).
    Removing stm32f4xx_flash.o(i.FLASH_ProgramDoubleWord), (84 bytes).
    Removing stm32f4xx_flash.o(i.FLASH_ProgramHalfWord), (80 bytes).
    Removing stm32f4xx_flash.o(i.FLASH_SetLatency), (12 bytes).
    Removing iap.o(.rev16_text), (4 bytes).
    Removing iap.o(.revsh_text), (4 bytes).

197 unused section(s) (total 7702 bytes) removed from the image.

==============================================================================

Image Symbol Table

    Local Symbols

    Symbol Name                              Value     Ov Type        Size  Object(Section)

    ../clib/angel/boardlib.s                 0x00000000   Number         0  boardinit1.o ABSOLUTE
    ../clib/angel/boardlib.s                 0x00000000   Number         0  boardshut.o ABSOLUTE
    ../clib/angel/boardlib.s                 0x00000000   Number         0  boardinit3.o ABSOLUTE
    ../clib/angel/boardlib.s                 0x00000000   Number         0  boardinit2.o ABSOLUTE
    ../clib/angel/handlers.s                 0x00000000   Number         0  __scatter_zi.o ABSOLUTE
    ../clib/angel/handlers.s                 0x00000000   Number         0  __scatter_copy.o ABSOLUTE
    ../clib/angel/kernel.s                   0x00000000   Number         0  __rtentry4.o ABSOLUTE
    ../clib/angel/kernel.s                   0x00000000   Number         0  rtexit2.o ABSOLUTE
    ../clib/angel/kernel.s                   0x00000000   Number         0  __rtentry.o ABSOLUTE
    ../clib/angel/kernel.s                   0x00000000   Number         0  __rtentry2.o ABSOLUTE
    ../clib/angel/kernel.s                   0x00000000   Number         0  rtexit.o ABSOLUTE
    ../clib/angel/rt.s                       0x00000000   Number         0  rt_raise.o ABSOLUTE
    ../clib/angel/scatter.s                  0x00000000   Number         0  __scatter.o ABSOLUTE
    ../clib/angel/startup.s                  0x00000000   Number         0  __main.o ABSOLUTE
    ../clib/angel/sys.s                      0x00000000   Number         0  indicate_semi.o ABSOLUTE
    ../clib/angel/sys.s                      0x00000000   Number         0  use_no_semi_2.o ABSOLUTE
    ../clib/angel/sys.s                      0x00000000   Number         0  use_no_semi.o ABSOLUTE
    ../clib/angel/sys.s                      0x00000000   Number         0  sys_stackheap_outer.o ABSOLUTE
    ../clib/angel/sys.s                      0x00000000   Number         0  libspace.o ABSOLUTE
    ../clib/angel/sysapp.c                   0x00000000   Number         0  sys_command.o ABSOLUTE
    ../clib/angel/sysapp.c                   0x00000000   Number         0  sys_wrch.o ABSOLUTE
    ../clib/armsys.c                         0x00000000   Number         0  no_argv.o ABSOLUTE
    ../clib/armsys.c                         0x00000000   Number         0  _get_argv_nomalloc.o ABSOLUTE
    ../clib/armsys.c                         0x00000000   Number         0  argv_veneer.o ABSOLUTE
    ../clib/armsys.c                         0x00000000   Number         0  argv_veneer.o ABSOLUTE
    ../clib/heapalloc.c                      0x00000000   Number         0  hrguard.o ABSOLUTE
    ../clib/heapaux.c                        0x00000000   Number         0  heapauxi.o ABSOLUTE
    ../clib/libinit.s                        0x00000000   Number         0  libshutdown.o ABSOLUTE
    ../clib/libinit.s                        0x00000000   Number         0  libshutdown2.o ABSOLUTE
    ../clib/libinit.s                        0x00000000   Number         0  libinit2.o ABSOLUTE
    ../clib/libinit.s                        0x00000000   Number         0  libinit.o ABSOLUTE
    ../clib/printf.c                         0x00000000   Number         0  __printf_wp.o ABSOLUTE
    ../clib/printf.c                         0x00000000   Number         0  __printf_flags_wp.o ABSOLUTE
    ../clib/printf.c                         0x00000000   Number         0  __printf_ss_wp.o ABSOLUTE
    ../clib/printf.c                         0x00000000   Number         0  __printf_flags_ss_wp.o ABSOLUTE
    ../clib/printf.c                         0x00000000   Number         0  _printf_hex_int.o ABSOLUTE
    ../clib/printf.c                         0x00000000   Number         0  _printf_hex_ll.o ABSOLUTE
    ../clib/printf.c                         0x00000000   Number         0  _printf_dec.o ABSOLUTE
    ../clib/printf.c                         0x00000000   Number         0  __printf.o ABSOLUTE
    ../clib/printf.c                         0x00000000   Number         0  _printf_char_file.o ABSOLUTE
    ../clib/printf.c                         0x00000000   Number         0  _printf_char_common.o ABSOLUTE
    ../clib/printf.c                         0x00000000   Number         0  noretval__2printf.o ABSOLUTE
    ../clib/printf.c                         0x00000000   Number         0  __printf_ss.o ABSOLUTE
    ../clib/printf.c                         0x00000000   Number         0  _printf_hex_int_ptr.o ABSOLUTE
    ../clib/printf.c                         0x00000000   Number         0  _printf_hex_ll_ptr.o ABSOLUTE
    ../clib/printf.c                         0x00000000   Number         0  _printf_hex_ptr.o ABSOLUTE
    ../clib/printf.c                         0x00000000   Number         0  _printf_hex_int_ll_ptr.o ABSOLUTE
    ../clib/printf.c                         0x00000000   Number         0  __printf_flags.o ABSOLUTE
    ../clib/printf.c                         0x00000000   Number         0  __printf_nopercent.o ABSOLUTE
    ../clib/printf.c                         0x00000000   Number         0  _printf_hex_int_ll.o ABSOLUTE
    ../clib/printf.c                         0x00000000   Number         0  __2printf.o ABSOLUTE
    ../clib/printf.c                         0x00000000   Number         0  __printf_flags_ss.o ABSOLUTE
    ../clib/printf.c                         0x00000000   Number         0  _printf_intcommon.o ABSOLUTE
    ../clib/printf_percent.s                 0x00000000   Number         0  _printf_percent_end.o ABSOLUTE
    ../clib/printf_percent.s                 0x00000000   Number         0  _printf_x.o ABSOLUTE
    ../clib/printf_percent.s                 0x00000000   Number         0  _printf_d.o ABSOLUTE
    ../clib/printf_percent.s                 0x00000000   Number         0  _printf_percent.o ABSOLUTE
    ../clib/signal.c                         0x00000000   Number         0  __raise.o ABSOLUTE
    ../clib/signal.c                         0x00000000   Number         0  defsig_rtmem_outer.o ABSOLUTE
    ../clib/signal.c                         0x00000000   Number         0  defsig_rtmem_formal.o ABSOLUTE
    ../clib/signal.c                         0x00000000   Number         0  defsig_exit.o ABSOLUTE
    ../clib/signal.c                         0x00000000   Number         0  defsig_rtmem_inner.o ABSOLUTE
    ../clib/signal.c                         0x00000000   Number         0  defsig_general.o ABSOLUTE
    ../clib/signal.c                         0x00000000   Number         0  defsig_abrt_inner.o ABSOLUTE
    ../clib/signal.c                         0x00000000   Number         0  defsig_fpe_inner.o ABSOLUTE
    ../clib/signal.c                         0x00000000   Number         0  defsig_rtred_inner.o ABSOLUTE
    ../clib/signal.c                         0x00000000   Number         0  defsig_stak_inner.o ABSOLUTE
    ../clib/signal.c                         0x00000000   Number         0  defsig_pvfn_inner.o ABSOLUTE
    ../clib/signal.c                         0x00000000   Number         0  defsig_cppl_inner.o ABSOLUTE
    ../clib/signal.c                         0x00000000   Number         0  defsig_segv_inner.o ABSOLUTE
    ../clib/signal.c                         0x00000000   Number         0  defsig_other.o ABSOLUTE
    ../clib/signal.s                         0x00000000   Number         0  defsig.o ABSOLUTE
    ../clib/stdio.c                          0x00000000   Number         0  ferror.o ABSOLUTE
    ../clib/stdio.c                          0x00000000   Number         0  ferror_locked.o ABSOLUTE
    ../clib/stdlib.c                         0x00000000   Number         0  exit.o ABSOLUTE
    ../fplib/dfixu.s                         0x00000000   Number         0  dfixu.o ABSOLUTE
    ../fplib/dflt.s                          0x00000000   Number         0  dflt_clz.o ABSOLUTE
    ../fplib/dmul.s                          0x00000000   Number         0  dmul.o ABSOLUTE
    ../fplib/dnaninf.s                       0x00000000   Number         0  dnaninf.o ABSOLUTE
    ../fplib/dretinf.s                       0x00000000   Number         0  dretinf.o ABSOLUTE
    ../fplib/fpinit.s                        0x00000000   Number         0  fpinit.o ABSOLUTE
    ../fplib/usenofp.s                       0x00000000   Number         0  usenofp.o ABSOLUTE
    ..\CORE\startup_stm32f40_41xxx.s         0x00000000   Number         0  startup_stm32f40_41xxx.o ABSOLUTE
    ..\FWLIB\src\misc.c                      0x00000000   Number         0  misc.o ABSOLUTE
    ..\FWLIB\src\stm32f4xx_flash.c           0x00000000   Number         0  stm32f4xx_flash.o ABSOLUTE
    ..\FWLIB\src\stm32f4xx_fsmc.c            0x00000000   Number         0  stm32f4xx_fsmc.o ABSOLUTE
    ..\FWLIB\src\stm32f4xx_gpio.c            0x00000000   Number         0  stm32f4xx_gpio.o ABSOLUTE
    ..\FWLIB\src\stm32f4xx_rcc.c             0x00000000   Number         0  stm32f4xx_rcc.o ABSOLUTE
    ..\FWLIB\src\stm32f4xx_syscfg.c          0x00000000   Number         0  stm32f4xx_syscfg.o ABSOLUTE
    ..\FWLIB\src\stm32f4xx_usart.c           0x00000000   Number         0  stm32f4xx_usart.o ABSOLUTE
    ..\HARDWARE\KEY\key.c                    0x00000000   Number         0  key.o ABSOLUTE
    ..\HARDWARE\LCD\lcd.c                    0x00000000   Number         0  lcd.o ABSOLUTE
    ..\HARDWARE\LED\led.c                    0x00000000   Number         0  led.o ABSOLUTE
    ..\HARDWARE\STMFLASH\stmflash.c          0x00000000   Number         0  stmflash.o ABSOLUTE
    ..\IAP\iap.c                             0x00000000   Number         0  iap.o ABSOLUTE
    ..\SYSTEM\delay\delay.c                  0x00000000   Number         0  delay.o ABSOLUTE
    ..\SYSTEM\sys\sys.c                      0x00000000   Number         0  sys.o ABSOLUTE
    ..\SYSTEM\usart\usart.c                  0x00000000   Number         0  usart.o ABSOLUTE
    ..\\FWLIB\\src\\misc.c                   0x00000000   Number         0  misc.o ABSOLUTE
    ..\\FWLIB\\src\\stm32f4xx_flash.c        0x00000000   Number         0  stm32f4xx_flash.o ABSOLUTE
    ..\\FWLIB\\src\\stm32f4xx_fsmc.c         0x00000000   Number         0  stm32f4xx_fsmc.o ABSOLUTE
    ..\\FWLIB\\src\\stm32f4xx_gpio.c         0x00000000   Number         0  stm32f4xx_gpio.o ABSOLUTE
    ..\\FWLIB\\src\\stm32f4xx_rcc.c          0x00000000   Number         0  stm32f4xx_rcc.o ABSOLUTE
    ..\\FWLIB\\src\\stm32f4xx_syscfg.c       0x00000000   Number         0  stm32f4xx_syscfg.o ABSOLUTE
    ..\\FWLIB\\src\\stm32f4xx_usart.c        0x00000000   Number         0  stm32f4xx_usart.o ABSOLUTE
    ..\\HARDWARE\\KEY\\key.c                 0x00000000   Number         0  key.o ABSOLUTE
    ..\\HARDWARE\\LCD\\lcd.c                 0x00000000   Number         0  lcd.o ABSOLUTE
    ..\\HARDWARE\\LED\\led.c                 0x00000000   Number         0  led.o ABSOLUTE
    ..\\HARDWARE\\STMFLASH\\stmflash.c       0x00000000   Number         0  stmflash.o ABSOLUTE
    ..\\IAP\\iap.c                           0x00000000   Number         0  iap.o ABSOLUTE
    ..\\SYSTEM\\delay\\delay.c               0x00000000   Number         0  delay.o ABSOLUTE
    ..\\SYSTEM\\sys\\sys.c                   0x00000000   Number         0  sys.o ABSOLUTE
    ..\\SYSTEM\\usart\\usart.c               0x00000000   Number         0  usart.o ABSOLUTE
    dc.s                                     0x00000000   Number         0  dc.o ABSOLUTE
    main.c                                   0x00000000   Number         0  main.o ABSOLUTE
    main.c                                   0x00000000   Number         0  main.o ABSOLUTE
    stm32f4xx_it.c                           0x00000000   Number         0  stm32f4xx_it.o ABSOLUTE
    stm32f4xx_it.c                           0x00000000   Number         0  stm32f4xx_it.o ABSOLUTE
    system_stm32f4xx.c                       0x00000000   Number         0  system_stm32f4xx.o ABSOLUTE
    system_stm32f4xx.c                       0x00000000   Number         0  system_stm32f4xx.o ABSOLUTE
    RESET                                    0x08040000   Section      392  startup_stm32f40_41xxx.o(RESET)
    !!!main                                  0x08040188   Section        8  __main.o(!!!main)
    !!!scatter                               0x08040190   Section       52  __scatter.o(!!!scatter)
    !!handler_copy                           0x080401c4   Section       26  __scatter_copy.o(!!handler_copy)
    !!handler_zi                             0x080401e0   Section       28  __scatter_zi.o(!!handler_zi)
    .ARM.Collect$$_printf_percent$$00000000  0x080401fc   Section        0  _printf_percent.o(.ARM.Collect$$_printf_percent$$00000000)
    .ARM.Collect$$_printf_percent$$00000009  0x080401fc   Section        6  _printf_d.o(.ARM.Collect$$_printf_percent$$00000009)
    .ARM.Collect$$_printf_percent$$0000000C  0x08040202   Section        6  _printf_x.o(.ARM.Collect$$_printf_percent$$0000000C)
    .ARM.Collect$$_printf_percent$$00000017  0x08040208   Section        4  _printf_percent_end.o(.ARM.Collect$$_printf_percent$$00000017)
    .ARM.Collect$$libinit$$00000000          0x0804020c   Section        2  libinit.o(.ARM.Collect$$libinit$$00000000)
    .ARM.Collect$$libinit$$00000001          0x0804020e   Section        4  libinit2.o(.ARM.Collect$$libinit$$00000001)
    .ARM.Collect$$libinit$$00000004          0x08040212   Section        0  libinit2.o(.ARM.Collect$$libinit$$00000004)
    .ARM.Collect$$libinit$$0000000A          0x08040212   Section        0  libinit2.o(.ARM.Collect$$libinit$$0000000A)
    .ARM.Collect$$libinit$$0000000C          0x08040212   Section        0  libinit2.o(.ARM.Collect$$libinit$$0000000C)
    .ARM.Collect$$libinit$$0000000E          0x08040212   Section        0  libinit2.o(.ARM.Collect$$libinit$$0000000E)
    .ARM.Collect$$libinit$$00000011          0x08040212   Section        0  libinit2.o(.ARM.Collect$$libinit$$00000011)
    .ARM.Collect$$libinit$$00000013          0x08040212   Section        0  libinit2.o(.ARM.Collect$$libinit$$00000013)
    .ARM.Collect$$libinit$$00000015          0x08040212   Section        0  libinit2.o(.ARM.Collect$$libinit$$00000015)
    .ARM.Collect$$libinit$$00000017          0x08040212   Section        0  libinit2.o(.ARM.Collect$$libinit$$00000017)
    .ARM.Collect$$libinit$$00000019          0x08040212   Section        0  libinit2.o(.ARM.Collect$$libinit$$00000019)
    .ARM.Collect$$libinit$$0000001B          0x08040212   Section        0  libinit2.o(.ARM.Collect$$libinit$$0000001B)
    .ARM.Collect$$libinit$$0000001D          0x08040212   Section        0  libinit2.o(.ARM.Collect$$libinit$$0000001D)
    .ARM.Collect$$libinit$$0000001F          0x08040212   Section        0  libinit2.o(.ARM.Collect$$libinit$$0000001F)
    .ARM.Collect$$libinit$$00000021          0x08040212   Section        0  libinit2.o(.ARM.Collect$$libinit$$00000021)
    .ARM.Collect$$libinit$$00000023          0x08040212   Section        0  libinit2.o(.ARM.Collect$$libinit$$00000023)
    .ARM.Collect$$libinit$$00000025          0x08040212   Section        0  libinit2.o(.ARM.Collect$$libinit$$00000025)
    .ARM.Collect$$libinit$$0000002C          0x08040212   Section        0  libinit2.o(.ARM.Collect$$libinit$$0000002C)
    .ARM.Collect$$libinit$$0000002E          0x08040212   Section        0  libinit2.o(.ARM.Collect$$libinit$$0000002E)
    .ARM.Collect$$libinit$$00000030          0x08040212   Section        0  libinit2.o(.ARM.Collect$$libinit$$00000030)
    .ARM.Collect$$libinit$$00000032          0x08040212   Section        0  libinit2.o(.ARM.Collect$$libinit$$00000032)
    .ARM.Collect$$libinit$$00000033          0x08040212   Section        2  libinit2.o(.ARM.Collect$$libinit$$00000033)
    .ARM.Collect$$libshutdown$$00000000      0x08040214   Section        2  libshutdown.o(.ARM.Collect$$libshutdown$$00000000)
    .ARM.Collect$$libshutdown$$00000003      0x08040216   Section        0  libshutdown2.o(.ARM.Collect$$libshutdown$$00000003)
    .ARM.Collect$$libshutdown$$00000006      0x08040216   Section        0  libshutdown2.o(.ARM.Collect$$libshutdown$$00000006)
    .ARM.Collect$$libshutdown$$00000009      0x08040216   Section        0  libshutdown2.o(.ARM.Collect$$libshutdown$$00000009)
    .ARM.Collect$$libshutdown$$0000000B      0x08040216   Section        0  libshutdown2.o(.ARM.Collect$$libshutdown$$0000000B)
    .ARM.Collect$$libshutdown$$0000000E      0x08040216   Section        0  libshutdown2.o(.ARM.Collect$$libshutdown$$0000000E)
    .ARM.Collect$$libshutdown$$0000000F      0x08040216   Section        2  libshutdown2.o(.ARM.Collect$$libshutdown$$0000000F)
    .ARM.Collect$$rtentry$$00000000          0x08040218   Section        0  __rtentry.o(.ARM.Collect$$rtentry$$00000000)
    .ARM.Collect$$rtentry$$00000002          0x08040218   Section        0  __rtentry2.o(.ARM.Collect$$rtentry$$00000002)
    .ARM.Collect$$rtentry$$00000004          0x08040218   Section        6  __rtentry4.o(.ARM.Collect$$rtentry$$00000004)
    .ARM.Collect$$rtentry$$00000009          0x0804021e   Section        0  __rtentry2.o(.ARM.Collect$$rtentry$$00000009)
    .ARM.Collect$$rtentry$$0000000A          0x0804021e   Section        4  __rtentry2.o(.ARM.Collect$$rtentry$$0000000A)
    .ARM.Collect$$rtentry$$0000000C          0x08040222   Section        0  __rtentry2.o(.ARM.Collect$$rtentry$$0000000C)
    .ARM.Collect$$rtentry$$0000000D          0x08040222   Section        8  __rtentry2.o(.ARM.Collect$$rtentry$$0000000D)
    .ARM.Collect$$rtexit$$00000000           0x0804022a   Section        2  rtexit.o(.ARM.Collect$$rtexit$$00000000)
    .ARM.Collect$$rtexit$$00000002           0x0804022c   Section        0  rtexit2.o(.ARM.Collect$$rtexit$$00000002)
    .ARM.Collect$$rtexit$$00000003           0x0804022c   Section        4  rtexit2.o(.ARM.Collect$$rtexit$$00000003)
    .ARM.Collect$$rtexit$$00000004           0x08040230   Section        6  rtexit2.o(.ARM.Collect$$rtexit$$00000004)
    .emb_text                                0x08040238   Section       16  sys.o(.emb_text)
    $v0                                      0x08040238   Number         0  sys.o(.emb_text)
    .text                                    0x08040248   Section       60  startup_stm32f40_41xxx.o(.text)
    $v0                                      0x08040248   Number         0  startup_stm32f40_41xxx.o(.text)
    .text                                    0x08040284   Section        2  use_no_semi_2.o(.text)
    .text                                    0x08040288   Section        0  noretval__2printf.o(.text)
    .text                                    0x080402a0   Section        0  __printf.o(.text)
    .text                                    0x08040308   Section        0  _printf_dec.o(.text)
    .text                                    0x08040380   Section        0  _printf_hex_int.o(.text)
    .text                                    0x080403d8   Section        0  heapauxi.o(.text)
    .text                                    0x080403de   Section        2  use_no_semi.o(.text)
    .text                                    0x080403e0   Section        0  _printf_intcommon.o(.text)
    .text                                    0x08040494   Section        0  _printf_char_file.o(.text)
    .text                                    0x080404b8   Section        0  _printf_char_common.o(.text)
    _printf_input_char                       0x080404b9   Thumb Code    10  _printf_char_common.o(.text)
    .text                                    0x080404e8   Section        0  ferror.o(.text)
    .text                                    0x080404f0   Section       74  sys_stackheap_outer.o(.text)
    .text                                    0x0804053a   Section        0  exit.o(.text)
    .text                                    0x08040548   Section        8  libspace.o(.text)
    i.BusFault_Handler                       0x08040550   Section        0  stm32f4xx_it.o(i.BusFault_Handler)
    i.DebugMon_Handler                       0x08040554   Section        0  stm32f4xx_it.o(i.DebugMon_Handler)
    i.FLASH_DataCacheCmd                     0x08040558   Section        0  stm32f4xx_flash.o(i.FLASH_DataCacheCmd)
    i.FLASH_EraseSector                      0x0804057c   Section        0  stm32f4xx_flash.o(i.FLASH_EraseSector)
    i.FLASH_GetStatus                        0x08040604   Section        0  stm32f4xx_flash.o(i.FLASH_GetStatus)
    i.FLASH_Lock                             0x08040658   Section        0  stm32f4xx_flash.o(i.FLASH_Lock)
    i.FLASH_ProgramWord                      0x0804066c   Section        0  stm32f4xx_flash.o(i.FLASH_ProgramWord)
    i.FLASH_Unlock                           0x080406bc   Section        0  stm32f4xx_flash.o(i.FLASH_Unlock)
    i.FLASH_WaitForLastOperation             0x080406e0   Section        0  stm32f4xx_flash.o(i.FLASH_WaitForLastOperation)
    i.FSMC_NORSRAMCmd                        0x08040704   Section        0  stm32f4xx_fsmc.o(i.FSMC_NORSRAMCmd)
    i.FSMC_NORSRAMInit                       0x08040738   Section        0  stm32f4xx_fsmc.o(i.FSMC_NORSRAMInit)
    i.GPIO_Init                              0x0804081e   Section        0  stm32f4xx_gpio.o(i.GPIO_Init)
    i.GPIO_PinAFConfig                       0x080408ae   Section        0  stm32f4xx_gpio.o(i.GPIO_PinAFConfig)
    i.GPIO_ReadInputDataBit                  0x080408f4   Section        0  stm32f4xx_gpio.o(i.GPIO_ReadInputDataBit)
    i.GPIO_SetBits                           0x08040906   Section        0  stm32f4xx_gpio.o(i.GPIO_SetBits)
    i.HardFault_Handler                      0x0804090a   Section        0  stm32f4xx_it.o(i.HardFault_Handler)
    i.KEY_Init                               0x08040910   Section        0  key.o(i.KEY_Init)
    i.KEY_Scan                               0x08040954   Section        0  key.o(i.KEY_Scan)
    i.LCD_Clear                              0x08040a1c   Section        0  lcd.o(i.LCD_Clear)
    i.LCD_Display_Dir                        0x08040a88   Section        0  lcd.o(i.LCD_Display_Dir)
    i.LCD_Fast_DrawPoint                     0x08040c48   Section        0  lcd.o(i.LCD_Fast_DrawPoint)
    i.LCD_Fill                               0x08040dc8   Section        0  lcd.o(i.LCD_Fill)
    i.LCD_Init                               0x08040e80   Section        0  lcd.o(i.LCD_Init)
    i.LCD_RD_DATA                            0x080447f0   Section        0  lcd.o(i.LCD_RD_DATA)
    i.LCD_ReadReg                            0x08044804   Section        0  lcd.o(i.LCD_ReadReg)
    i.LCD_SSD_BackLightSet                   0x0804481c   Section        0  lcd.o(i.LCD_SSD_BackLightSet)
    i.LCD_Scan_Dir                           0x0804487c   Section        0  lcd.o(i.LCD_Scan_Dir)
    i.LCD_SetCursor                          0x08044b68   Section        0  lcd.o(i.LCD_SetCursor)
    i.LCD_ShowChar                           0x08044d10   Section        0  lcd.o(i.LCD_ShowChar)
    i.LCD_ShowString                         0x08044e38   Section        0  lcd.o(i.LCD_ShowString)
    i.LCD_WR_DATA                            0x08044ea0   Section        0  lcd.o(i.LCD_WR_DATA)
    i.LCD_WR_REG                             0x08044eb8   Section        0  lcd.o(i.LCD_WR_REG)
    i.LCD_WriteRAM_Prepare                   0x08044ed0   Section        0  lcd.o(i.LCD_WriteRAM_Prepare)
    i.LCD_WriteReg                           0x08044ee4   Section        0  lcd.o(i.LCD_WriteReg)
    i.LED_Init                               0x08044ef8   Section        0  led.o(i.LED_Init)
    i.MemManage_Handler                      0x08044f38   Section        0  stm32f4xx_it.o(i.MemManage_Handler)
    i.NMI_Handler                            0x08044f3c   Section        0  stm32f4xx_it.o(i.NMI_Handler)
    i.NVIC_Init                              0x08044f40   Section        0  misc.o(i.NVIC_Init)
    i.NVIC_PriorityGroupConfig               0x08044fb8   Section        0  misc.o(i.NVIC_PriorityGroupConfig)
    i.PendSV_Handler                         0x08044fcc   Section        0  stm32f4xx_it.o(i.PendSV_Handler)
    i.RCC_AHB1PeriphClockCmd                 0x08044fd0   Section        0  stm32f4xx_rcc.o(i.RCC_AHB1PeriphClockCmd)
    i.RCC_AHB3PeriphClockCmd                 0x08044ff0   Section        0  stm32f4xx_rcc.o(i.RCC_AHB3PeriphClockCmd)
    i.RCC_APB2PeriphClockCmd                 0x08045010   Section        0  stm32f4xx_rcc.o(i.RCC_APB2PeriphClockCmd)
    i.RCC_GetClocksFreq                      0x08045030   Section        0  stm32f4xx_rcc.o(i.RCC_GetClocksFreq)
    i.STMFLASH_GetFlashSector                0x08045118   Section        0  stmflash.o(i.STMFLASH_GetFlashSector)
    i.STMFLASH_ReadWord                      0x080451b8   Section        0  stmflash.o(i.STMFLASH_ReadWord)
    i.STMFLASH_Write                         0x080451c0   Section        0  stmflash.o(i.STMFLASH_Write)
    i.SVC_Handler                            0x08045258   Section        0  stm32f4xx_it.o(i.SVC_Handler)
    i.SetSysClock                            0x0804525c   Section        0  system_stm32f4xx.o(i.SetSysClock)
    SetSysClock                              0x0804525d   Thumb Code   220  system_stm32f4xx.o(i.SetSysClock)
    i.SysTick_CLKSourceConfig                0x08045348   Section        0  misc.o(i.SysTick_CLKSourceConfig)
    i.SysTick_Handler                        0x08045370   Section        0  stm32f4xx_it.o(i.SysTick_Handler)
    i.SystemInit                             0x08045374   Section        0  system_stm32f4xx.o(i.SystemInit)
    i.USART1_IRQHandler                      0x080453dc   Section        0  usart.o(i.USART1_IRQHandler)
    i.USART_Cmd                              0x0804541c   Section        0  stm32f4xx_usart.o(i.USART_Cmd)
    i.USART_GetITStatus                      0x08045434   Section        0  stm32f4xx_usart.o(i.USART_GetITStatus)
    i.USART_ITConfig                         0x08045488   Section        0  stm32f4xx_usart.o(i.USART_ITConfig)
    i.USART_Init                             0x080454d4   Section        0  stm32f4xx_usart.o(i.USART_Init)
    i.USART_ReceiveData                      0x080455a8   Section        0  stm32f4xx_usart.o(i.USART_ReceiveData)
    i.UsageFault_Handler                     0x080455b2   Section        0  stm32f4xx_it.o(i.UsageFault_Handler)
    i._sys_exit                              0x080455b6   Section        0  usart.o(i._sys_exit)
    i.delay_init                             0x080455bc   Section        0  delay.o(i.delay_init)
    i.delay_ms                               0x080455f8   Section        0  delay.o(i.delay_ms)
    i.delay_us                               0x08045630   Section        0  delay.o(i.delay_us)
    i.delay_xms                              0x0804567c   Section        0  delay.o(i.delay_xms)
    i.fputc                                  0x080456c8   Section        0  usart.o(i.fputc)
    i.iap_load_app                           0x080456e4   Section        0  iap.o(i.iap_load_app)
    i.iap_write_appbin                       0x08045710   Section        0  iap.o(i.iap_write_appbin)
    i.main                                   0x08045778   Section        0  main.o(i.main)
    i.uart_init                              0x08045c54   Section        0  usart.o(i.uart_init)
    x$fpl$dfixu                              0x08045d00   Section       90  dfixu.o(x$fpl$dfixu)
    $v0                                      0x08045d00   Number         0  dfixu.o(x$fpl$dfixu)
    x$fpl$dfltu                              0x08045d5a   Section       38  dflt_clz.o(x$fpl$dfltu)
    $v0                                      0x08045d5a   Number         0  dflt_clz.o(x$fpl$dfltu)
    x$fpl$dmul                               0x08045d80   Section      340  dmul.o(x$fpl$dmul)
    $v0                                      0x08045d80   Number         0  dmul.o(x$fpl$dmul)
    x$fpl$dnaninf                            0x08045ed4   Section      156  dnaninf.o(x$fpl$dnaninf)
    $v0                                      0x08045ed4   Number         0  dnaninf.o(x$fpl$dnaninf)
    x$fpl$dretinf                            0x08045f70   Section       12  dretinf.o(x$fpl$dretinf)
    $v0                                      0x08045f70   Number         0  dretinf.o(x$fpl$dretinf)
    x$fpl$fpinit                             0x08045f7c   Section       10  fpinit.o(x$fpl$fpinit)
    $v0                                      0x08045f7c   Number         0  fpinit.o(x$fpl$fpinit)
    .constdata                               0x08045f86   Section     6080  lcd.o(.constdata)
    x$fpl$usenofp                            0x08045f86   Section        0  usenofp.o(x$fpl$usenofp)
    .constdata                               0x08047746   Section       40  _printf_hex_int.o(.constdata)
    uc_hextab                                0x08047746   Data          20  _printf_hex_int.o(.constdata)
    lc_hextab                                0x0804775a   Data          20  _printf_hex_int.o(.constdata)
    .data                                    0x20000000   Section        1  main.o(.data)
    write_cnt                                0x20000000   Data           1  main.o(.data)
    .data                                    0x20000001   Section        1  key.o(.data)
    key_up                                   0x20000001   Data           1  key.o(.data)
    .data                                    0x20000002   Section        4  lcd.o(.data)
    .data                                    0x20000006   Section        4  delay.o(.data)
    fac_us                                   0x20000006   Data           1  delay.o(.data)
    fac_ms                                   0x20000008   Data           2  delay.o(.data)
    .data                                    0x2000000c   Section       12  usart.o(.data)
    .data                                    0x20000018   Section       16  stm32f4xx_rcc.o(.data)
    APBAHBPrescTable                         0x20000018   Data          16  stm32f4xx_rcc.o(.data)
    .data                                    0x20000028   Section        4  iap.o(.data)
    .bss                                     0x2000002c   Section       14  lcd.o(.bss)
    .bss                                     0x2000003c   Section     2048  iap.o(.bss)
    .bss                                     0x2000083c   Section       96  libspace.o(.bss)
    HEAP                                     0x200008a0   Section        0  startup_stm32f40_41xxx.o(HEAP)
    STACK                                    0x200008a0   Section     1024  startup_stm32f40_41xxx.o(STACK)
    Heap_Mem                                 0x200008a0   Data           0  startup_stm32f40_41xxx.o(HEAP)
    Stack_Mem                                0x200008a0   Data        1024  startup_stm32f40_41xxx.o(STACK)
    __initial_sp                             0x20000ca0   Data           0  startup_stm32f40_41xxx.o(STACK)
    .ARM.__AT_0x20001000                     0x20001000   Section    122880  usart.o(.ARM.__AT_0x20001000)

    Global Symbols

    Symbol Name                              Value     Ov Type        Size  Object(Section)

    BuildAttributes$$THM_ISAv4$E$P$D$K$B$S$7EM$VFPi3$EXTD16$VFPS$VFMA$PE$A:L22UL41UL21$X:L11$S22US41US21$IEEE1$IW$USESV6$~STKCKD$USESV7$~SHL$OSPACE$ROPI$EBA8$UX$STANDARDLIB$REQ8$PRES8$EABIv2 0x00000000   Number         0  anon$$obj.o ABSOLUTE
    __ARM_use_no_argv                        0x00000000   Number         0  main.o ABSOLUTE
    __ARM_exceptions_init                     - Undefined Weak Reference
    __alloca_initialize                       - Undefined Weak Reference
    __arm_preinit_                            - Undefined Weak Reference
    __cpp_initialize__aeabi_                  - Undefined Weak Reference
    __cxa_finalize                            - Undefined Weak Reference
    __rt_locale                               - Undefined Weak Reference
    __sigvec_lookup                           - Undefined Weak Reference
    _atexit_init                              - Undefined Weak Reference
    _call_atexit_fns                          - Undefined Weak Reference
    _clock_init                               - Undefined Weak Reference
    _fp_trap_init                             - Undefined Weak Reference
    _fp_trap_shutdown                         - Undefined Weak Reference
    _get_lc_collate                           - Undefined Weak Reference
    _get_lc_ctype                             - Undefined Weak Reference
    _get_lc_monetary                          - Undefined Weak Reference
    _get_lc_numeric                           - Undefined Weak Reference
    _get_lc_time                              - Undefined Weak Reference
    _getenv_init                              - Undefined Weak Reference
    _handle_redirection                       - Undefined Weak Reference
    _init_alloc                               - Undefined Weak Reference
    _init_user_alloc                          - Undefined Weak Reference
    _initio                                   - Undefined Weak Reference
    _mutex_acquire                            - Undefined Weak Reference
    _mutex_release                            - Undefined Weak Reference
    _printf_post_padding                      - Undefined Weak Reference
    _printf_pre_padding                       - Undefined Weak Reference
    _printf_truncate_signed                   - Undefined Weak Reference
    _printf_truncate_unsigned                 - Undefined Weak Reference
    _rand_init                                - Undefined Weak Reference
    _signal_finish                            - Undefined Weak Reference
    _signal_init                              - Undefined Weak Reference
    _terminate_alloc                          - Undefined Weak Reference
    _terminate_user_alloc                     - Undefined Weak Reference
    _terminateio                              - Undefined Weak Reference
    __Vectors_Size                           0x00000188   Number         0  startup_stm32f40_41xxx.o ABSOLUTE
    __Vectors                                0x08040000   Data           4  startup_stm32f40_41xxx.o(RESET)
    __Vectors_End                            0x08040188   Data           0  startup_stm32f40_41xxx.o(RESET)
    __main                                   0x08040189   Thumb Code     8  __main.o(!!!main)
    __scatterload                            0x08040191   Thumb Code     0  __scatter.o(!!!scatter)
    __scatterload_rt2                        0x08040191   Thumb Code    44  __scatter.o(!!!scatter)
    __scatterload_rt2_thumb_only             0x08040191   Thumb Code     0  __scatter.o(!!!scatter)
    __scatterload_null                       0x0804019f   Thumb Code     0  __scatter.o(!!!scatter)
    __scatterload_copy                       0x080401c5   Thumb Code    26  __scatter_copy.o(!!handler_copy)
    __scatterload_zeroinit                   0x080401e1   Thumb Code    28  __scatter_zi.o(!!handler_zi)
    _printf_d                                0x080401fd   Thumb Code     0  _printf_d.o(.ARM.Collect$$_printf_percent$$00000009)
    _printf_percent                          0x080401fd   Thumb Code     0  _printf_percent.o(.ARM.Collect$$_printf_percent$$00000000)
    _printf_x                                0x08040203   Thumb Code     0  _printf_x.o(.ARM.Collect$$_printf_percent$$0000000C)
    _printf_percent_end                      0x08040209   Thumb Code     0  _printf_percent_end.o(.ARM.Collect$$_printf_percent$$00000017)
    __rt_lib_init                            0x0804020d   Thumb Code     0  libinit.o(.ARM.Collect$$libinit$$00000000)
    __rt_lib_init_fp_1                       0x0804020f   Thumb Code     0  libinit2.o(.ARM.Collect$$libinit$$00000001)
    __rt_lib_init_alloca_1                   0x08040213   Thumb Code     0  libinit2.o(.ARM.Collect$$libinit$$0000002E)
    __rt_lib_init_argv_1                     0x08040213   Thumb Code     0  libinit2.o(.ARM.Collect$$libinit$$0000002C)
    __rt_lib_init_atexit_1                   0x08040213   Thumb Code     0  libinit2.o(.ARM.Collect$$libinit$$0000001B)
    __rt_lib_init_clock_1                    0x08040213   Thumb Code     0  libinit2.o(.ARM.Collect$$libinit$$00000021)
    __rt_lib_init_cpp_1                      0x08040213   Thumb Code     0  libinit2.o(.ARM.Collect$$libinit$$00000032)
    __rt_lib_init_exceptions_1               0x08040213   Thumb Code     0  libinit2.o(.ARM.Collect$$libinit$$00000030)
    __rt_lib_init_fp_trap_1                  0x08040213   Thumb Code     0  libinit2.o(.ARM.Collect$$libinit$$0000001F)
    __rt_lib_init_getenv_1                   0x08040213   Thumb Code     0  libinit2.o(.ARM.Collect$$libinit$$00000023)
    __rt_lib_init_heap_1                     0x08040213   Thumb Code     0  libinit2.o(.ARM.Collect$$libinit$$0000000A)
    __rt_lib_init_lc_collate_1               0x08040213   Thumb Code     0  libinit2.o(.ARM.Collect$$libinit$$00000011)
    __rt_lib_init_lc_ctype_1                 0x08040213   Thumb Code     0  libinit2.o(.ARM.Collect$$libinit$$00000013)
    __rt_lib_init_lc_monetary_1              0x08040213   Thumb Code     0  libinit2.o(.ARM.Collect$$libinit$$00000015)
    __rt_lib_init_lc_numeric_1               0x08040213   Thumb Code     0  libinit2.o(.ARM.Collect$$libinit$$00000017)
    __rt_lib_init_lc_time_1                  0x08040213   Thumb Code     0  libinit2.o(.ARM.Collect$$libinit$$00000019)
    __rt_lib_init_preinit_1                  0x08040213   Thumb Code     0  libinit2.o(.ARM.Collect$$libinit$$00000004)
    __rt_lib_init_rand_1                     0x08040213   Thumb Code     0  libinit2.o(.ARM.Collect$$libinit$$0000000E)
    __rt_lib_init_return                     0x08040213   Thumb Code     0  libinit2.o(.ARM.Collect$$libinit$$00000033)
    __rt_lib_init_signal_1                   0x08040213   Thumb Code     0  libinit2.o(.ARM.Collect$$libinit$$0000001D)
    __rt_lib_init_stdio_1                    0x08040213   Thumb Code     0  libinit2.o(.ARM.Collect$$libinit$$00000025)
    __rt_lib_init_user_alloc_1               0x08040213   Thumb Code     0  libinit2.o(.ARM.Collect$$libinit$$0000000C)
    __rt_lib_shutdown                        0x08040215   Thumb Code     0  libshutdown.o(.ARM.Collect$$libshutdown$$00000000)
    __rt_lib_shutdown_fp_trap_1              0x08040217   Thumb Code     0  libshutdown2.o(.ARM.Collect$$libshutdown$$00000006)
    __rt_lib_shutdown_heap_1                 0x08040217   Thumb Code     0  libshutdown2.o(.ARM.Collect$$libshutdown$$0000000E)
    __rt_lib_shutdown_return                 0x08040217   Thumb Code     0  libshutdown2.o(.ARM.Collect$$libshutdown$$0000000F)
    __rt_lib_shutdown_signal_1               0x08040217   Thumb Code     0  libshutdown2.o(.ARM.Collect$$libshutdown$$00000009)
    __rt_lib_shutdown_stdio_1                0x08040217   Thumb Code     0  libshutdown2.o(.ARM.Collect$$libshutdown$$00000003)
    __rt_lib_shutdown_user_alloc_1           0x08040217   Thumb Code     0  libshutdown2.o(.ARM.Collect$$libshutdown$$0000000B)
    __rt_entry                               0x08040219   Thumb Code     0  __rtentry.o(.ARM.Collect$$rtentry$$00000000)
    __rt_entry_presh_1                       0x08040219   Thumb Code     0  __rtentry2.o(.ARM.Collect$$rtentry$$00000002)
    __rt_entry_sh                            0x08040219   Thumb Code     0  __rtentry4.o(.ARM.Collect$$rtentry$$00000004)
    __rt_entry_li                            0x0804021f   Thumb Code     0  __rtentry2.o(.ARM.Collect$$rtentry$$0000000A)
    __rt_entry_postsh_1                      0x0804021f   Thumb Code     0  __rtentry2.o(.ARM.Collect$$rtentry$$00000009)
    __rt_entry_main                          0x08040223   Thumb Code     0  __rtentry2.o(.ARM.Collect$$rtentry$$0000000D)
    __rt_entry_postli_1                      0x08040223   Thumb Code     0  __rtentry2.o(.ARM.Collect$$rtentry$$0000000C)
    __rt_exit                                0x0804022b   Thumb Code     0  rtexit.o(.ARM.Collect$$rtexit$$00000000)
    __rt_exit_ls                             0x0804022d   Thumb Code     0  rtexit2.o(.ARM.Collect$$rtexit$$00000003)
    __rt_exit_prels_1                        0x0804022d   Thumb Code     0  rtexit2.o(.ARM.Collect$$rtexit$$00000002)
    __rt_exit_exit                           0x08040231   Thumb Code     0  rtexit2.o(.ARM.Collect$$rtexit$$00000004)
    WFI_SET                                  0x08040239   Thumb Code     2  sys.o(.emb_text)
    INTX_DISABLE                             0x0804023b   Thumb Code     4  sys.o(.emb_text)
    INTX_ENABLE                              0x0804023f   Thumb Code     4  sys.o(.emb_text)
    MSR_MSP                                  0x08040243   Thumb Code     6  sys.o(.emb_text)
    Reset_Handler                            0x08040249   Thumb Code     8  startup_stm32f40_41xxx.o(.text)
    ADC_IRQHandler                           0x08040263   Thumb Code     0  startup_stm32f40_41xxx.o(.text)
    CAN1_RX0_IRQHandler                      0x08040263   Thumb Code     0  startup_stm32f40_41xxx.o(.text)
    CAN1_RX1_IRQHandler                      0x08040263   Thumb Code     0  startup_stm32f40_41xxx.o(.text)
    CAN1_SCE_IRQHandler                      0x08040263   Thumb Code     0  startup_stm32f40_41xxx.o(.text)
    CAN1_TX_IRQHandler                       0x08040263   Thumb Code     0  startup_stm32f40_41xxx.o(.text)
    CAN2_RX0_IRQHandler                      0x08040263   Thumb Code     0  startup_stm32f40_41xxx.o(.text)
    CAN2_RX1_IRQHandler                      0x08040263   Thumb Code     0  startup_stm32f40_41xxx.o(.text)
    CAN2_SCE_IRQHandler                      0x08040263   Thumb Code     0  startup_stm32f40_41xxx.o(.text)
    CAN2_TX_IRQHandler                       0x08040263   Thumb Code     0  startup_stm32f40_41xxx.o(.text)
    CRYP_IRQHandler                          0x08040263   Thumb Code     0  startup_stm32f40_41xxx.o(.text)
    DCMI_IRQHandler                          0x08040263   Thumb Code     0  startup_stm32f40_41xxx.o(.text)
    DMA1_Stream0_IRQHandler                  0x08040263   Thumb Code     0  startup_stm32f40_41xxx.o(.text)
    DMA1_Stream1_IRQHandler                  0x08040263   Thumb Code     0  startup_stm32f40_41xxx.o(.text)
    DMA1_Stream2_IRQHandler                  0x08040263   Thumb Code     0  startup_stm32f40_41xxx.o(.text)
    DMA1_Stream3_IRQHandler                  0x08040263   Thumb Code     0  startup_stm32f40_41xxx.o(.text)
    DMA1_Stream4_IRQHandler                  0x08040263   Thumb Code     0  startup_stm32f40_41xxx.o(.text)
    DMA1_Stream5_IRQHandler                  0x08040263   Thumb Code     0  startup_stm32f40_41xxx.o(.text)
    DMA1_Stream6_IRQHandler                  0x08040263   Thumb Code     0  startup_stm32f40_41xxx.o(.text)
    DMA1_Stream7_IRQHandler                  0x08040263   Thumb Code     0  startup_stm32f40_41xxx.o(.text)
    DMA2_Stream0_IRQHandler                  0x08040263   Thumb Code     0  startup_stm32f40_41xxx.o(.text)
    DMA2_Stream1_IRQHandler                  0x08040263   Thumb Code     0  startup_stm32f40_41xxx.o(.text)
    DMA2_Stream2_IRQHandler                  0x08040263   Thumb Code     0  startup_stm32f40_41xxx.o(.text)
    DMA2_Stream3_IRQHandler                  0x08040263   Thumb Code     0  startup_stm32f40_41xxx.o(.text)
    DMA2_Stream4_IRQHandler                  0x08040263   Thumb Code     0  startup_stm32f40_41xxx.o(.text)
    DMA2_Stream5_IRQHandler                  0x08040263   Thumb Code     0  startup_stm32f40_41xxx.o(.text)
    DMA2_Stream6_IRQHandler                  0x08040263   Thumb Code     0  startup_stm32f40_41xxx.o(.text)
    DMA2_Stream7_IRQHandler                  0x08040263   Thumb Code     0  startup_stm32f40_41xxx.o(.text)
    ETH_IRQHandler                           0x08040263   Thumb Code     0  startup_stm32f40_41xxx.o(.text)
    ETH_WKUP_IRQHandler                      0x08040263   Thumb Code     0  startup_stm32f40_41xxx.o(.text)
    EXTI0_IRQHandler                         0x08040263   Thumb Code     0  startup_stm32f40_41xxx.o(.text)
    EXTI15_10_IRQHandler                     0x08040263   Thumb Code     0  startup_stm32f40_41xxx.o(.text)
    EXTI1_IRQHandler                         0x08040263   Thumb Code     0  startup_stm32f40_41xxx.o(.text)
    EXTI2_IRQHandler                         0x08040263   Thumb Code     0  startup_stm32f40_41xxx.o(.text)
    EXTI3_IRQHandler                         0x08040263   Thumb Code     0  startup_stm32f40_41xxx.o(.text)
    EXTI4_IRQHandler                         0x08040263   Thumb Code     0  startup_stm32f40_41xxx.o(.text)
    EXTI9_5_IRQHandler                       0x08040263   Thumb Code     0  startup_stm32f40_41xxx.o(.text)
    FLASH_IRQHandler                         0x08040263   Thumb Code     0  startup_stm32f40_41xxx.o(.text)
    FPU_IRQHandler                           0x08040263   Thumb Code     0  startup_stm32f40_41xxx.o(.text)
    FSMC_IRQHandler                          0x08040263   Thumb Code     0  startup_stm32f40_41xxx.o(.text)
    HASH_RNG_IRQHandler                      0x08040263   Thumb Code     0  startup_stm32f40_41xxx.o(.text)
    I2C1_ER_IRQHandler                       0x08040263   Thumb Code     0  startup_stm32f40_41xxx.o(.text)
    I2C1_EV_IRQHandler                       0x08040263   Thumb Code     0  startup_stm32f40_41xxx.o(.text)
    I2C2_ER_IRQHandler                       0x08040263   Thumb Code     0  startup_stm32f40_41xxx.o(.text)
    I2C2_EV_IRQHandler                       0x08040263   Thumb Code     0  startup_stm32f40_41xxx.o(.text)
    I2C3_ER_IRQHandler                       0x08040263   Thumb Code     0  startup_stm32f40_41xxx.o(.text)
    I2C3_EV_IRQHandler                       0x08040263   Thumb Code     0  startup_stm32f40_41xxx.o(.text)
    OTG_FS_IRQHandler                        0x08040263   Thumb Code     0  startup_stm32f40_41xxx.o(.text)
    OTG_FS_WKUP_IRQHandler                   0x08040263   Thumb Code     0  startup_stm32f40_41xxx.o(.text)
    OTG_HS_EP1_IN_IRQHandler                 0x08040263   Thumb Code     0  startup_stm32f40_41xxx.o(.text)
    OTG_HS_EP1_OUT_IRQHandler                0x08040263   Thumb Code     0  startup_stm32f40_41xxx.o(.text)
    OTG_HS_IRQHandler                        0x08040263   Thumb Code     0  startup_stm32f40_41xxx.o(.text)
    OTG_HS_WKUP_IRQHandler                   0x08040263   Thumb Code     0  startup_stm32f40_41xxx.o(.text)
    PVD_IRQHandler                           0x08040263   Thumb Code     0  startup_stm32f40_41xxx.o(.text)
    RCC_IRQHandler                           0x08040263   Thumb Code     0  startup_stm32f40_41xxx.o(.text)
    RTC_Alarm_IRQHandler                     0x08040263   Thumb Code     0  startup_stm32f40_41xxx.o(.text)
    RTC_WKUP_IRQHandler                      0x08040263   Thumb Code     0  startup_stm32f40_41xxx.o(.text)
    SDIO_IRQHandler                          0x08040263   Thumb Code     0  startup_stm32f40_41xxx.o(.text)
    SPI1_IRQHandler                          0x08040263   Thumb Code     0  startup_stm32f40_41xxx.o(.text)
    SPI2_IRQHandler                          0x08040263   Thumb Code     0  startup_stm32f40_41xxx.o(.text)
    SPI3_IRQHandler                          0x08040263   Thumb Code     0  startup_stm32f40_41xxx.o(.text)
    TAMP_STAMP_IRQHandler                    0x08040263   Thumb Code     0  startup_stm32f40_41xxx.o(.text)
    TIM1_BRK_TIM9_IRQHandler                 0x08040263   Thumb Code     0  startup_stm32f40_41xxx.o(.text)
    TIM1_CC_IRQHandler                       0x08040263   Thumb Code     0  startup_stm32f40_41xxx.o(.text)
    TIM1_TRG_COM_TIM11_IRQHandler            0x08040263   Thumb Code     0  startup_stm32f40_41xxx.o(.text)
    TIM1_UP_TIM10_IRQHandler                 0x08040263   Thumb Code     0  startup_stm32f40_41xxx.o(.text)
    TIM2_IRQHandler                          0x08040263   Thumb Code     0  startup_stm32f40_41xxx.o(.text)
    TIM3_IRQHandler                          0x08040263   Thumb Code     0  startup_stm32f40_41xxx.o(.text)
    TIM4_IRQHandler                          0x08040263   Thumb Code     0  startup_stm32f40_41xxx.o(.text)
    TIM5_IRQHandler                          0x08040263   Thumb Code     0  startup_stm32f40_41xxx.o(.text)
    TIM6_DAC_IRQHandler                      0x08040263   Thumb Code     0  startup_stm32f40_41xxx.o(.text)
    TIM7_IRQHandler                          0x08040263   Thumb Code     0  startup_stm32f40_41xxx.o(.text)
    TIM8_BRK_TIM12_IRQHandler                0x08040263   Thumb Code     0  startup_stm32f40_41xxx.o(.text)
    TIM8_CC_IRQHandler                       0x08040263   Thumb Code     0  startup_stm32f40_41xxx.o(.text)
    TIM8_TRG_COM_TIM14_IRQHandler            0x08040263   Thumb Code     0  startup_stm32f40_41xxx.o(.text)
    TIM8_UP_TIM13_IRQHandler                 0x08040263   Thumb Code     0  startup_stm32f40_41xxx.o(.text)
    UART4_IRQHandler                         0x08040263   Thumb Code     0  startup_stm32f40_41xxx.o(.text)
    UART5_IRQHandler                         0x08040263   Thumb Code     0  startup_stm32f40_41xxx.o(.text)
    USART2_IRQHandler                        0x08040263   Thumb Code     0  startup_stm32f40_41xxx.o(.text)
    USART3_IRQHandler                        0x08040263   Thumb Code     0  startup_stm32f40_41xxx.o(.text)
    USART6_IRQHandler                        0x08040263   Thumb Code     0  startup_stm32f40_41xxx.o(.text)
    WWDG_IRQHandler                          0x08040263   Thumb Code     0  startup_stm32f40_41xxx.o(.text)
    __user_initial_stackheap                 0x08040265   Thumb Code     0  startup_stm32f40_41xxx.o(.text)
    __use_no_semihosting                     0x08040285   Thumb Code     2  use_no_semi_2.o(.text)
    __2printf                                0x08040289   Thumb Code    20  noretval__2printf.o(.text)
    __printf                                 0x080402a1   Thumb Code   104  __printf.o(.text)
    _printf_int_dec                          0x08040309   Thumb Code   104  _printf_dec.o(.text)
    _printf_int_hex                          0x08040381   Thumb Code    84  _printf_hex_int.o(.text)
    _printf_longlong_hex                     0x08040381   Thumb Code     0  _printf_hex_int.o(.text)
    __use_two_region_memory                  0x080403d9   Thumb Code     2  heapauxi.o(.text)
    __rt_heap_escrow$2region                 0x080403db   Thumb Code     2  heapauxi.o(.text)
    __rt_heap_expand$2region                 0x080403dd   Thumb Code     2  heapauxi.o(.text)
    __I$use$semihosting                      0x080403df   Thumb Code     0  use_no_semi.o(.text)
    __use_no_semihosting_swi                 0x080403df   Thumb Code     2  use_no_semi.o(.text)
    _printf_int_common                       0x080403e1   Thumb Code   178  _printf_intcommon.o(.text)
    _printf_char_file                        0x08040495   Thumb Code    32  _printf_char_file.o(.text)
    _printf_char_common                      0x080404c3   Thumb Code    32  _printf_char_common.o(.text)
    ferror                                   0x080404e9   Thumb Code     8  ferror.o(.text)
    __user_setup_stackheap                   0x080404f1   Thumb Code    74  sys_stackheap_outer.o(.text)
    exit                                     0x0804053b   Thumb Code    12  exit.o(.text)
    __user_libspace                          0x08040549   Thumb Code     8  libspace.o(.text)
    __user_perproc_libspace                  0x08040549   Thumb Code     0  libspace.o(.text)
    __user_perthread_libspace                0x08040549   Thumb Code     0  libspace.o(.text)
    BusFault_Handler                         0x08040551   Thumb Code     4  stm32f4xx_it.o(i.BusFault_Handler)
    DebugMon_Handler                         0x08040555   Thumb Code     2  stm32f4xx_it.o(i.DebugMon_Handler)
    FLASH_DataCacheCmd                       0x08040559   Thumb Code    30  stm32f4xx_flash.o(i.FLASH_DataCacheCmd)
    FLASH_EraseSector                        0x0804057d   Thumb Code   130  stm32f4xx_flash.o(i.FLASH_EraseSector)
    FLASH_GetStatus                          0x08040605   Thumb Code    80  stm32f4xx_flash.o(i.FLASH_GetStatus)
    FLASH_Lock                               0x08040659   Thumb Code    14  stm32f4xx_flash.o(i.FLASH_Lock)
    FLASH_ProgramWord                        0x0804066d   Thumb Code    74  stm32f4xx_flash.o(i.FLASH_ProgramWord)
    FLASH_Unlock                             0x080406bd   Thumb Code    24  stm32f4xx_flash.o(i.FLASH_Unlock)
    FLASH_WaitForLastOperation               0x080406e1   Thumb Code    34  stm32f4xx_flash.o(i.FLASH_WaitForLastOperation)
    FSMC_NORSRAMCmd                          0x08040705   Thumb Code    46  stm32f4xx_fsmc.o(i.FSMC_NORSRAMCmd)
    FSMC_NORSRAMInit                         0x08040739   Thumb Code   230  stm32f4xx_fsmc.o(i.FSMC_NORSRAMInit)
    GPIO_Init                                0x0804081f   Thumb Code   144  stm32f4xx_gpio.o(i.GPIO_Init)
    GPIO_PinAFConfig                         0x080408af   Thumb Code    70  stm32f4xx_gpio.o(i.GPIO_PinAFConfig)
    GPIO_ReadInputDataBit                    0x080408f5   Thumb Code    18  stm32f4xx_gpio.o(i.GPIO_ReadInputDataBit)
    GPIO_SetBits                             0x08040907   Thumb Code     4  stm32f4xx_gpio.o(i.GPIO_SetBits)
    HardFault_Handler                        0x0804090b   Thumb Code     4  stm32f4xx_it.o(i.HardFault_Handler)
    KEY_Init                                 0x08040911   Thumb Code    60  key.o(i.KEY_Init)
    KEY_Scan                                 0x08040955   Thumb Code   188  key.o(i.KEY_Scan)
    LCD_Clear                                0x08040a1d   Thumb Code   100  lcd.o(i.LCD_Clear)
    LCD_Display_Dir                          0x08040a89   Thumb Code   444  lcd.o(i.LCD_Display_Dir)
    LCD_Fast_DrawPoint                       0x08040c49   Thumb Code   374  lcd.o(i.LCD_Fast_DrawPoint)
    LCD_Fill                                 0x08040dc9   Thumb Code   180  lcd.o(i.LCD_Fill)
    LCD_Init                                 0x08040e81   Thumb Code 14696  lcd.o(i.LCD_Init)
    LCD_RD_DATA                              0x080447f1   Thumb Code    14  lcd.o(i.LCD_RD_DATA)
    LCD_ReadReg                              0x08044805   Thumb Code    22  lcd.o(i.LCD_ReadReg)
    LCD_SSD_BackLightSet                     0x0804481d   Thumb Code    88  lcd.o(i.LCD_SSD_BackLightSet)
    LCD_Scan_Dir                             0x0804487d   Thumb Code   744  lcd.o(i.LCD_Scan_Dir)
    LCD_SetCursor                            0x08044b69   Thumb Code   418  lcd.o(i.LCD_SetCursor)
    LCD_ShowChar                             0x08044d11   Thumb Code   272  lcd.o(i.LCD_ShowChar)
    LCD_ShowString                           0x08044e39   Thumb Code   102  lcd.o(i.LCD_ShowString)
    LCD_WR_DATA                              0x08044ea1   Thumb Code    18  lcd.o(i.LCD_WR_DATA)
    LCD_WR_REG                               0x08044eb9   Thumb Code    18  lcd.o(i.LCD_WR_REG)
    LCD_WriteRAM_Prepare                     0x08044ed1   Thumb Code    10  lcd.o(i.LCD_WriteRAM_Prepare)
    LCD_WriteReg                             0x08044ee5   Thumb Code    14  lcd.o(i.LCD_WriteReg)
    LED_Init                                 0x08044ef9   Thumb Code    60  led.o(i.LED_Init)
    MemManage_Handler                        0x08044f39   Thumb Code     4  stm32f4xx_it.o(i.MemManage_Handler)
    NMI_Handler                              0x08044f3d   Thumb Code     2  stm32f4xx_it.o(i.NMI_Handler)
    NVIC_Init                                0x08044f41   Thumb Code   106  misc.o(i.NVIC_Init)
    NVIC_PriorityGroupConfig                 0x08044fb9   Thumb Code    10  misc.o(i.NVIC_PriorityGroupConfig)
    PendSV_Handler                           0x08044fcd   Thumb Code     2  stm32f4xx_it.o(i.PendSV_Handler)
    RCC_AHB1PeriphClockCmd                   0x08044fd1   Thumb Code    26  stm32f4xx_rcc.o(i.RCC_AHB1PeriphClockCmd)
    RCC_AHB3PeriphClockCmd                   0x08044ff1   Thumb Code    26  stm32f4xx_rcc.o(i.RCC_AHB3PeriphClockCmd)
    RCC_APB2PeriphClockCmd                   0x08045011   Thumb Code    26  stm32f4xx_rcc.o(i.RCC_APB2PeriphClockCmd)
    RCC_GetClocksFreq                        0x08045031   Thumb Code   214  stm32f4xx_rcc.o(i.RCC_GetClocksFreq)
    STMFLASH_GetFlashSector                  0x08045119   Thumb Code   116  stmflash.o(i.STMFLASH_GetFlashSector)
    STMFLASH_ReadWord                        0x080451b9   Thumb Code     6  stmflash.o(i.STMFLASH_ReadWord)
    STMFLASH_Write                           0x080451c1   Thumb Code   146  stmflash.o(i.STMFLASH_Write)
    SVC_Handler                              0x08045259   Thumb Code     2  stm32f4xx_it.o(i.SVC_Handler)
    SysTick_CLKSourceConfig                  0x08045349   Thumb Code    40  misc.o(i.SysTick_CLKSourceConfig)
    SysTick_Handler                          0x08045371   Thumb Code     2  stm32f4xx_it.o(i.SysTick_Handler)
    SystemInit                               0x08045375   Thumb Code    88  system_stm32f4xx.o(i.SystemInit)
    USART1_IRQHandler                        0x080453dd   Thumb Code    52  usart.o(i.USART1_IRQHandler)
    USART_Cmd                                0x0804541d   Thumb Code    24  stm32f4xx_usart.o(i.USART_Cmd)
    USART_GetITStatus                        0x08045435   Thumb Code    84  stm32f4xx_usart.o(i.USART_GetITStatus)
    USART_ITConfig                           0x08045489   Thumb Code    74  stm32f4xx_usart.o(i.USART_ITConfig)
    USART_Init                               0x080454d5   Thumb Code   204  stm32f4xx_usart.o(i.USART_Init)
    USART_ReceiveData                        0x080455a9   Thumb Code    10  stm32f4xx_usart.o(i.USART_ReceiveData)
    UsageFault_Handler                       0x080455b3   Thumb Code     4  stm32f4xx_it.o(i.UsageFault_Handler)
    _sys_exit                                0x080455b7   Thumb Code     4  usart.o(i._sys_exit)
    delay_init                               0x080455bd   Thumb Code    52  delay.o(i.delay_init)
    delay_ms                                 0x080455f9   Thumb Code    56  delay.o(i.delay_ms)
    delay_us                                 0x08045631   Thumb Code    72  delay.o(i.delay_us)
    delay_xms                                0x0804567d   Thumb Code    72  delay.o(i.delay_xms)
    fputc                                    0x080456c9   Thumb Code    22  usart.o(i.fputc)
    iap_load_app                             0x080456e5   Thumb Code    36  iap.o(i.iap_load_app)
    iap_write_appbin                         0x08045711   Thumb Code   100  iap.o(i.iap_write_appbin)
    main                                     0x08045779   Thumb Code   664  main.o(i.main)
    uart_init                                0x08045c55   Thumb Code   164  usart.o(i.uart_init)
    __aeabi_d2uiz                            0x08045d01   Thumb Code     0  dfixu.o(x$fpl$dfixu)
    _dfixu                                   0x08045d01   Thumb Code    90  dfixu.o(x$fpl$dfixu)
    __aeabi_ui2d                             0x08045d5b   Thumb Code     0  dflt_clz.o(x$fpl$dfltu)
    _dfltu                                   0x08045d5b   Thumb Code    38  dflt_clz.o(x$fpl$dfltu)
    __aeabi_dmul                             0x08045d81   Thumb Code     0  dmul.o(x$fpl$dmul)
    _dmul                                    0x08045d81   Thumb Code   332  dmul.o(x$fpl$dmul)
    __fpl_dnaninf                            0x08045ed5   Thumb Code   156  dnaninf.o(x$fpl$dnaninf)
    __fpl_dretinf                            0x08045f71   Thumb Code    12  dretinf.o(x$fpl$dretinf)
    _fp_init                                 0x08045f7d   Thumb Code    10  fpinit.o(x$fpl$fpinit)
    __fplib_config_fpu_vfp                   0x08045f85   Thumb Code     0  fpinit.o(x$fpl$fpinit)
    __fplib_config_pureend_doubles           0x08045f85   Thumb Code     0  fpinit.o(x$fpl$fpinit)
    __I$use$fp                               0x08045f86   Number         0  usenofp.o(x$fpl$usenofp)
    asc2_1206                                0x08045f86   Data        1140  lcd.o(.constdata)
    asc2_1608                                0x080463fa   Data        1520  lcd.o(.constdata)
    asc2_2412                                0x080469ea   Data        3420  lcd.o(.constdata)
    Region$$Table$$Base                      0x08047770   Number         0  anon$$obj.o(Region$$Table)
    Region$$Table$$Limit                     0x08047790   Number         0  anon$$obj.o(Region$$Table)
    POINT_COLOR                              0x20000002   Data           2  lcd.o(.data)
    BACK_COLOR                               0x20000004   Data           2  lcd.o(.data)
    __stdout                                 0x2000000c   Data           4  usart.o(.data)
    USART_RX_STA                             0x20000010   Data           2  usart.o(.data)
    USART_RX_CNT                             0x20000014   Data           4  usart.o(.data)
    jump2app                                 0x20000028   Data           4  iap.o(.data)
    lcddev                                   0x2000002c   Data          14  lcd.o(.bss)
    iapbuf                                   0x2000003c   Data        2048  iap.o(.bss)
    __libspace_start                         0x2000083c   Data          96  libspace.o(.bss)
    __temporary_stack_top$libspace           0x2000089c   Data           0  libspace.o(.bss)
    USART_RX_BUF                             0x20001000   Data       122880  usart.o(.ARM.__AT_0x20001000)



==============================================================================

Memory Map of the image

  Image Entry point : 0x08040189

  Load Region LR_IROM1 (Base: 0x08040000, Size: 0x000077bc, Max: 0x00100000, ABSOLUTE)

    Execution Region ER_IROM1 (Base: 0x08040000, Size: 0x00007790, Max: 0x00100000, ABSOLUTE)

    Base Addr    Size         Type   Attr      Idx    E Section Name        Object

    0x08040000   0x00000188   Data   RO          708    RESET               startup_stm32f40_41xxx.o
    0x08040188   0x00000008   Code   RO         1906  * !!!main             c_w.l(__main.o)
    0x08040190   0x00000034   Code   RO         2090    !!!scatter          c_w.l(__scatter.o)
    0x080401c4   0x0000001a   Code   RO         2092    !!handler_copy      c_w.l(__scatter_copy.o)
    0x080401de   0x00000002   PAD
    0x080401e0   0x0000001c   Code   RO         2094    !!handler_zi        c_w.l(__scatter_zi.o)
    0x080401fc   0x00000000   Code   RO         1903    .ARM.Collect$$_printf_percent$$00000000  c_w.l(_printf_percent.o)
    0x080401fc   0x00000006   Code   RO         1902    .ARM.Collect$$_printf_percent$$00000009  c_w.l(_printf_d.o)
    0x08040202   0x00000006   Code   RO         1901    .ARM.Collect$$_printf_percent$$0000000C  c_w.l(_printf_x.o)
    0x08040208   0x00000004   Code   RO         1927    .ARM.Collect$$_printf_percent$$00000017  c_w.l(_printf_percent_end.o)
    0x0804020c   0x00000002   Code   RO         1965    .ARM.Collect$$libinit$$00000000  c_w.l(libinit.o)
    0x0804020e   0x00000004   Code   RO         1971    .ARM.Collect$$libinit$$00000001  c_w.l(libinit2.o)
    0x08040212   0x00000000   Code   RO         1974    .ARM.Collect$$libinit$$00000004  c_w.l(libinit2.o)
    0x08040212   0x00000000   Code   RO         1977    .ARM.Collect$$libinit$$0000000A  c_w.l(libinit2.o)
    0x08040212   0x00000000   Code   RO         1979    .ARM.Collect$$libinit$$0000000C  c_w.l(libinit2.o)
    0x08040212   0x00000000   Code   RO         1981    .ARM.Collect$$libinit$$0000000E  c_w.l(libinit2.o)
    0x08040212   0x00000000   Code   RO         1984    .ARM.Collect$$libinit$$00000011  c_w.l(libinit2.o)
    0x08040212   0x00000000   Code   RO         1986    .ARM.Collect$$libinit$$00000013  c_w.l(libinit2.o)
    0x08040212   0x00000000   Code   RO         1988    .ARM.Collect$$libinit$$00000015  c_w.l(libinit2.o)
    0x08040212   0x00000000   Code   RO         1990    .ARM.Collect$$libinit$$00000017  c_w.l(libinit2.o)
    0x08040212   0x00000000   Code   RO         1992    .ARM.Collect$$libinit$$00000019  c_w.l(libinit2.o)
    0x08040212   0x00000000   Code   RO         1994    .ARM.Collect$$libinit$$0000001B  c_w.l(libinit2.o)
    0x08040212   0x00000000   Code   RO         1996    .ARM.Collect$$libinit$$0000001D  c_w.l(libinit2.o)
    0x08040212   0x00000000   Code   RO         1998    .ARM.Collect$$libinit$$0000001F  c_w.l(libinit2.o)
    0x08040212   0x00000000   Code   RO         2000    .ARM.Collect$$libinit$$00000021  c_w.l(libinit2.o)
    0x08040212   0x00000000   Code   RO         2002    .ARM.Collect$$libinit$$00000023  c_w.l(libinit2.o)
    0x08040212   0x00000000   Code   RO         2004    .ARM.Collect$$libinit$$00000025  c_w.l(libinit2.o)
    0x08040212   0x00000000   Code   RO         2008    .ARM.Collect$$libinit$$0000002C  c_w.l(libinit2.o)
    0x08040212   0x00000000   Code   RO         2010    .ARM.Collect$$libinit$$0000002E  c_w.l(libinit2.o)
    0x08040212   0x00000000   Code   RO         2012    .ARM.Collect$$libinit$$00000030  c_w.l(libinit2.o)
    0x08040212   0x00000000   Code   RO         2014    .ARM.Collect$$libinit$$00000032  c_w.l(libinit2.o)
    0x08040212   0x00000002   Code   RO         2015    .ARM.Collect$$libinit$$00000033  c_w.l(libinit2.o)
    0x08040214   0x00000002   Code   RO         2033    .ARM.Collect$$libshutdown$$00000000  c_w.l(libshutdown.o)
    0x08040216   0x00000000   Code   RO         2044    .ARM.Collect$$libshutdown$$00000003  c_w.l(libshutdown2.o)
    0x08040216   0x00000000   Code   RO         2047    .ARM.Collect$$libshutdown$$00000006  c_w.l(libshutdown2.o)
    0x08040216   0x00000000   Code   RO         2050    .ARM.Collect$$libshutdown$$00000009  c_w.l(libshutdown2.o)
    0x08040216   0x00000000   Code   RO         2052    .ARM.Collect$$libshutdown$$0000000B  c_w.l(libshutdown2.o)
    0x08040216   0x00000000   Code   RO         2055    .ARM.Collect$$libshutdown$$0000000E  c_w.l(libshutdown2.o)
    0x08040216   0x00000002   Code   RO         2056    .ARM.Collect$$libshutdown$$0000000F  c_w.l(libshutdown2.o)
    0x08040218   0x00000000   Code   RO         1922    .ARM.Collect$$rtentry$$00000000  c_w.l(__rtentry.o)
    0x08040218   0x00000000   Code   RO         1934    .ARM.Collect$$rtentry$$00000002  c_w.l(__rtentry2.o)
    0x08040218   0x00000006   Code   RO         1946    .ARM.Collect$$rtentry$$00000004  c_w.l(__rtentry4.o)
    0x0804021e   0x00000000   Code   RO         1936    .ARM.Collect$$rtentry$$00000009  c_w.l(__rtentry2.o)
    0x0804021e   0x00000004   Code   RO         1937    .ARM.Collect$$rtentry$$0000000A  c_w.l(__rtentry2.o)
    0x08040222   0x00000000   Code   RO         1939    .ARM.Collect$$rtentry$$0000000C  c_w.l(__rtentry2.o)
    0x08040222   0x00000008   Code   RO         1940    .ARM.Collect$$rtentry$$0000000D  c_w.l(__rtentry2.o)
    0x0804022a   0x00000002   Code   RO         1969    .ARM.Collect$$rtexit$$00000000  c_w.l(rtexit.o)
    0x0804022c   0x00000000   Code   RO         2017    .ARM.Collect$$rtexit$$00000002  c_w.l(rtexit2.o)
    0x0804022c   0x00000004   Code   RO         2018    .ARM.Collect$$rtexit$$00000003  c_w.l(rtexit2.o)
    0x08040230   0x00000006   Code   RO         2019    .ARM.Collect$$rtexit$$00000004  c_w.l(rtexit2.o)
    0x08040236   0x00000002   PAD
    0x08040238   0x00000010   Code   RO          641    .emb_text           sys.o
    0x08040248   0x0000003c   Code   RO          709    .text               startup_stm32f40_41xxx.o
    0x08040284   0x00000002   Code   RO         1850    .text               c_w.l(use_no_semi_2.o)
    0x08040286   0x00000002   PAD
    0x08040288   0x00000018   Code   RO         1854    .text               c_w.l(noretval__2printf.o)
    0x080402a0   0x00000068   Code   RO         1856    .text               c_w.l(__printf.o)
    0x08040308   0x00000078   Code   RO         1858    .text               c_w.l(_printf_dec.o)
    0x08040380   0x00000058   Code   RO         1863    .text               c_w.l(_printf_hex_int.o)
    0x080403d8   0x00000006   Code   RO         1904    .text               c_w.l(heapauxi.o)
    0x080403de   0x00000002   Code   RO         1920    .text               c_w.l(use_no_semi.o)
    0x080403e0   0x000000b2   Code   RO         1923    .text               c_w.l(_printf_intcommon.o)
    0x08040492   0x00000002   PAD
    0x08040494   0x00000024   Code   RO         1925    .text               c_w.l(_printf_char_file.o)
    0x080404b8   0x00000030   Code   RO         1948    .text               c_w.l(_printf_char_common.o)
    0x080404e8   0x00000008   Code   RO         1950    .text               c_w.l(ferror.o)
    0x080404f0   0x0000004a   Code   RO         1954    .text               c_w.l(sys_stackheap_outer.o)
    0x0804053a   0x0000000c   Code   RO         1958    .text               c_w.l(exit.o)
    0x08040546   0x00000002   PAD
    0x08040548   0x00000008   Code   RO         1966    .text               c_w.l(libspace.o)
    0x08040550   0x00000004   Code   RO          164    i.BusFault_Handler  stm32f4xx_it.o
    0x08040554   0x00000002   Code   RO          165    i.DebugMon_Handler  stm32f4xx_it.o
    0x08040556   0x00000002   PAD
    0x08040558   0x00000024   Code   RO         1567    i.FLASH_DataCacheCmd  stm32f4xx_flash.o
    0x0804057c   0x00000088   Code   RO         1572    i.FLASH_EraseSector  stm32f4xx_flash.o
    0x08040604   0x00000054   Code   RO         1574    i.FLASH_GetStatus   stm32f4xx_flash.o
    0x08040658   0x00000014   Code   RO         1578    i.FLASH_Lock        stm32f4xx_flash.o
    0x0804066c   0x00000050   Code   RO         1602    i.FLASH_ProgramWord  stm32f4xx_flash.o
    0x080406bc   0x00000024   Code   RO         1604    i.FLASH_Unlock      stm32f4xx_flash.o
    0x080406e0   0x00000022   Code   RO         1605    i.FLASH_WaitForLastOperation  stm32f4xx_flash.o
    0x08040702   0x00000002   PAD
    0x08040704   0x00000034   Code   RO          868    i.FSMC_NORSRAMCmd   stm32f4xx_fsmc.o
    0x08040738   0x000000e6   Code   RO          870    i.FSMC_NORSRAMInit  stm32f4xx_fsmc.o
    0x0804081e   0x00000090   Code   RO          760    i.GPIO_Init         stm32f4xx_gpio.o
    0x080408ae   0x00000046   Code   RO          761    i.GPIO_PinAFConfig  stm32f4xx_gpio.o
    0x080408f4   0x00000012   Code   RO          764    i.GPIO_ReadInputDataBit  stm32f4xx_gpio.o
    0x08040906   0x00000004   Code   RO          768    i.GPIO_SetBits      stm32f4xx_gpio.o
    0x0804090a   0x00000004   Code   RO          166    i.HardFault_Handler  stm32f4xx_it.o
    0x0804090e   0x00000002   PAD
    0x08040910   0x00000044   Code   RO          318    i.KEY_Init          key.o
    0x08040954   0x000000c8   Code   RO          319    i.KEY_Scan          key.o
    0x08040a1c   0x0000006c   Code   RO          346    i.LCD_Clear         lcd.o
    0x08040a88   0x000001c0   Code   RO          350    i.LCD_Display_Dir   lcd.o
    0x08040c48   0x00000180   Code   RO          355    i.LCD_Fast_DrawPoint  lcd.o
    0x08040dc8   0x000000b8   Code   RO          356    i.LCD_Fill          lcd.o
    0x08040e80   0x00003970   Code   RO          357    i.LCD_Init          lcd.o
    0x080447f0   0x00000014   Code   RO          359    i.LCD_RD_DATA       lcd.o
    0x08044804   0x00000016   Code   RO          361    i.LCD_ReadReg       lcd.o
    0x0804481a   0x00000002   PAD
    0x0804481c   0x00000060   Code   RO          362    i.LCD_SSD_BackLightSet  lcd.o
    0x0804487c   0x000002ec   Code   RO          363    i.LCD_Scan_Dir      lcd.o
    0x08044b68   0x000001a8   Code   RO          364    i.LCD_SetCursor     lcd.o
    0x08044d10   0x00000128   Code   RO          366    i.LCD_ShowChar      lcd.o
    0x08044e38   0x00000066   Code   RO          368    i.LCD_ShowString    lcd.o
    0x08044e9e   0x00000002   PAD
    0x08044ea0   0x00000018   Code   RO          370    i.LCD_WR_DATA       lcd.o
    0x08044eb8   0x00000018   Code   RO          371    i.LCD_WR_REG        lcd.o
    0x08044ed0   0x00000014   Code   RO          373    i.LCD_WriteRAM_Prepare  lcd.o
    0x08044ee4   0x00000014   Code   RO          374    i.LCD_WriteReg      lcd.o
    0x08044ef8   0x00000040   Code   RO          298    i.LED_Init          led.o
    0x08044f38   0x00000004   Code   RO          167    i.MemManage_Handler  stm32f4xx_it.o
    0x08044f3c   0x00000002   Code   RO          168    i.NMI_Handler       stm32f4xx_it.o
    0x08044f3e   0x00000002   PAD
    0x08044f40   0x00000078   Code   RO          715    i.NVIC_Init         misc.o
    0x08044fb8   0x00000014   Code   RO          716    i.NVIC_PriorityGroupConfig  misc.o
    0x08044fcc   0x00000002   Code   RO          169    i.PendSV_Handler    stm32f4xx_it.o
    0x08044fce   0x00000002   PAD
    0x08044fd0   0x00000020   Code   RO          988    i.RCC_AHB1PeriphClockCmd  stm32f4xx_rcc.o
    0x08044ff0   0x00000020   Code   RO          994    i.RCC_AHB3PeriphClockCmd  stm32f4xx_rcc.o
    0x08045010   0x00000020   Code   RO         1000    i.RCC_APB2PeriphClockCmd  stm32f4xx_rcc.o
    0x08045030   0x000000e8   Code   RO         1009    i.RCC_GetClocksFreq  stm32f4xx_rcc.o
    0x08045118   0x000000a0   Code   RO          563    i.STMFLASH_GetFlashSector  stmflash.o
    0x080451b8   0x00000006   Code   RO          565    i.STMFLASH_ReadWord  stmflash.o
    0x080451be   0x00000002   PAD
    0x080451c0   0x00000098   Code   RO          566    i.STMFLASH_Write    stmflash.o
    0x08045258   0x00000002   Code   RO          170    i.SVC_Handler       stm32f4xx_it.o
    0x0804525a   0x00000002   PAD
    0x0804525c   0x000000ec   Code   RO          261    i.SetSysClock       system_stm32f4xx.o
    0x08045348   0x00000028   Code   RO          719    i.SysTick_CLKSourceConfig  misc.o
    0x08045370   0x00000002   Code   RO          171    i.SysTick_Handler   stm32f4xx_it.o
    0x08045372   0x00000002   PAD
    0x08045374   0x00000068   Code   RO          263    i.SystemInit        system_stm32f4xx.o
    0x080453dc   0x00000040   Code   RO          659    i.USART1_IRQHandler  usart.o
    0x0804541c   0x00000018   Code   RO         1382    i.USART_Cmd         stm32f4xx_usart.o
    0x08045434   0x00000054   Code   RO         1386    i.USART_GetITStatus  stm32f4xx_usart.o
    0x08045488   0x0000004a   Code   RO         1388    i.USART_ITConfig    stm32f4xx_usart.o
    0x080454d2   0x00000002   PAD
    0x080454d4   0x000000d4   Code   RO         1389    i.USART_Init        stm32f4xx_usart.o
    0x080455a8   0x0000000a   Code   RO         1396    i.USART_ReceiveData  stm32f4xx_usart.o
    0x080455b2   0x00000004   Code   RO          172    i.UsageFault_Handler  stm32f4xx_it.o
    0x080455b6   0x00000004   Code   RO          660    i._sys_exit         usart.o
    0x080455ba   0x00000002   PAD
    0x080455bc   0x0000003c   Code   RO          601    i.delay_init        delay.o
    0x080455f8   0x00000038   Code   RO          602    i.delay_ms          delay.o
    0x08045630   0x0000004c   Code   RO          603    i.delay_us          delay.o
    0x0804567c   0x0000004c   Code   RO          604    i.delay_xms         delay.o
    0x080456c8   0x0000001c   Code   RO          661    i.fputc             usart.o
    0x080456e4   0x0000002c   Code   RO         1820    i.iap_load_app      iap.o
    0x08045710   0x00000068   Code   RO         1821    i.iap_write_appbin  iap.o
    0x08045778   0x000004dc   Code   RO            3    i.main              main.o
    0x08045c54   0x000000ac   Code   RO          662    i.uart_init         usart.o
    0x08045d00   0x0000005a   Code   RO         1908    x$fpl$dfixu         fz_wm.l(dfixu.o)
    0x08045d5a   0x00000026   Code   RO         1912    x$fpl$dfltu         fz_wm.l(dflt_clz.o)
    0x08045d80   0x00000154   Code   RO         1918    x$fpl$dmul          fz_wm.l(dmul.o)
    0x08045ed4   0x0000009c   Code   RO         1928    x$fpl$dnaninf       fz_wm.l(dnaninf.o)
    0x08045f70   0x0000000c   Code   RO         1930    x$fpl$dretinf       fz_wm.l(dretinf.o)
    0x08045f7c   0x0000000a   Code   RO         2025    x$fpl$fpinit        fz_wm.l(fpinit.o)
    0x08045f86   0x00000000   Code   RO         1932    x$fpl$usenofp       fz_wm.l(usenofp.o)
    0x08045f86   0x000017c0   Data   RO          377    .constdata          lcd.o
    0x08047746   0x00000028   Data   RO         1864    .constdata          c_w.l(_printf_hex_int.o)
    0x0804776e   0x00000002   PAD
    0x08047770   0x00000020   Data   RO         2088    Region$$Table       anon$$obj.o


    Execution Region RW_IRAM1 (Base: 0x20000000, Size: 0x0001f000, Max: 0x00020000, ABSOLUTE)

    Base Addr    Size         Type   Attr      Idx    E Section Name        Object

    0x20000000   0x00000001   Data   RW            4    .data               main.o
    0x20000001   0x00000001   Data   RW          320    .data               key.o
    0x20000002   0x00000004   Data   RW          378    .data               lcd.o
    0x20000006   0x00000004   Data   RW          605    .data               delay.o
    0x2000000a   0x00000002   PAD
    0x2000000c   0x0000000c   Data   RW          664    .data               usart.o
    0x20000018   0x00000010   Data   RW         1041    .data               stm32f4xx_rcc.o
    0x20000028   0x00000004   Data   RW         1823    .data               iap.o
    0x2000002c   0x0000000e   Zero   RW          376    .bss                lcd.o
    0x2000003a   0x00000002   PAD
    0x2000003c   0x00000800   Zero   RW         1822    .bss                iap.o
    0x2000083c   0x00000060   Zero   RW         1967    .bss                c_w.l(libspace.o)
    0x2000089c   0x00000004   PAD
    0x200008a0   0x00000000   Zero   RW          707    HEAP                startup_stm32f40_41xxx.o
    0x200008a0   0x00000400   Zero   RW          706    STACK               startup_stm32f40_41xxx.o
    0x20000ca0   0x00000360   PAD
    0x20001000   0x0001e000   Zero   RW          663    .ARM.__AT_0x20001000  usart.o


==============================================================================

Image component sizes


      Code (inc. data)   RO Data    RW Data    ZI Data      Debug   Object Name

       268         16          0          4          0       2683   delay.o
       148         12          0          4       2048       2168   iap.o
       268         20          0          1          0       1326   key.o
     17624        210       6080          4         14      22694   lcd.o
        64          4          0          0          0        575   led.o
      1244        580          0          1          0     280391   main.o
       180         24          0          0          0       2241   misc.o
        60         22        392          0       1024        876   startup_stm32f40_41xxx.o
       426         40          0          0          0       4788   stm32f4xx_flash.o
       282          6          0          0          0       1945   stm32f4xx_fsmc.o
       236          0          0          0          0       3138   stm32f4xx_gpio.o
        26          0          0          0          0       4430   stm32f4xx_it.o
       328         36          0         16          0       4863   stm32f4xx_rcc.o
       404          8          0          0          0       4450   stm32f4xx_usart.o
       318         50          0          0          0       2691   stmflash.o
        16          0          0          0          0        532   sys.o
       340         32          0          0          0       1593   system_stm32f4xx.o
       268         26          0         12     122880       4481   usart.o

    ----------------------------------------------------------------------
     22524       1086       6504         44     126832     345865   Object Totals
         0          0         32          0          0          0   (incl. Generated)
        24          0          0          2        866          0   (incl. Padding)

    ----------------------------------------------------------------------

      Code (inc. data)   RO Data    RW Data    ZI Data      Debug   Library Member Name

         8          0          0          0          0         68   __main.o
       104          0          0          0          0         84   __printf.o
         0          0          0          0          0          0   __rtentry.o
        12          0          0          0          0          0   __rtentry2.o
         6          0          0          0          0          0   __rtentry4.o
        52          8          0          0          0          0   __scatter.o
        26          0          0          0          0          0   __scatter_copy.o
        28          0          0          0          0          0   __scatter_zi.o
        48          6          0          0          0         96   _printf_char_common.o
        36          4          0          0          0         80   _printf_char_file.o
         6          0          0          0          0          0   _printf_d.o
       120         16          0          0          0         92   _printf_dec.o
        88          4         40          0          0         88   _printf_hex_int.o
       178          0          0          0          0         88   _printf_intcommon.o
         0          0          0          0          0          0   _printf_percent.o
         4          0          0          0          0          0   _printf_percent_end.o
         6          0          0          0          0          0   _printf_x.o
        12          0          0          0          0         72   exit.o
         8          0          0          0          0         68   ferror.o
         6          0          0          0          0        152   heapauxi.o
         2          0          0          0          0          0   libinit.o
         6          0          0          0          0          0   libinit2.o
         2          0          0          0          0          0   libshutdown.o
         2          0          0          0          0          0   libshutdown2.o
         8          4          0          0         96         68   libspace.o
        24          4          0          0          0         84   noretval__2printf.o
         2          0          0          0          0          0   rtexit.o
        10          0          0          0          0          0   rtexit2.o
        74          0          0          0          0         80   sys_stackheap_outer.o
         2          0          0          0          0         68   use_no_semi.o
         2          0          0          0          0         68   use_no_semi_2.o
        90          4          0          0          0        140   dfixu.o
        38          0          0          0          0        116   dflt_clz.o
       340         12          0          0          0        152   dmul.o
       156          4          0          0          0        140   dnaninf.o
        12          0          0          0          0        116   dretinf.o
        10          0          0          0          0        116   fpinit.o
         0          0          0          0          0          0   usenofp.o

    ----------------------------------------------------------------------
      1538         66         42          0        100       2036   Library Totals
        10          0          2          0          4          0   (incl. Padding)

    ----------------------------------------------------------------------

      Code (inc. data)   RO Data    RW Data    ZI Data      Debug   Library Name

       882         46         40          0         96       1256   c_w.l
       646         20          0          0          0        780   fz_wm.l

    ----------------------------------------------------------------------
      1538         66         42          0        100       2036   Library Totals

    ----------------------------------------------------------------------

==============================================================================


      Code (inc. data)   RO Data    RW Data    ZI Data      Debug   

     24062       1152       6546         44     126932     340629   Grand Totals
     24062       1152       6546         44     126932     340629   ELF Image Totals
     24062       1152       6546         44          0          0   ROM Totals

==============================================================================

    Total RO  Size (Code + RO Data)                30608 (  29.89kB)
    Total RW  Size (RW Data + ZI Data)            126976 ( 124.00kB)
    Total ROM Size (Code + RO Data + RW Data)      30652 (  29.93kB)

==============================================================================

